0 verbose cli /data/data/com.termux/files/usr/bin/node /data/data/com.termux/files/usr/bin/npm
1 info using npm@11.12.0
2 info using node@v24.14.0
3 silly config load:file:/data/data/com.termux/files/usr/lib/node_modules/npm/npmrc
4 silly config load:file:/data/data/com.termux/files/home/color-app/.npmrc
5 silly config load:file:/data/data/com.termux/files/home/.npmrc
6 silly config load:file:/data/data/com.termux/files/usr/etc/npmrc
7 verbose title npm install express mongoose socket.io jsonwebtoken cors
8 verbose argv "install" "express" "mongoose" "socket.io" "jsonwebtoken" "cors"
9 verbose logfile logs-max:10 dir:/data/data/com.termux/files/home/.npm/_logs/2026-03-24T13_17_40_829Z-
10 verbose logfile /data/data/com.termux/files/home/.npm/_logs/2026-03-24T13_17_40_829Z-debug-0.log
11 silly logfile done cleaning log files
12 silly packumentCache heap:1174405120 maxSize:293601280 maxEntrySize:146800640
13 verbose shrinkwrap failed to load node_modules/.package-lock.json out of date, updated: node_modules
14 silly idealTree buildDeps
15 silly fetch manifest express@^4.18.2
16 silly packumentCache full:https://registry.npmjs.org/express cache-miss
17 http fetch GET 200 https://registry.npmjs.org/express 639ms (cache revalidated)
18 silly packumentCache full:https://registry.npmjs.org/express set size:801261 disposed:false
19 silly fetch manifest mongoose@*
20 silly packumentCache full:https://registry.npmjs.org/mongoose cache-miss
21 http fetch GET 200 https://registry.npmjs.org/mongoose 430ms (cache miss)
22 silly packumentCache full:https://registry.npmjs.org/mongoose set size:undefined disposed:false
23 silly fetch manifest socket.io@*
24 silly packumentCache full:https://registry.npmjs.org/socket.io cache-miss
25 http fetch GET 200 https://registry.npmjs.org/socket.io 169ms (cache miss)
26 silly packumentCache full:https://registry.npmjs.org/socket.io set size:undefined disposed:false
27 silly fetch manifest jsonwebtoken@*
28 silly packumentCache full:https://registry.npmjs.org/jsonwebtoken cache-miss
29 http fetch GET 200 https://registry.npmjs.org/jsonwebtoken 162ms (cache miss)
30 silly packumentCache full:https://registry.npmjs.org/jsonwebtoken set size:undefined disposed:false
31 silly fetch manifest cors@*
32 silly packumentCache full:https://registry.npmjs.org/cors cache-miss
33 http fetch GET 200 https://registry.npmjs.org/cors 115ms (cache revalidated)
34 silly packumentCache full:https://registry.npmjs.org/cors set size:77956 disposed:false
35 silly placeDep ROOT cors@2.8.6 OK for: m55club@1.0.0 want: *
36 silly placeDep ROOT express@4.22.1 REPLACE for: m55club@1.0.0 want: ^4.18.2
37 silly placeDep ROOT jsonwebtoken@9.0.3 OK for: m55club@1.0.0 want: *
38 silly placeDep ROOT mongoose@9.3.2 OK for: m55club@1.0.0 want: *
39 silly placeDep ROOT socket.io@4.8.3 OK for: m55club@1.0.0 want: *
40 silly fetch manifest object-assign@^4
41 silly packumentCache full:https://registry.npmjs.org/object-assign cache-miss
42 silly fetch manifest ms@^2.1.1
43 silly packumentCache full:https://registry.npmjs.org/ms cache-miss
44 silly fetch manifest jws@^4.0.1
45 silly packumentCache full:https://registry.npmjs.org/jws cache-miss
46 silly fetch manifest semver@^7.5.4
47 silly packumentCache full:https://registry.npmjs.org/semver cache-miss
48 silly fetch manifest lodash.once@^4.0.0
49 silly packumentCache full:https://registry.npmjs.org/lodash.once cache-miss
50 silly fetch manifest lodash.includes@^4.3.0
51 silly packumentCache full:https://registry.npmjs.org/lodash.includes cache-miss
52 http fetch GET 200 https://registry.npmjs.org/jws 135ms (cache miss)
53 silly packumentCache full:https://registry.npmjs.org/jws set size:undefined disposed:false
54 silly fetch manifest lodash.isnumber@^3.0.3
55 silly packumentCache full:https://registry.npmjs.org/lodash.isnumber cache-miss
56 http fetch GET 200 https://registry.npmjs.org/lodash.isnumber 105ms (cache miss)
57 silly packumentCache full:https://registry.npmjs.org/lodash.isnumber set size:undefined disposed:false
58 silly fetch manifest lodash.isstring@^4.0.1
59 silly packumentCache full:https://registry.npmjs.org/lodash.isstring cache-miss
60 http fetch GET 200 https://registry.npmjs.org/object-assign 312ms (cache revalidated)
61 silly packumentCache full:https://registry.npmjs.org/object-assign set size:28988 disposed:false
62 silly fetch manifest lodash.isboolean@^3.0.3
63 silly packumentCache full:https://registry.npmjs.org/lodash.isboolean cache-miss
64 http fetch GET 200 https://registry.npmjs.org/ms 353ms (cache revalidated)
65 silly packumentCache full:https://registry.npmjs.org/ms set size:92208 disposed:false
66 silly fetch manifest lodash.isinteger@^4.0.4
67 silly packumentCache full:https://registry.npmjs.org/lodash.isinteger cache-miss
68 http fetch GET 200 https://registry.npmjs.org/semver 360ms (cache revalidated)
69 silly packumentCache full:https://registry.npmjs.org/semver set size:229620 disposed:false
70 silly fetch manifest lodash.isplainobject@^4.0.6
71 silly packumentCache full:https://registry.npmjs.org/lodash.isplainobject cache-miss
72 http fetch GET 200 https://registry.npmjs.org/lodash.includes 380ms (cache miss)
73 silly packumentCache full:https://registry.npmjs.org/lodash.includes set size:undefined disposed:false
74 silly fetch manifest kareem@3.2.0
75 silly packumentCache full:https://registry.npmjs.org/kareem cache-miss
76 http fetch GET 200 https://registry.npmjs.org/lodash.once 385ms (cache miss)
77 silly packumentCache full:https://registry.npmjs.org/lodash.once set size:undefined disposed:false
78 silly fetch manifest mongodb@~7.1
79 silly packumentCache full:https://registry.npmjs.org/mongodb cache-miss
80 http fetch GET 200 https://registry.npmjs.org/lodash.isstring 145ms (cache miss)
81 silly packumentCache full:https://registry.npmjs.org/lodash.isstring set size:undefined disposed:false
82 silly fetch manifest mpath@0.9.0
83 silly packumentCache full:https://registry.npmjs.org/mpath cache-miss
84 http fetch GET 200 https://registry.npmjs.org/lodash.isboolean 89ms (cache miss)
85 silly packumentCache full:https://registry.npmjs.org/lodash.isboolean set size:undefined disposed:false
86 silly fetch manifest mquery@6.0.0
87 silly packumentCache full:https://registry.npmjs.org/mquery cache-miss
88 http fetch GET 200 https://registry.npmjs.org/lodash.isplainobject 111ms (cache miss)
89 silly packumentCache full:https://registry.npmjs.org/lodash.isplainobject set size:undefined disposed:false
90 silly fetch manifest ms@2.1.3
91 silly packumentCache full:https://registry.npmjs.org/ms cache-hit
92 silly fetch manifest sift@17.1.3
93 silly packumentCache full:https://registry.npmjs.org/sift cache-miss
94 http fetch GET 200 https://registry.npmjs.org/lodash.isinteger 140ms (cache miss)
95 silly packumentCache full:https://registry.npmjs.org/lodash.isinteger set size:undefined disposed:false
96 silly fetch manifest base64id@~2.0.0
97 silly packumentCache full:https://registry.npmjs.org/base64id cache-miss
98 http fetch GET 200 https://registry.npmjs.org/mquery 130ms (cache miss)
99 silly packumentCache full:https://registry.npmjs.org/mquery set size:undefined disposed:false
100 silly fetch manifest debug@~4.4.1
101 silly packumentCache full:https://registry.npmjs.org/debug cache-miss
102 http fetch GET 200 https://registry.npmjs.org/mpath 143ms (cache miss)
103 silly packumentCache full:https://registry.npmjs.org/mpath set size:undefined disposed:false
104 silly fetch manifest engine.io@~6.6.0
105 silly packumentCache full:https://registry.npmjs.org/engine.io cache-miss
106 http fetch GET 200 https://registry.npmjs.org/kareem 159ms (cache miss)
107 silly packumentCache full:https://registry.npmjs.org/kareem set size:undefined disposed:false
108 silly fetch manifest socket.io-adapter@~2.5.2
109 silly packumentCache full:https://registry.npmjs.org/socket.io-adapter cache-miss
110 http fetch GET 200 https://registry.npmjs.org/base64id 90ms (cache miss)
111 silly packumentCache full:https://registry.npmjs.org/base64id set size:undefined disposed:false
112 silly fetch manifest socket.io-parser@~4.2.4
113 silly packumentCache full:https://registry.npmjs.org/socket.io-parser cache-miss
114 http fetch GET 200 https://registry.npmjs.org/socket.io-adapter 101ms (cache miss)
115 silly packumentCache full:https://registry.npmjs.org/socket.io-adapter set size:undefined disposed:false
116 http fetch GET 200 https://registry.npmjs.org/debug 115ms (cache revalidated)
117 silly packumentCache full:https://registry.npmjs.org/debug set size:195840 disposed:false
118 http fetch GET 200 https://registry.npmjs.org/sift 182ms (cache miss)
119 silly packumentCache full:https://registry.npmjs.org/sift set size:undefined disposed:false
120 http fetch GET 200 https://registry.npmjs.org/mongodb 339ms (cache miss)
121 silly packumentCache full:https://registry.npmjs.org/mongodb set size:undefined disposed:false
122 http fetch GET 200 https://registry.npmjs.org/socket.io-parser 200ms (cache miss)
123 silly packumentCache full:https://registry.npmjs.org/socket.io-parser set size:undefined disposed:false
124 http fetch GET 200 https://registry.npmjs.org/engine.io 917ms (cache miss)
125 silly packumentCache full:https://registry.npmjs.org/engine.io set size:undefined disposed:false
126 silly placeDep ROOT object-assign@4.1.1 OK for: cors@2.8.6 want: ^4
127 silly placeDep ROOT jws@4.0.1 OK for: jsonwebtoken@9.0.3 want: ^4.0.1
128 silly placeDep ROOT lodash.includes@4.3.0 OK for: jsonwebtoken@9.0.3 want: ^4.3.0
129 silly placeDep ROOT lodash.isboolean@3.0.3 OK for: jsonwebtoken@9.0.3 want: ^3.0.3
130 silly placeDep ROOT lodash.isinteger@4.0.4 OK for: jsonwebtoken@9.0.3 want: ^4.0.4
131 silly placeDep ROOT lodash.isnumber@3.0.3 OK for: jsonwebtoken@9.0.3 want: ^3.0.3
132 silly placeDep ROOT lodash.isplainobject@4.0.6 OK for: jsonwebtoken@9.0.3 want: ^4.0.6
133 silly placeDep ROOT lodash.isstring@4.0.1 OK for: jsonwebtoken@9.0.3 want: ^4.0.1
134 silly placeDep ROOT lodash.once@4.1.1 OK for: jsonwebtoken@9.0.3 want: ^4.0.0
135 silly placeDep node_modules/jsonwebtoken ms@2.1.3 OK for: jsonwebtoken@9.0.3 want: ^2.1.1
136 silly placeDep ROOT semver@7.7.4 OK for: jsonwebtoken@9.0.3 want: ^7.5.4
137 silly fetch manifest jwa@^2.0.1
138 silly packumentCache full:https://registry.npmjs.org/jwa cache-miss
139 http fetch GET 200 https://registry.npmjs.org/jwa 110ms (cache miss)
140 silly packumentCache full:https://registry.npmjs.org/jwa set size:undefined disposed:false
141 silly placeDep ROOT jwa@2.0.1 OK for: jws@4.0.1 want: ^2.0.1
142 silly fetch manifest ecdsa-sig-formatter@1.0.11
143 silly packumentCache full:https://registry.npmjs.org/ecdsa-sig-formatter cache-miss
144 silly fetch manifest buffer-equal-constant-time@^1.0.1
145 silly packumentCache full:https://registry.npmjs.org/buffer-equal-constant-time cache-miss
146 http fetch GET 200 https://registry.npmjs.org/ecdsa-sig-formatter 137ms (cache miss)
147 silly packumentCache full:https://registry.npmjs.org/ecdsa-sig-formatter set size:undefined disposed:false
148 http fetch GET 200 https://registry.npmjs.org/buffer-equal-constant-time 139ms (cache miss)
149 silly packumentCache full:https://registry.npmjs.org/buffer-equal-constant-time set size:undefined disposed:false
150 silly placeDep ROOT buffer-equal-constant-time@1.0.1 OK for: jwa@2.0.1 want: ^1.0.1
151 silly placeDep ROOT ecdsa-sig-formatter@1.0.11 OK for: jwa@2.0.1 want: 1.0.11
152 silly fetch manifest @aws-sdk/credential-providers@^3.806.0
153 silly packumentCache full:https://registry.npmjs.org/@aws-sdk%2fcredential-providers cache-miss
154 http fetch GET 200 https://registry.npmjs.org/@aws-sdk%2fcredential-providers 186ms (cache miss)
155 silly packumentCache full:https://registry.npmjs.org/@aws-sdk%2fcredential-providers set size:undefined disposed:false
156 silly fetch manifest @mongodb-js/zstd@^7.0.0
157 silly packumentCache full:https://registry.npmjs.org/@mongodb-js%2fzstd cache-miss
158 http fetch GET 200 https://registry.npmjs.org/@mongodb-js%2fzstd 129ms (cache miss)
159 silly packumentCache full:https://registry.npmjs.org/@mongodb-js%2fzstd set size:undefined disposed:false
160 silly fetch manifest gcp-metadata@^7.0.1
161 silly packumentCache full:https://registry.npmjs.org/gcp-metadata cache-miss
162 http fetch GET 200 https://registry.npmjs.org/gcp-metadata 127ms (cache miss)
163 silly packumentCache full:https://registry.npmjs.org/gcp-metadata set size:undefined disposed:false
164 silly fetch manifest kerberos@^7.0.0
165 silly packumentCache full:https://registry.npmjs.org/kerberos cache-miss
166 http fetch GET 200 https://registry.npmjs.org/kerberos 105ms (cache miss)
167 silly packumentCache full:https://registry.npmjs.org/kerberos set size:undefined disposed:false
168 silly fetch manifest mongodb-client-encryption@>=7.0.0 <7.1.0
169 silly packumentCache full:https://registry.npmjs.org/mongodb-client-encryption cache-miss
170 http fetch GET 200 https://registry.npmjs.org/mongodb-client-encryption 143ms (cache miss)
171 silly packumentCache full:https://registry.npmjs.org/mongodb-client-encryption set size:undefined disposed:false
172 silly fetch manifest snappy@^7.3.2
173 silly packumentCache full:https://registry.npmjs.org/snappy cache-miss
174 http fetch GET 200 https://registry.npmjs.org/snappy 129ms (cache miss)
175 silly packumentCache full:https://registry.npmjs.org/snappy set size:undefined disposed:false
176 silly fetch manifest socks@^2.8.6
177 silly packumentCache full:https://registry.npmjs.org/socks cache-miss
178 http fetch GET 200 https://registry.npmjs.org/socks 138ms (cache revalidated)
179 silly packumentCache full:https://registry.npmjs.org/socks set size:168523 disposed:false
180 silly placeDep ROOT kareem@3.2.0 OK for: mongoose@9.3.2 want: 3.2.0
181 silly placeDep ROOT mongodb@7.1.1 OK for: mongoose@9.3.2 want: ~7.1
182 silly placeDep ROOT mpath@0.9.0 OK for: mongoose@9.3.2 want: 0.9.0
183 silly placeDep ROOT mquery@6.0.0 OK for: mongoose@9.3.2 want: 6.0.0
184 silly placeDep node_modules/mongoose ms@2.1.3 OK for: mongoose@9.3.2 want: 2.1.3
185 silly placeDep ROOT sift@17.1.3 OK for: mongoose@9.3.2 want: 17.1.3
186 silly fetch manifest @mongodb-js/saslprep@^1.3.0
187 silly packumentCache full:https://registry.npmjs.org/@mongodb-js%2fsaslprep cache-miss
188 silly fetch manifest bson@^7.1.1
189 silly packumentCache full:https://registry.npmjs.org/bson cache-miss
190 silly fetch manifest mongodb-connection-string-url@^7.0.0
191 silly packumentCache full:https://registry.npmjs.org/mongodb-connection-string-url cache-miss
192 http fetch GET 200 https://registry.npmjs.org/mongodb-connection-string-url 135ms (cache miss)
193 silly packumentCache full:https://registry.npmjs.org/mongodb-connection-string-url set size:undefined disposed:false
194 http fetch GET 200 https://registry.npmjs.org/@mongodb-js%2fsaslprep 155ms (cache miss)
195 silly packumentCache full:https://registry.npmjs.org/@mongodb-js%2fsaslprep set size:undefined disposed:false
196 http fetch GET 200 https://registry.npmjs.org/bson 158ms (cache miss)
197 silly packumentCache full:https://registry.npmjs.org/bson set size:undefined disposed:false
198 silly placeDep ROOT @mongodb-js/saslprep@1.4.6 OK for: mongodb@7.1.1 want: ^1.3.0
199 silly placeDep ROOT bson@7.2.0 OK for: mongodb@7.1.1 want: ^7.1.1
200 silly placeDep ROOT mongodb-connection-string-url@7.0.1 OK for: mongodb@7.1.1 want: ^7.0.0
201 silly fetch manifest sparse-bitfield@^3.0.3
202 silly packumentCache full:https://registry.npmjs.org/sparse-bitfield cache-miss
203 silly fetch manifest whatwg-url@^14.1.0
204 silly packumentCache full:https://registry.npmjs.org/whatwg-url cache-miss
205 silly fetch manifest @types/whatwg-url@^13.0.0
206 silly packumentCache full:https://registry.npmjs.org/@types%2fwhatwg-url cache-miss
207 http fetch GET 200 https://registry.npmjs.org/sparse-bitfield 150ms (cache miss)
208 silly packumentCache full:https://registry.npmjs.org/sparse-bitfield set size:undefined disposed:false
209 http fetch GET 200 https://registry.npmjs.org/whatwg-url 156ms (cache miss)
210 silly packumentCache full:https://registry.npmjs.org/whatwg-url set size:undefined disposed:false
211 http fetch GET 200 https://registry.npmjs.org/@types%2fwhatwg-url 172ms (cache miss)
212 silly packumentCache full:https://registry.npmjs.org/@types%2fwhatwg-url set size:undefined disposed:false
213 silly placeDep ROOT sparse-bitfield@3.0.3 OK for: @mongodb-js/saslprep@1.4.6 want: ^3.0.3
214 silly fetch manifest memory-pager@^1.0.2
215 silly packumentCache full:https://registry.npmjs.org/memory-pager cache-miss
216 http fetch GET 200 https://registry.npmjs.org/memory-pager 123ms (cache miss)
217 silly packumentCache full:https://registry.npmjs.org/memory-pager set size:undefined disposed:false
218 silly placeDep ROOT @types/whatwg-url@13.0.0 OK for: mongodb-connection-string-url@7.0.1 want: ^13.0.0
219 silly placeDep ROOT whatwg-url@14.2.0 OK for: mongodb-connection-string-url@7.0.1 want: ^14.1.0
220 silly fetch manifest @types/webidl-conversions@*
221 silly packumentCache full:https://registry.npmjs.org/@types%2fwebidl-conversions cache-miss
222 silly fetch manifest tr46@^5.1.0
223 silly packumentCache full:https://registry.npmjs.org/tr46 cache-miss
224 silly fetch manifest webidl-conversions@^7.0.0
225 silly packumentCache full:https://registry.npmjs.org/webidl-conversions cache-miss
226 http fetch GET 200 https://registry.npmjs.org/tr46 120ms (cache miss)
227 silly packumentCache full:https://registry.npmjs.org/tr46 set size:undefined disposed:false
228 http fetch GET 200 https://registry.npmjs.org/@types%2fwebidl-conversions 126ms (cache miss)
229 silly packumentCache full:https://registry.npmjs.org/@types%2fwebidl-conversions set size:undefined disposed:false
230 http fetch GET 200 https://registry.npmjs.org/webidl-conversions 126ms (cache miss)
231 silly packumentCache full:https://registry.npmjs.org/webidl-conversions set size:undefined disposed:false
232 silly placeDep ROOT @types/webidl-conversions@7.0.3 OK for: @types/whatwg-url@13.0.0 want: *
233 silly placeDep ROOT base64id@2.0.0 OK for: socket.io@4.8.3 want: ~2.0.0
234 silly placeDep node_modules/socket.io debug@4.4.3 OK for: socket.io@4.8.3 want: ~4.4.1
235 silly placeDep ROOT engine.io@6.6.6 OK for: socket.io@4.8.3 want: ~6.6.0
236 silly placeDep ROOT socket.io-adapter@2.5.6 OK for: socket.io@4.8.3 want: ~2.5.2
237 silly placeDep ROOT socket.io-parser@4.2.6 OK for: socket.io@4.8.3 want: ~4.2.4
238 silly fetch manifest ms@^2.1.3
239 silly packumentCache full:https://registry.npmjs.org/ms cache-hit
240 silly fetch manifest @types/cors@^2.8.12
241 silly packumentCache full:https://registry.npmjs.org/@types%2fcors cache-miss
242 silly fetch manifest @types/node@>=10.0.0
243 silly packumentCache full:https://registry.npmjs.org/@types%2fnode cache-miss
244 silly fetch manifest @types/ws@^8.5.12
245 silly packumentCache full:https://registry.npmjs.org/@types%2fws cache-miss
246 silly fetch manifest engine.io-parser@~5.2.1
247 silly packumentCache full:https://registry.npmjs.org/engine.io-parser cache-miss
248 silly fetch manifest ws@~8.18.3
249 silly packumentCache full:https://registry.npmjs.org/ws cache-miss
250 silly fetch manifest ws@~8.18.3
251 silly packumentCache full:https://registry.npmjs.org/ws cache-miss
252 http fetch GET 200 https://registry.npmjs.org/engine.io-parser 175ms (cache miss)
253 silly packumentCache full:https://registry.npmjs.org/engine.io-parser set size:undefined disposed:false
254 silly fetch manifest @socket.io/component-emitter@~3.1.0
255 silly packumentCache full:https://registry.npmjs.org/@socket.io%2fcomponent-emitter cache-miss
256 http fetch GET 200 https://registry.npmjs.org/@types%2fcors 185ms (cache miss)
257 silly packumentCache full:https://registry.npmjs.org/@types%2fcors set size:undefined disposed:false
258 http fetch GET 200 https://registry.npmjs.org/@types%2fws 193ms (cache miss)
259 silly packumentCache full:https://registry.npmjs.org/@types%2fws set size:undefined disposed:false
260 http fetch GET 200 https://registry.npmjs.org/ws 197ms (cache miss)
261 silly packumentCache full:https://registry.npmjs.org/ws set size:undefined disposed:false
262 http fetch GET 200 https://registry.npmjs.org/ws 216ms (cache miss)
263 silly packumentCache full:https://registry.npmjs.org/ws set size:undefined disposed:false
264 http fetch GET 200 https://registry.npmjs.org/@socket.io%2fcomponent-emitter 134ms (cache miss)
265 silly packumentCache full:https://registry.npmjs.org/@socket.io%2fcomponent-emitter set size:undefined disposed:false
266 http fetch GET 200 https://registry.npmjs.org/@types%2fnode 560ms (cache miss)
267 silly packumentCache full:https://registry.npmjs.org/@types%2fnode set size:undefined disposed:false
268 silly fetch manifest bufferutil@^4.0.1
269 silly packumentCache full:https://registry.npmjs.org/bufferutil cache-miss
270 http fetch GET 200 https://registry.npmjs.org/bufferutil 122ms (cache miss)
271 silly packumentCache full:https://registry.npmjs.org/bufferutil set size:undefined disposed:false
272 silly fetch manifest utf-8-validate@>=5.0.2
273 silly packumentCache full:https://registry.npmjs.org/utf-8-validate cache-miss
274 http fetch GET 200 https://registry.npmjs.org/utf-8-validate 146ms (cache miss)
275 silly packumentCache full:https://registry.npmjs.org/utf-8-validate set size:undefined disposed:false
276 silly placeDep ROOT @types/cors@2.8.19 OK for: engine.io@6.6.6 want: ^2.8.12
277 silly placeDep ROOT @types/node@25.5.0 OK for: engine.io@6.6.6 want: >=10.0.0
278 silly placeDep ROOT @types/ws@8.18.1 OK for: engine.io@6.6.6 want: ^8.5.12
279 silly placeDep node_modules/engine.io debug@4.4.3 OK for: engine.io@6.6.6 want: ~4.4.1
280 silly placeDep ROOT engine.io-parser@5.2.3 OK for: engine.io@6.6.6 want: ~5.2.1
281 silly placeDep ROOT ws@8.18.3 OK for: engine.io@6.6.6 want: ~8.18.3
282 silly fetch manifest @types/node@*
283 silly packumentCache full:https://registry.npmjs.org/@types%2fnode cache-miss
284 silly fetch manifest undici-types@~7.18.0
285 silly packumentCache full:https://registry.npmjs.org/undici-types cache-miss
286 http cache https://registry.npmjs.org/@types%2fnode 52ms (cache hit)
287 silly packumentCache full:https://registry.npmjs.org/@types%2fnode set size:10939971 disposed:false
288 http fetch GET 200 https://registry.npmjs.org/undici-types 207ms (cache miss)
289 silly packumentCache full:https://registry.npmjs.org/undici-types set size:undefined disposed:false
290 silly placeDep ROOT undici-types@7.18.2 OK for: @types/node@25.5.0 want: ~7.18.0
291 silly placeDep node_modules/socket.io-adapter debug@4.4.3 OK for: socket.io-adapter@2.5.6 want: ~4.4.1
292 silly placeDep ROOT @socket.io/component-emitter@3.1.2 OK for: socket.io-parser@4.2.6 want: ~3.1.0
293 silly placeDep node_modules/socket.io-parser debug@4.4.3 OK for: socket.io-parser@4.2.6 want: ~4.4.1
294 silly placeDep ROOT memory-pager@1.5.0 OK for: sparse-bitfield@3.0.3 want: ^1.0.2
295 silly placeDep ROOT tr46@5.1.1 OK for: whatwg-url@14.2.0 want: ^5.1.0
296 silly placeDep ROOT webidl-conversions@7.0.0 OK for: whatwg-url@14.2.0 want: ^7.0.0
297 silly fetch manifest punycode@^2.3.1
298 silly packumentCache full:https://registry.npmjs.org/punycode cache-miss
299 http fetch GET 200 https://registry.npmjs.org/punycode 111ms (cache miss)
300 silly packumentCache full:https://registry.npmjs.org/punycode set size:undefined disposed:false
301 silly placeDep ROOT punycode@2.3.1 OK for: tr46@5.1.1 want: ^2.3.1
302 silly placeDep node_modules/engine.io ms@2.1.3 OK for: debug@4.4.3 want: ^2.1.3
303 silly placeDep node_modules/socket.io-adapter ms@2.1.3 OK for: debug@4.4.3 want: ^2.1.3
304 silly placeDep node_modules/socket.io-parser ms@2.1.3 OK for: debug@4.4.3 want: ^2.1.3
305 silly placeDep node_modules/socket.io ms@2.1.3 OK for: debug@4.4.3 want: ^2.1.3
306 silly reify moves {}
307 silly audit bulk request {
307 silly audit   accepts: [ '1.3.8' ],
307 silly audit   'array-flatten': [ '1.1.1' ],
307 silly audit   'body-parser': [ '1.20.4' ],
307 silly audit   bytes: [ '3.1.2' ],
307 silly audit   'call-bind-apply-helpers': [ '1.0.2' ],
307 silly audit   'call-bound': [ '1.0.4' ],
307 silly audit   'content-disposition': [ '0.5.4' ],
307 silly audit   'content-type': [ '1.0.5' ],
307 silly audit   cookie: [ '0.7.2' ],
307 silly audit   'cookie-signature': [ '1.0.7' ],
307 silly audit   debug: [ '2.6.9', '4.4.3' ],
307 silly audit   depd: [ '2.0.0' ],
307 silly audit   destroy: [ '1.2.0' ],
307 silly audit   'dunder-proto': [ '1.0.1' ],
307 silly audit   'ee-first': [ '1.1.1' ],
307 silly audit   encodeurl: [ '2.0.0' ],
307 silly audit   'es-define-property': [ '1.0.1' ],
307 silly audit   'es-errors': [ '1.3.0' ],
307 silly audit   'es-object-atoms': [ '1.1.1' ],
307 silly audit   'escape-html': [ '1.0.3' ],
307 silly audit   etag: [ '1.8.1' ],
307 silly audit   finalhandler: [ '1.3.2' ],
307 silly audit   forwarded: [ '0.2.0' ],
307 silly audit   fresh: [ '0.5.2' ],
307 silly audit   'function-bind': [ '1.1.2' ],
307 silly audit   'get-intrinsic': [ '1.3.0' ],
307 silly audit   'get-proto': [ '1.0.1' ],
307 silly audit   gopd: [ '1.2.0' ],
307 silly audit   'has-symbols': [ '1.1.0' ],
307 silly audit   hasown: [ '2.0.2' ],
307 silly audit   'http-errors': [ '2.0.1' ],
307 silly audit   'iconv-lite': [ '0.4.24' ],
307 silly audit   inherits: [ '2.0.4' ],
307 silly audit   'ipaddr.js': [ '1.9.1' ],
307 silly audit   'math-intrinsics': [ '1.1.0' ],
307 silly audit   'media-typer': [ '0.3.0' ],
307 silly audit   'merge-descriptors': [ '1.0.3' ],
307 silly audit   methods: [ '1.1.2' ],
307 silly audit   mime: [ '1.6.0' ],
307 silly audit   'mime-db': [ '1.52.0' ],
307 silly audit   'mime-types': [ '2.1.35' ],
307 silly audit   ms: [ '2.0.0', '2.1.3' ],
307 silly audit   negotiator: [ '0.6.3' ],
307 silly audit   'object-inspect': [ '1.13.4' ],
307 silly audit   'on-finished': [ '2.4.1' ],
307 silly audit   parseurl: [ '1.3.3' ],
307 silly audit   'path-to-regexp': [ '0.1.12' ],
307 silly audit   'proxy-addr': [ '2.0.7' ],
307 silly audit   qs: [ '6.14.2' ],
307 silly audit   'range-parser': [ '1.2.1' ],
307 silly audit   'raw-body': [ '2.5.3' ],
307 silly audit   'safe-buffer': [ '5.2.1' ],
307 silly audit   'safer-buffer': [ '2.1.2' ],
307 silly audit   send: [ '0.19.2' ],
307 silly audit   'serve-static': [ '1.16.3' ],
307 silly audit   setprototypeof: [ '1.2.0' ],
307 silly audit   'side-channel': [ '1.1.0' ],
307 silly audit   'side-channel-list': [ '1.0.0' ],
307 silly audit   'side-channel-map': [ '1.0.1' ],
307 silly audit   'side-channel-weakmap': [ '1.0.2' ],
307 silly audit   statuses: [ '2.0.2' ],
307 silly audit   toidentifier: [ '1.0.1' ],
307 silly audit   'type-is': [ '1.6.18' ],
307 silly audit   unpipe: [ '1.0.0' ],
307 silly audit   'utils-merge': [ '1.0.1' ],
307 silly audit   vary: [ '1.1.2' ],
307 silly audit   cors: [ '2.8.6' ],
307 silly audit   express: [ '4.22.1' ],
307 silly audit   jsonwebtoken: [ '9.0.3' ],
307 silly audit   mongoose: [ '9.3.2' ],
307 silly audit   'socket.io': [ '4.8.3' ],
307 silly audit   'object-assign': [ '4.1.1' ],
307 silly audit   jws: [ '4.0.1' ],
307 silly audit   'lodash.includes': [ '4.3.0' ],
307 silly audit   'lodash.isboolean': [ '3.0.3' ],
307 silly audit   'lodash.isinteger': [ '4.0.4' ],
307 silly audit   'lodash.isnumber': [ '3.0.3' ],
307 silly audit   'lodash.isplainobject': [ '4.0.6' ],
307 silly audit   'lodash.isstring': [ '4.0.1' ],
307 silly audit   'lodash.once': [ '4.1.1' ],
307 silly audit   semver: [ '7.7.4' ],
307 silly audit   jwa: [ '2.0.1' ],
307 silly audit   'buffer-equal-constant-time': [ '1.0.1' ],
307 silly audit   'ecdsa-sig-formatter': [ '1.0.11' ],
307 silly audit   kareem: [ '3.2.0' ],
307 silly audit   mongodb: [ '7.1.1' ],
307 silly audit   mpath: [ '0.9.0' ],
307 silly audit   mquery: [ '6.0.0' ],
307 silly audit   sift: [ '17.1.3' ],
307 silly audit   '@mongodb-js/saslprep': [ '1.4.6' ],
307 silly audit   bson: [ '7.2.0' ],
307 silly audit   'mongodb-connection-string-url': [ '7.0.1' ],
307 silly audit   'sparse-bitfield': [ '3.0.3' ],
307 silly audit   '@types/whatwg-url': [ '13.0.0' ],
307 silly audit   'whatwg-url': [ '14.2.0' ],
307 silly audit   '@types/webidl-conversions': [ '7.0.3' ],
307 silly audit   base64id: [ '2.0.0' ],
307 silly audit   'engine.io': [ '6.6.6' ],
307 silly audit   'socket.io-adapter': [ '2.5.6' ],
307 silly audit   'socket.io-parser': [ '4.2.6' ],
307 silly audit   '@types/cors': [ '2.8.19' ],
307 silly audit   '@types/node': [ '25.5.0' ],
307 silly audit   '@types/ws': [ '8.18.1' ],
307 silly audit   'engine.io-parser': [ '5.2.3' ],
307 silly audit   ws: [ '8.18.3' ],
307 silly audit   'undici-types': [ '7.18.2' ],
307 silly audit   '@socket.io/component-emitter': [ '3.1.2' ],
307 silly audit   'memory-pager': [ '1.5.0' ],
307 silly audit   tr46: [ '5.1.1' ],
307 silly audit   'webidl-conversions': [ '7.0.0' ],
307 silly audit   punycode: [ '2.3.1' ]
307 silly audit }
308 http cache webidl-conversions@https://registry.npmjs.org/webidl-conversions/-/webidl-conversions-7.0.0.tgz 1ms (cache hit)
309 http cache punycode@https://registry.npmjs.org/punycode/-/punycode-2.3.1.tgz 0ms (cache hit)
310 http cache memory-pager@https://registry.npmjs.org/memory-pager/-/memory-pager-1.5.0.tgz 0ms (cache hit)
311 http cache @socket.io/component-emitter@https://registry.npmjs.org/@socket.io/component-emitter/-/component-emitter-3.1.2.tgz 0ms (cache hit)
312 http cache undici-types@https://registry.npmjs.org/undici-types/-/undici-types-7.18.2.tgz 0ms (cache hit)
313 http cache ws@https://registry.npmjs.org/ws/-/ws-8.18.3.tgz 0ms (cache hit)
314 http cache engine.io-parser@https://registry.npmjs.org/engine.io-parser/-/engine.io-parser-5.2.3.tgz 0ms (cache hit)
315 http cache @types/ws@https://registry.npmjs.org/@types/ws/-/ws-8.18.1.tgz 0ms (cache hit)
316 http cache @types/cors@https://registry.npmjs.org/@types/cors/-/cors-2.8.19.tgz 0ms (cache hit)
317 http cache @types/node@https://registry.npmjs.org/@types/node/-/node-25.5.0.tgz 0ms (cache hit)
318 http cache tr46@https://registry.npmjs.org/tr46/-/tr46-5.1.1.tgz 0ms (cache hit)
319 http cache socket.io-parser@https://registry.npmjs.org/socket.io-parser/-/socket.io-parser-4.2.6.tgz 0ms (cache hit)
320 http cache socket.io-adapter@https://registry.npmjs.org/socket.io-adapter/-/socket.io-adapter-2.5.6.tgz 0ms (cache hit)
321 http cache base64id@https://registry.npmjs.org/base64id/-/base64id-2.0.0.tgz 0ms (cache hit)
322 http cache @types/webidl-conversions@https://registry.npmjs.org/@types/webidl-conversions/-/webidl-conversions-7.0.3.tgz 0ms (cache hit)
323 http cache engine.io@https://registry.npmjs.org/engine.io/-/engine.io-6.6.6.tgz 0ms (cache hit)
324 http cache whatwg-url@https://registry.npmjs.org/whatwg-url/-/whatwg-url-14.2.0.tgz 0ms (cache hit)
325 http cache @types/whatwg-url@https://registry.npmjs.org/@types/whatwg-url/-/whatwg-url-13.0.0.tgz 0ms (cache hit)
326 http cache sparse-bitfield@https://registry.npmjs.org/sparse-bitfield/-/sparse-bitfield-3.0.3.tgz 0ms (cache hit)
327 http cache mongodb-connection-string-url@https://registry.npmjs.org/mongodb-connection-string-url/-/mongodb-connection-string-url-7.0.1.tgz 0ms (cache hit)
328 http cache bson@https://registry.npmjs.org/bson/-/bson-7.2.0.tgz 0ms (cache hit)
329 http cache sift@https://registry.npmjs.org/sift/-/sift-17.1.3.tgz 0ms (cache hit)
330 http cache @mongodb-js/saslprep@https://registry.npmjs.org/@mongodb-js/saslprep/-/saslprep-1.4.6.tgz 0ms (cache hit)
331 http cache mquery@https://registry.npmjs.org/mquery/-/mquery-6.0.0.tgz 0ms (cache hit)
332 http cache mpath@https://registry.npmjs.org/mpath/-/mpath-0.9.0.tgz 0ms (cache hit)
333 http cache mongodb@https://registry.npmjs.org/mongodb/-/mongodb-7.1.1.tgz 0ms (cache hit)
334 http cache kareem@https://registry.npmjs.org/kareem/-/kareem-3.2.0.tgz 0ms (cache hit)
335 http cache ecdsa-sig-formatter@https://registry.npmjs.org/ecdsa-sig-formatter/-/ecdsa-sig-formatter-1.0.11.tgz 0ms (cache hit)
336 http cache buffer-equal-constant-time@https://registry.npmjs.org/buffer-equal-constant-time/-/buffer-equal-constant-time-1.0.1.tgz 0ms (cache hit)
337 http cache semver@https://registry.npmjs.org/semver/-/semver-7.7.4.tgz 0ms (cache hit)
338 http cache jwa@https://registry.npmjs.org/jwa/-/jwa-2.0.1.tgz 0ms (cache hit)
339 http cache lodash.isstring@https://registry.npmjs.org/lodash.isstring/-/lodash.isstring-4.0.1.tgz 0ms (cache hit)
340 http cache lodash.once@https://registry.npmjs.org/lodash.once/-/lodash.once-4.1.1.tgz 0ms (cache hit)
341 http cache lodash.isplainobject@https://registry.npmjs.org/lodash.isplainobject/-/lodash.isplainobject-4.0.6.tgz 0ms (cache hit)
342 http cache lodash.isnumber@https://registry.npmjs.org/lodash.isnumber/-/lodash.isnumber-3.0.3.tgz 0ms (cache hit)
343 http cache lodash.isinteger@https://registry.npmjs.org/lodash.isinteger/-/lodash.isinteger-4.0.4.tgz 0ms (cache hit)
344 http cache lodash.isboolean@https://registry.npmjs.org/lodash.isboolean/-/lodash.isboolean-3.0.3.tgz 0ms (cache hit)
345 http cache lodash.includes@https://registry.npmjs.org/lodash.includes/-/lodash.includes-4.3.0.tgz 0ms (cache hit)
346 http cache jws@https://registry.npmjs.org/jws/-/jws-4.0.1.tgz 0ms (cache hit)
347 http cache object-assign@https://registry.npmjs.org/object-assign/-/object-assign-4.1.1.tgz 0ms (cache hit)
348 http cache socket.io@https://registry.npmjs.org/socket.io/-/socket.io-4.8.3.tgz 0ms (cache hit)
349 http cache mongoose@https://registry.npmjs.org/mongoose/-/mongoose-9.3.2.tgz 0ms (cache hit)
350 http cache cors@https://registry.npmjs.org/cors/-/cors-2.8.6.tgz 0ms (cache hit)
351 http cache jsonwebtoken@https://registry.npmjs.org/jsonwebtoken/-/jsonwebtoken-9.0.3.tgz 0ms (cache hit)
352 http cache ms@https://registry.npmjs.org/ms/-/ms-2.1.3.tgz 0ms (cache hit)
353 http cache debug@https://registry.npmjs.org/debug/-/debug-4.4.3.tgz 0ms (cache hit)
354 http cache ms@https://registry.npmjs.org/ms/-/ms-2.1.3.tgz 0ms (cache hit)
355 http cache ms@https://registry.npmjs.org/ms/-/ms-2.1.3.tgz 0ms (cache hit)
356 http cache debug@https://registry.npmjs.org/debug/-/debug-4.4.3.tgz 0ms (cache hit)
357 http cache debug@https://registry.npmjs.org/debug/-/debug-4.4.3.tgz 0ms (cache hit)
358 http cache debug@https://registry.npmjs.org/debug/-/debug-4.4.3.tgz 0ms (cache hit)
359 http cache ms@https://registry.npmjs.org/ms/-/ms-2.1.3.tgz 0ms (cache hit)
360 http cache ms@https://registry.npmjs.org/ms/-/ms-2.1.3.tgz 0ms (cache hit)
361 http cache ms@https://registry.npmjs.org/ms/-/ms-2.1.3.tgz 0ms (cache hit)
362 silly tarball no local data for punycode@https://registry.npmjs.org/punycode/-/punycode-2.3.1.tgz. Extracting by manifest.
363 silly tarball no local data for @socket.io/component-emitter@https://registry.npmjs.org/@socket.io/component-emitter/-/component-emitter-3.1.2.tgz. Extracting by manifest.
364 silly tarball no local data for memory-pager@https://registry.npmjs.org/memory-pager/-/memory-pager-1.5.0.tgz. Extracting by manifest.
365 silly tarball no local data for webidl-conversions@https://registry.npmjs.org/webidl-conversions/-/webidl-conversions-7.0.0.tgz. Extracting by manifest.
366 silly tarball no local data for ws@https://registry.npmjs.org/ws/-/ws-8.18.3.tgz. Extracting by manifest.
367 silly tarball no local data for undici-types@https://registry.npmjs.org/undici-types/-/undici-types-7.18.2.tgz. Extracting by manifest.
368 silly tarball no local data for @types/ws@https://registry.npmjs.org/@types/ws/-/ws-8.18.1.tgz. Extracting by manifest.
369 silly tarball no local data for engine.io-parser@https://registry.npmjs.org/engine.io-parser/-/engine.io-parser-5.2.3.tgz. Extracting by manifest.
370 silly tarball no local data for @types/cors@https://registry.npmjs.org/@types/cors/-/cors-2.8.19.tgz. Extracting by manifest.
371 silly tarball no local data for @types/node@https://registry.npmjs.org/@types/node/-/node-25.5.0.tgz. Extracting by manifest.
372 silly tarball no local data for socket.io-parser@https://registry.npmjs.org/socket.io-parser/-/socket.io-parser-4.2.6.tgz. Extracting by manifest.
373 silly tarball no local data for tr46@https://registry.npmjs.org/tr46/-/tr46-5.1.1.tgz. Extracting by manifest.
374 silly tarball no local data for socket.io-adapter@https://registry.npmjs.org/socket.io-adapter/-/socket.io-adapter-2.5.6.tgz. Extracting by manifest.
375 silly tarball no local data for base64id@https://registry.npmjs.org/base64id/-/base64id-2.0.0.tgz. Extracting by manifest.
376 silly tarball no local data for @types/webidl-conversions@https://registry.npmjs.org/@types/webidl-conversions/-/webidl-conversions-7.0.3.tgz. Extracting by manifest.
377 silly tarball no local data for engine.io@https://registry.npmjs.org/engine.io/-/engine.io-6.6.6.tgz. Extracting by manifest.
378 silly tarball no local data for whatwg-url@https://registry.npmjs.org/whatwg-url/-/whatwg-url-14.2.0.tgz. Extracting by manifest.
379 silly tarball no local data for @types/whatwg-url@https://registry.npmjs.org/@types/whatwg-url/-/whatwg-url-13.0.0.tgz. Extracting by manifest.
380 silly tarball no local data for sparse-bitfield@https://registry.npmjs.org/sparse-bitfield/-/sparse-bitfield-3.0.3.tgz. Extracting by manifest.
381 silly tarball no local data for mongodb-connection-string-url@https://registry.npmjs.org/mongodb-connection-string-url/-/mongodb-connection-string-url-7.0.1.tgz. Extracting by manifest.
382 silly tarball no local data for sift@https://registry.npmjs.org/sift/-/sift-17.1.3.tgz. Extracting by manifest.
383 silly tarball no local data for bson@https://registry.npmjs.org/bson/-/bson-7.2.0.tgz. Extracting by manifest.
384 silly tarball no local data for mquery@https://registry.npmjs.org/mquery/-/mquery-6.0.0.tgz. Extracting by manifest.
385 silly tarball no local data for @mongodb-js/saslprep@https://registry.npmjs.org/@mongodb-js/saslprep/-/saslprep-1.4.6.tgz. Extracting by manifest.
386 silly tarball no local data for mpath@https://registry.npmjs.org/mpath/-/mpath-0.9.0.tgz. Extracting by manifest.
387 silly tarball no local data for mongodb@https://registry.npmjs.org/mongodb/-/mongodb-7.1.1.tgz. Extracting by manifest.
388 silly tarball no local data for kareem@https://registry.npmjs.org/kareem/-/kareem-3.2.0.tgz. Extracting by manifest.
389 silly tarball no local data for ecdsa-sig-formatter@https://registry.npmjs.org/ecdsa-sig-formatter/-/ecdsa-sig-formatter-1.0.11.tgz. Extracting by manifest.
390 silly tarball no local data for buffer-equal-constant-time@https://registry.npmjs.org/buffer-equal-constant-time/-/buffer-equal-constant-time-1.0.1.tgz. Extracting by manifest.
391 silly tarball no local data for jwa@https://registry.npmjs.org/jwa/-/jwa-2.0.1.tgz. Extracting by manifest.
392 silly tarball no local data for lodash.isstring@https://registry.npmjs.org/lodash.isstring/-/lodash.isstring-4.0.1.tgz. Extracting by manifest.
393 silly tarball no local data for lodash.once@https://registry.npmjs.org/lodash.once/-/lodash.once-4.1.1.tgz. Extracting by manifest.
394 silly tarball no local data for lodash.isplainobject@https://registry.npmjs.org/lodash.isplainobject/-/lodash.isplainobject-4.0.6.tgz. Extracting by manifest.
395 silly tarball no local data for lodash.isnumber@https://registry.npmjs.org/lodash.isnumber/-/lodash.isnumber-3.0.3.tgz. Extracting by manifest.
396 silly tarball no local data for lodash.isinteger@https://registry.npmjs.org/lodash.isinteger/-/lodash.isinteger-4.0.4.tgz. Extracting by manifest.
397 silly tarball no local data for lodash.isboolean@https://registry.npmjs.org/lodash.isboolean/-/lodash.isboolean-3.0.3.tgz. Extracting by manifest.
398 silly tarball no local data for lodash.includes@https://registry.npmjs.org/lodash.includes/-/lodash.includes-4.3.0.tgz. Extracting by manifest.
399 silly tarball no local data for jws@https://registry.npmjs.org/jws/-/jws-4.0.1.tgz. Extracting by manifest.
400 silly tarball no local data for socket.io@https://registry.npmjs.org/socket.io/-/socket.io-4.8.3.tgz. Extracting by manifest.
401 silly tarball no local data for mongoose@https://registry.npmjs.org/mongoose/-/mongoose-9.3.2.tgz. Extracting by manifest.
402 silly tarball no local data for jsonwebtoken@https://registry.npmjs.org/jsonwebtoken/-/jsonwebtoken-9.0.3.tgz. Extracting by manifest.
403 http fetch GET 200 https://registry.npmjs.org/memory-pager/-/memory-pager-1.5.0.tgz 156ms (cache miss)
404 http fetch GET 200 https://registry.npmjs.org/@types/ws/-/ws-8.18.1.tgz 157ms (cache miss)
405 http fetch GET 200 https://registry.npmjs.org/webidl-conversions/-/webidl-conversions-7.0.0.tgz 162ms (cache miss)
406 http fetch GET 200 https://registry.npmjs.org/@socket.io/component-emitter/-/component-emitter-3.1.2.tgz 164ms (cache miss)
407 http fetch GET 200 https://registry.npmjs.org/undici-types/-/undici-types-7.18.2.tgz 173ms (cache miss)
408 http fetch GET 200 https://registry.npmjs.org/@types/webidl-conversions/-/webidl-conversions-7.0.3.tgz 244ms (cache miss)
409 http fetch GET 200 https://registry.npmjs.org/@types/whatwg-url/-/whatwg-url-13.0.0.tgz 245ms (cache miss)
410 http fetch GET 200 https://registry.npmjs.org/sparse-bitfield/-/sparse-bitfield-3.0.3.tgz 244ms (cache miss)
411 http fetch POST 200 https://registry.npmjs.org/-/npm/v1/security/advisories/bulk 313ms
412 silly audit report {}
413 http fetch GET 200 https://registry.npmjs.org/whatwg-url/-/whatwg-url-14.2.0.tgz 258ms (cache miss)
414 http fetch GET 200 https://registry.npmjs.org/engine.io/-/engine.io-6.6.6.tgz 272ms (cache miss)
415 http fetch GET 200 https://registry.npmjs.org/mongodb-connection-string-url/-/mongodb-connection-string-url-7.0.1.tgz 416ms (cache miss)
416 http fetch GET 200 https://registry.npmjs.org/punycode/-/punycode-2.3.1.tgz 453ms (cache miss)
417 http fetch GET 200 https://registry.npmjs.org/base64id/-/base64id-2.0.0.tgz 452ms (cache miss)
418 http fetch GET 200 https://registry.npmjs.org/mpath/-/mpath-0.9.0.tgz 447ms (cache miss)
419 http fetch GET 200 https://registry.npmjs.org/@types/cors/-/cors-2.8.19.tgz 463ms (cache miss)
420 http fetch GET 200 https://registry.npmjs.org/socket.io-adapter/-/socket.io-adapter-2.5.6.tgz 472ms (cache miss)
421 http fetch GET 200 https://registry.npmjs.org/mquery/-/mquery-6.0.0.tgz 472ms (cache miss)
422 http fetch GET 200 https://registry.npmjs.org/tr46/-/tr46-5.1.1.tgz 488ms (cache miss)
423 http fetch GET 200 https://registry.npmjs.org/sift/-/sift-17.1.3.tgz 496ms (cache miss)
424 http fetch GET 200 https://registry.npmjs.org/jwa/-/jwa-2.0.1.tgz 559ms (cache miss)
425 http fetch GET 200 https://registry.npmjs.org/ecdsa-sig-formatter/-/ecdsa-sig-formatter-1.0.11.tgz 562ms (cache miss)
426 http fetch GET 200 https://registry.npmjs.org/buffer-equal-constant-time/-/buffer-equal-constant-time-1.0.1.tgz 563ms (cache miss)
427 http fetch GET 200 https://registry.npmjs.org/lodash.isinteger/-/lodash.isinteger-4.0.4.tgz 560ms (cache miss)
428 http fetch GET 200 https://registry.npmjs.org/lodash.isnumber/-/lodash.isnumber-3.0.3.tgz 562ms (cache miss)
429 http fetch GET 200 https://registry.npmjs.org/lodash.isstring/-/lodash.isstring-4.0.1.tgz 565ms (cache miss)
430 http fetch GET 200 https://registry.npmjs.org/lodash.isplainobject/-/lodash.isplainobject-4.0.6.tgz 564ms (cache miss)
431 http fetch GET 200 https://registry.npmjs.org/ws/-/ws-8.18.3.tgz 587ms (cache miss)
432 http fetch GET 200 https://registry.npmjs.org/lodash.isboolean/-/lodash.isboolean-3.0.3.tgz 563ms (cache miss)
433 http fetch GET 200 https://registry.npmjs.org/lodash.once/-/lodash.once-4.1.1.tgz 570ms (cache miss)
434 http fetch GET 200 https://registry.npmjs.org/lodash.includes/-/lodash.includes-4.3.0.tgz 567ms (cache miss)
435 http fetch GET 200 https://registry.npmjs.org/jws/-/jws-4.0.1.tgz 581ms (cache miss)
436 http fetch GET 200 https://registry.npmjs.org/socket.io-parser/-/socket.io-parser-4.2.6.tgz 609ms (cache miss)
437 http fetch GET 200 https://registry.npmjs.org/kareem/-/kareem-3.2.0.tgz 623ms (cache miss)
438 http fetch GET 200 https://registry.npmjs.org/@mongodb-js/saslprep/-/saslprep-1.4.6.tgz 627ms (cache miss)
439 http fetch GET 200 https://registry.npmjs.org/engine.io-parser/-/engine.io-parser-5.2.3.tgz 657ms (cache miss)
440 http fetch GET 200 https://registry.npmjs.org/jsonwebtoken/-/jsonwebtoken-9.0.3.tgz 632ms (cache miss)
441 http fetch GET 200 https://registry.npmjs.org/socket.io/-/socket.io-4.8.3.tgz 690ms (cache miss)
442 http fetch GET 200 https://registry.npmjs.org/bson/-/bson-7.2.0.tgz 719ms (cache miss)
443 http fetch GET 200 https://registry.npmjs.org/@types/node/-/node-25.5.0.tgz 748ms (cache miss)
444 http fetch GET 200 https://registry.npmjs.org/mongoose/-/mongoose-9.3.2.tgz 942ms (cache miss)
445 http fetch GET 200 https://registry.npmjs.org/mongodb/-/mongodb-7.1.1.tgz 1021ms (cache miss)
446 silly ADD node_modules/punycode
447 silly ADD node_modules/webidl-conversions
448 silly ADD node_modules/tr46
449 silly ADD node_modules/memory-pager
450 silly ADD node_modules/@socket.io/component-emitter
451 silly ADD node_modules/undici-types
452 silly ADD node_modules/ws
453 silly ADD node_modules/engine.io-parser
454 silly ADD node_modules/@types/ws
455 silly ADD node_modules/@types/node
456 silly ADD node_modules/@types/cors
457 silly ADD node_modules/socket.io-parser
458 silly ADD node_modules/socket.io-parser/node_modules/ms
459 silly ADD node_modules/socket.io-parser/node_modules/debug
460 silly ADD node_modules/socket.io-adapter
461 silly ADD node_modules/socket.io-adapter/node_modules/ms
462 silly ADD node_modules/socket.io-adapter/node_modules/debug
463 silly ADD node_modules/engine.io
464 silly ADD node_modules/engine.io/node_modules/ms
465 silly ADD node_modules/engine.io/node_modules/debug
466 silly ADD node_modules/base64id
467 silly ADD node_modules/@types/webidl-conversions
468 silly ADD node_modules/whatwg-url
469 silly ADD node_modules/@types/whatwg-url
470 silly ADD node_modules/sparse-bitfield
471 silly ADD node_modules/mongodb-connection-string-url
472 silly ADD node_modules/bson
473 silly ADD node_modules/@mongodb-js/saslprep
474 silly ADD node_modules/sift
475 silly ADD node_modules/mquery
476 silly ADD node_modules/mpath
477 silly ADD node_modules/mongodb
478 silly ADD node_modules/kareem
479 silly ADD node_modules/ecdsa-sig-formatter
480 silly ADD node_modules/buffer-equal-constant-time
481 silly ADD node_modules/jwa
482 silly ADD node_modules/semver
483 silly ADD node_modules/lodash.once
484 silly ADD node_modules/lodash.isstring
485 silly ADD node_modules/lodash.isplainobject
486 silly ADD node_modules/lodash.isnumber
487 silly ADD node_modules/lodash.isinteger
488 silly ADD node_modules/lodash.isboolean
489 silly ADD node_modules/lodash.includes
490 silly ADD node_modules/jws
491 silly ADD node_modules/object-assign
492 silly ADD node_modules/socket.io
493 silly ADD node_modules/socket.io/node_modules/ms
494 silly ADD node_modules/socket.io/node_modules/debug
495 silly ADD node_modules/mongoose
496 silly ADD node_modules/mongoose/node_modules/ms
497 silly ADD node_modules/jsonwebtoken
498 silly ADD node_modules/jsonwebtoken/node_modules/ms
499 silly ADD node_modules/cors
500 verbose cwd /data/data/com.termux/files/home/color-app
501 verbose os Linux 5.15.178-android13-8-31998796-abF731BXXU5FYI9
502 verbose node v24.14.0
503 verbose npm  v11.12.0
504 verbose exit 0
505 info ok
