0 verbose cli /data/data/com.termux/files/usr/bin/node /data/data/com.termux/files/usr/bin/npm
1 info using npm@11.12.0
2 info using node@v24.14.0
3 silly config load:file:/data/data/com.termux/files/usr/lib/node_modules/npm/npmrc
4 silly config load:file:/data/data/com.termux/files/home/color-app/.npmrc
5 silly config load:file:/data/data/com.termux/files/home/.npmrc
6 silly config load:file:/data/data/com.termux/files/usr/etc/npmrc
7 verbose title npm uninstall sqlite3
8 verbose argv "uninstall" "sqlite3"
9 verbose logfile logs-max:10 dir:/data/data/com.termux/files/home/.npm/_logs/2026-03-23T20_03_32_600Z-
10 verbose logfile /data/data/com.termux/files/home/.npm/_logs/2026-03-23T20_03_32_600Z-debug-0.log
11 silly logfile done cleaning log files
12 silly packumentCache heap:1174405120 maxSize:293601280 maxEntrySize:146800640
13 silly idealTree buildDeps
14 silly reify moves {}
15 verbose cwd /data/data/com.termux/files/home/color-app
16 verbose os Linux 5.15.178-android13-8-31998796-abF731BXXU5FYI9
17 verbose node v24.14.0
18 verbose npm  v11.12.0
19 verbose exit 0
20 info ok
