0 verbose cli /data/data/com.termux/files/usr/bin/node /data/data/com.termux/files/usr/bin/npm
1 info using npm@11.12.0
2 info using node@v24.14.0
3 silly config load:file:/data/data/com.termux/files/usr/lib/node_modules/npm/npmrc
4 silly config load:file:/data/data/com.termux/files/home/color-app/.npmrc
5 silly config load:file:/data/data/com.termux/files/home/.npmrc
6 silly config load:file:/data/data/com.termux/files/usr/etc/npmrc
7 verbose title npm install
8 verbose argv "install"
9 verbose logfile logs-max:10 dir:/data/data/com.termux/files/home/.npm/_logs/2026-03-24T10_15_01_635Z-
10 verbose logfile /data/data/com.termux/files/home/.npm/_logs/2026-03-24T10_15_01_635Z-debug-0.log
11 silly logfile done cleaning log files
12 silly packumentCache heap:1174405120 maxSize:293601280 maxEntrySize:146800640
13 silly idealTree buildDeps
14 silly fetch manifest express@^4.18.2
15 silly packumentCache full:https://registry.npmjs.org/express cache-miss
16 http fetch GET 200 https://registry.npmjs.org/express 541ms (cache revalidated)
17 silly packumentCache full:https://registry.npmjs.org/express set size:801261 disposed:false
18 silly placeDep ROOT express@4.22.1 OK for: m55club@1.0.0 want: ^4.18.2
19 silly fetch manifest qs@~6.14.0
20 silly packumentCache full:https://registry.npmjs.org/qs cache-miss
21 silly fetch manifest depd@2.0.0
22 silly packumentCache full:https://registry.npmjs.org/depd cache-miss
23 silly fetch manifest etag@~1.8.1
24 silly packumentCache full:https://registry.npmjs.org/etag cache-miss
25 silly fetch manifest send@~0.19.0
26 silly packumentCache full:https://registry.npmjs.org/send cache-miss
27 silly fetch manifest vary@~1.1.2
28 silly packumentCache full:https://registry.npmjs.org/vary cache-miss
29 http fetch GET 200 https://registry.npmjs.org/depd 108ms (cache revalidated)
30 silly packumentCache full:https://registry.npmjs.org/depd set size:40182 disposed:false
31 silly fetch manifest debug@2.6.9
32 silly packumentCache full:https://registry.npmjs.org/debug cache-miss
33 http fetch GET 200 https://registry.npmjs.org/debug 123ms (cache revalidated)
34 silly packumentCache full:https://registry.npmjs.org/debug set size:195840 disposed:false
35 silly fetch manifest fresh@~0.5.2
36 silly packumentCache full:https://registry.npmjs.org/fresh cache-miss
37 http fetch GET 200 https://registry.npmjs.org/etag 272ms (cache revalidated)
38 silly packumentCache full:https://registry.npmjs.org/etag set size:30032 disposed:false
39 silly fetch manifest cookie@~0.7.1
40 silly packumentCache full:https://registry.npmjs.org/cookie cache-miss
41 http fetch GET 200 https://registry.npmjs.org/vary 303ms (cache revalidated)
42 silly packumentCache full:https://registry.npmjs.org/vary set size:16018 disposed:false
43 silly fetch manifest accepts@~1.3.8
44 silly packumentCache full:https://registry.npmjs.org/accepts cache-miss
45 http fetch GET 200 https://registry.npmjs.org/qs 330ms (cache revalidated)
46 silly packumentCache full:https://registry.npmjs.org/qs set size:350258 disposed:false
47 silly fetch manifest methods@~1.1.2
48 silly packumentCache full:https://registry.npmjs.org/methods cache-miss
49 http fetch GET 200 https://registry.npmjs.org/send 344ms (cache revalidated)
50 silly packumentCache full:https://registry.npmjs.org/send set size:152810 disposed:false
51 silly fetch manifest type-is@~1.6.18
52 silly packumentCache full:https://registry.npmjs.org/type-is cache-miss
53 http fetch GET 200 https://registry.npmjs.org/fresh 111ms (cache revalidated)
54 silly packumentCache full:https://registry.npmjs.org/fresh set size:25427 disposed:false
55 silly fetch manifest parseurl@~1.3.3
56 silly packumentCache full:https://registry.npmjs.org/parseurl cache-miss
57 http fetch GET 200 https://registry.npmjs.org/cookie 98ms (cache revalidated)
58 silly packumentCache full:https://registry.npmjs.org/cookie set size:72891 disposed:false
59 silly fetch manifest statuses@~2.0.1
60 silly packumentCache full:https://registry.npmjs.org/statuses cache-miss
61 http fetch GET 200 https://registry.npmjs.org/accepts 116ms (cache revalidated)
62 silly packumentCache full:https://registry.npmjs.org/accepts set size:77054 disposed:false
63 silly fetch manifest encodeurl@~2.0.0
64 silly packumentCache full:https://registry.npmjs.org/encodeurl cache-miss
65 http fetch GET 200 https://registry.npmjs.org/type-is 112ms (cache revalidated)
66 silly packumentCache full:https://registry.npmjs.org/type-is set size:86196 disposed:false
67 silly fetch manifest proxy-addr@~2.0.7
68 silly packumentCache full:https://registry.npmjs.org/proxy-addr cache-miss
69 http fetch GET 200 https://registry.npmjs.org/methods 129ms (cache miss)
70 silly packumentCache full:https://registry.npmjs.org/methods set size:undefined disposed:false
71 silly fetch manifest body-parser@~1.20.3
72 silly packumentCache full:https://registry.npmjs.org/body-parser cache-miss
73 http fetch GET 200 https://registry.npmjs.org/parseurl 109ms (cache revalidated)
74 silly packumentCache full:https://registry.npmjs.org/parseurl set size:24148 disposed:false
75 silly fetch manifest escape-html@~1.0.3
76 silly packumentCache full:https://registry.npmjs.org/escape-html cache-miss
77 http fetch GET 200 https://registry.npmjs.org/statuses 100ms (cache revalidated)
78 silly packumentCache full:https://registry.npmjs.org/statuses set size:37117 disposed:false
79 silly fetch manifest http-errors@~2.0.0
80 silly packumentCache full:https://registry.npmjs.org/http-errors cache-miss
81 http fetch GET 200 https://registry.npmjs.org/http-errors 123ms (cache revalidated)
82 silly packumentCache full:https://registry.npmjs.org/http-errors set size:71987 disposed:false
83 silly fetch manifest on-finished@~2.4.1
84 silly packumentCache full:https://registry.npmjs.org/on-finished cache-miss
85 http fetch GET 200 https://registry.npmjs.org/proxy-addr 145ms (cache revalidated)
86 silly packumentCache full:https://registry.npmjs.org/proxy-addr set size:61619 disposed:false
87 silly fetch manifest safe-buffer@5.2.1
88 silly packumentCache full:https://registry.npmjs.org/safe-buffer cache-miss
89 http fetch GET 200 https://registry.npmjs.org/encodeurl 184ms (cache revalidated)
90 silly packumentCache full:https://registry.npmjs.org/encodeurl set size:12296 disposed:false
91 silly fetch manifest utils-merge@1.0.1
92 silly packumentCache full:https://registry.npmjs.org/utils-merge cache-miss
93 http fetch GET 200 https://registry.npmjs.org/body-parser 146ms (cache revalidated)
94 silly packumentCache full:https://registry.npmjs.org/body-parser set size:216830 disposed:false
95 silly fetch manifest content-type@~1.0.4
96 silly packumentCache full:https://registry.npmjs.org/content-type cache-miss
97 http fetch GET 200 https://registry.npmjs.org/escape-html 151ms (cache revalidated)
98 silly packumentCache full:https://registry.npmjs.org/escape-html set size:7345 disposed:false
99 silly fetch manifest finalhandler@~1.3.1
100 silly packumentCache full:https://registry.npmjs.org/finalhandler cache-miss
101 http fetch GET 200 https://registry.npmjs.org/on-finished 157ms (cache revalidated)
102 silly packumentCache full:https://registry.npmjs.org/on-finished set size:23212 disposed:false
103 silly fetch manifest range-parser@~1.2.1
104 silly packumentCache full:https://registry.npmjs.org/range-parser cache-miss
105 http fetch GET 200 https://registry.npmjs.org/safe-buffer 153ms (cache revalidated)
106 silly packumentCache full:https://registry.npmjs.org/safe-buffer set size:41183 disposed:false
107 silly fetch manifest serve-static@~1.16.2
108 silly packumentCache full:https://registry.npmjs.org/serve-static cache-miss
109 http fetch GET 200 https://registry.npmjs.org/finalhandler 143ms (cache revalidated)
110 silly packumentCache full:https://registry.npmjs.org/finalhandler set size:79291 disposed:false
111 silly fetch manifest array-flatten@1.1.1
112 silly packumentCache full:https://registry.npmjs.org/array-flatten cache-miss
113 http fetch GET 200 https://registry.npmjs.org/content-type 152ms (cache revalidated)
114 silly packumentCache full:https://registry.npmjs.org/content-type set size:17311 disposed:false
115 silly fetch manifest path-to-regexp@~0.1.12
116 silly packumentCache full:https://registry.npmjs.org/path-to-regexp cache-miss
117 http fetch GET 200 https://registry.npmjs.org/utils-merge 170ms (cache miss)
118 silly packumentCache full:https://registry.npmjs.org/utils-merge set size:undefined disposed:false
119 silly fetch manifest setprototypeof@1.2.0
120 silly packumentCache full:https://registry.npmjs.org/setprototypeof cache-miss
121 http fetch GET 200 https://registry.npmjs.org/range-parser 159ms (cache revalidated)
122 silly packumentCache full:https://registry.npmjs.org/range-parser set size:22228 disposed:false
123 silly fetch manifest cookie-signature@~1.0.6
124 silly packumentCache full:https://registry.npmjs.org/cookie-signature cache-miss
125 http fetch GET 200 https://registry.npmjs.org/setprototypeof 139ms (cache revalidated)
126 silly packumentCache full:https://registry.npmjs.org/setprototypeof set size:14532 disposed:false
127 silly fetch manifest merge-descriptors@1.0.3
128 silly packumentCache full:https://registry.npmjs.org/merge-descriptors cache-miss
129 http fetch GET 200 https://registry.npmjs.org/serve-static 160ms (cache revalidated)
130 silly packumentCache full:https://registry.npmjs.org/serve-static set size:150391 disposed:false
131 silly fetch manifest content-disposition@~0.5.4
132 silly packumentCache full:https://registry.npmjs.org/content-disposition cache-miss
133 http fetch GET 200 https://registry.npmjs.org/array-flatten 161ms (cache miss)
134 silly packumentCache full:https://registry.npmjs.org/array-flatten set size:undefined disposed:false
135 http fetch GET 200 https://registry.npmjs.org/content-disposition 140ms (cache revalidated)
136 silly packumentCache full:https://registry.npmjs.org/content-disposition set size:34469 disposed:false
137 http fetch GET 200 https://registry.npmjs.org/cookie-signature 156ms (cache revalidated)
138 silly packumentCache full:https://registry.npmjs.org/cookie-signature set size:21777 disposed:false
139 http fetch GET 200 https://registry.npmjs.org/merge-descriptors 160ms (cache revalidated)
140 silly packumentCache full:https://registry.npmjs.org/merge-descriptors set size:16527 disposed:false
141 http fetch GET 200 https://registry.npmjs.org/path-to-regexp 413ms (cache revalidated)
142 silly packumentCache full:https://registry.npmjs.org/path-to-regexp set size:207142 disposed:false
143 silly placeDep ROOT accepts@1.3.8 OK for: express@4.22.1 want: ~1.3.8
144 silly placeDep ROOT array-flatten@1.1.1 OK for: express@4.22.1 want: 1.1.1
145 silly placeDep ROOT body-parser@1.20.4 OK for: express@4.22.1 want: ~1.20.3
146 silly placeDep ROOT content-disposition@0.5.4 OK for: express@4.22.1 want: ~0.5.4
147 silly placeDep ROOT content-type@1.0.5 OK for: express@4.22.1 want: ~1.0.4
148 silly placeDep ROOT cookie@0.7.2 OK for: express@4.22.1 want: ~0.7.1
149 silly placeDep ROOT cookie-signature@1.0.7 OK for: express@4.22.1 want: ~1.0.6
150 silly placeDep ROOT debug@2.6.9 OK for: express@4.22.1 want: 2.6.9
151 silly placeDep ROOT depd@2.0.0 OK for: express@4.22.1 want: 2.0.0
152 silly placeDep ROOT encodeurl@2.0.0 OK for: express@4.22.1 want: ~2.0.0
153 silly placeDep ROOT escape-html@1.0.3 OK for: express@4.22.1 want: ~1.0.3
154 silly placeDep ROOT etag@1.8.1 OK for: express@4.22.1 want: ~1.8.1
155 silly placeDep ROOT finalhandler@1.3.2 OK for: express@4.22.1 want: ~1.3.1
156 silly placeDep ROOT fresh@0.5.2 OK for: express@4.22.1 want: ~0.5.2
157 silly placeDep ROOT http-errors@2.0.1 OK for: express@4.22.1 want: ~2.0.0
158 silly placeDep ROOT merge-descriptors@1.0.3 OK for: express@4.22.1 want: 1.0.3
159 silly placeDep ROOT methods@1.1.2 OK for: express@4.22.1 want: ~1.1.2
160 silly placeDep ROOT on-finished@2.4.1 OK for: express@4.22.1 want: ~2.4.1
161 silly placeDep ROOT parseurl@1.3.3 OK for: express@4.22.1 want: ~1.3.3
162 silly placeDep ROOT path-to-regexp@0.1.12 OK for: express@4.22.1 want: ~0.1.12
163 silly placeDep ROOT proxy-addr@2.0.7 OK for: express@4.22.1 want: ~2.0.7
164 silly placeDep ROOT qs@6.14.2 OK for: express@4.22.1 want: ~6.14.0
165 silly placeDep ROOT range-parser@1.2.1 OK for: express@4.22.1 want: ~1.2.1
166 silly placeDep ROOT safe-buffer@5.2.1 OK for: express@4.22.1 want: 5.2.1
167 silly placeDep ROOT send@0.19.2 OK for: express@4.22.1 want: ~0.19.0
168 silly placeDep ROOT serve-static@1.16.3 OK for: express@4.22.1 want: ~1.16.2
169 silly placeDep ROOT setprototypeof@1.2.0 OK for: express@4.22.1 want: 1.2.0
170 silly placeDep ROOT statuses@2.0.2 OK for: express@4.22.1 want: ~2.0.1
171 silly placeDep ROOT type-is@1.6.18 OK for: express@4.22.1 want: ~1.6.18
172 silly placeDep ROOT utils-merge@1.0.1 OK for: express@4.22.1 want: 1.0.1
173 silly placeDep ROOT vary@1.1.2 OK for: express@4.22.1 want: ~1.1.2
174 silly fetch manifest mime-types@~2.1.34
175 silly packumentCache full:https://registry.npmjs.org/mime-types cache-miss
176 silly fetch manifest negotiator@0.6.3
177 silly packumentCache full:https://registry.npmjs.org/negotiator cache-miss
178 silly fetch manifest bytes@~3.1.2
179 silly packumentCache full:https://registry.npmjs.org/bytes cache-miss
180 silly fetch manifest unpipe@~1.0.0
181 silly packumentCache full:https://registry.npmjs.org/unpipe cache-miss
182 silly fetch manifest destroy@~1.2.0
183 silly packumentCache full:https://registry.npmjs.org/destroy cache-miss
184 http fetch GET 200 https://registry.npmjs.org/negotiator 136ms (cache revalidated)
185 silly packumentCache full:https://registry.npmjs.org/negotiator set size:48046 disposed:false
186 silly fetch manifest raw-body@~2.5.3
187 silly packumentCache full:https://registry.npmjs.org/raw-body cache-miss
188 http fetch GET 200 https://registry.npmjs.org/bytes 141ms (cache revalidated)
189 silly packumentCache full:https://registry.npmjs.org/bytes set size:37018 disposed:false
190 silly fetch manifest iconv-lite@~0.4.24
191 silly packumentCache full:https://registry.npmjs.org/iconv-lite cache-miss
192 http fetch GET 200 https://registry.npmjs.org/unpipe 145ms (cache revalidated)
193 silly packumentCache full:https://registry.npmjs.org/unpipe set size:3609 disposed:false
194 silly fetch manifest http-errors@~2.0.1
195 silly packumentCache full:https://registry.npmjs.org/http-errors cache-hit
196 silly fetch manifest content-type@~1.0.5
197 silly packumentCache full:https://registry.npmjs.org/content-type cache-hit
198 silly fetch manifest ms@2.0.0
199 silly packumentCache full:https://registry.npmjs.org/ms cache-miss
200 http fetch GET 200 https://registry.npmjs.org/mime-types 152ms (cache revalidated)
201 silly packumentCache full:https://registry.npmjs.org/mime-types set size:139110 disposed:false
202 silly fetch manifest statuses@~2.0.2
203 silly packumentCache full:https://registry.npmjs.org/statuses cache-hit
204 silly fetch manifest inherits@~2.0.4
205 silly packumentCache full:https://registry.npmjs.org/inherits cache-miss
206 http fetch GET 200 https://registry.npmjs.org/destroy 163ms (cache miss)
207 silly packumentCache full:https://registry.npmjs.org/destroy set size:undefined disposed:false
208 silly fetch manifest setprototypeof@~1.2.0
209 silly packumentCache full:https://registry.npmjs.org/setprototypeof cache-hit
210 silly fetch manifest toidentifier@~1.0.1
211 silly packumentCache full:https://registry.npmjs.org/toidentifier cache-miss
212 http fetch GET 200 https://registry.npmjs.org/iconv-lite 142ms (cache revalidated)
213 silly packumentCache full:https://registry.npmjs.org/iconv-lite set size:120557 disposed:false
214 silly fetch manifest ee-first@1.1.1
215 silly packumentCache full:https://registry.npmjs.org/ee-first cache-miss
216 http fetch GET 200 https://registry.npmjs.org/inherits 138ms (cache revalidated)
217 silly packumentCache full:https://registry.npmjs.org/inherits set size:12925 disposed:false
218 silly fetch manifest forwarded@0.2.0
219 silly packumentCache full:https://registry.npmjs.org/forwarded cache-miss
220 http fetch GET 200 https://registry.npmjs.org/raw-body 156ms (cache revalidated)
221 silly packumentCache full:https://registry.npmjs.org/raw-body set size:117822 disposed:false
222 silly fetch manifest ipaddr.js@1.9.1
223 silly packumentCache full:https://registry.npmjs.org/ipaddr.js cache-miss
224 http fetch GET 200 https://registry.npmjs.org/toidentifier 134ms (cache revalidated)
225 silly packumentCache full:https://registry.npmjs.org/toidentifier set size:12006 disposed:false
226 silly fetch manifest side-channel@^1.1.0
227 silly packumentCache full:https://registry.npmjs.org/side-channel cache-miss
228 http fetch GET 200 https://registry.npmjs.org/ms 155ms (cache revalidated)
229 silly packumentCache full:https://registry.npmjs.org/ms set size:92208 disposed:false
230 silly fetch manifest ms@2.1.3
231 silly packumentCache full:https://registry.npmjs.org/ms cache-hit
232 silly fetch manifest mime@1.6.0
233 silly packumentCache full:https://registry.npmjs.org/mime cache-miss
234 http fetch GET 200 https://registry.npmjs.org/forwarded 167ms (cache revalidated)
235 silly packumentCache full:https://registry.npmjs.org/forwarded set size:11229 disposed:false
236 silly fetch manifest destroy@1.2.0
237 silly packumentCache full:https://registry.npmjs.org/destroy cache-miss
238 http fetch GET 200 https://registry.npmjs.org/side-channel 164ms (cache revalidated)
239 silly packumentCache full:https://registry.npmjs.org/side-channel set size:24660 disposed:false
240 silly fetch manifest mime-types@~2.1.24
241 silly packumentCache full:https://registry.npmjs.org/mime-types cache-hit
242 silly fetch manifest media-typer@0.3.0
243 silly packumentCache full:https://registry.npmjs.org/media-typer cache-miss
244 http fetch GET 200 https://registry.npmjs.org/ee-first 181ms (cache revalidated)
245 silly packumentCache full:https://registry.npmjs.org/ee-first set size:15327 disposed:false
246 http fetch GET 200 https://registry.npmjs.org/ipaddr.js 174ms (cache revalidated)
247 silly packumentCache full:https://registry.npmjs.org/ipaddr.js set size:67857 disposed:false
248 http cache https://registry.npmjs.org/destroy 22ms (cache hit)
249 silly packumentCache full:https://registry.npmjs.org/destroy set size:15738 disposed:false
250 http fetch GET 200 https://registry.npmjs.org/mime 182ms (cache miss)
251 silly packumentCache full:https://registry.npmjs.org/mime set size:undefined disposed:false
252 http fetch GET 200 https://registry.npmjs.org/media-typer 126ms (cache revalidated)
253 silly packumentCache full:https://registry.npmjs.org/media-typer set size:20873 disposed:false
254 silly placeDep ROOT mime-types@2.1.35 OK for: accepts@1.3.8 want: ~2.1.34
255 silly placeDep ROOT negotiator@0.6.3 OK for: accepts@1.3.8 want: 0.6.3
256 silly fetch manifest mime-db@1.52.0
257 silly packumentCache full:https://registry.npmjs.org/mime-db cache-miss
258 http fetch GET 200 https://registry.npmjs.org/mime-db 110ms (cache revalidated)
259 silly packumentCache full:https://registry.npmjs.org/mime-db set size:164953 disposed:false
260 silly placeDep ROOT bytes@3.1.2 OK for: body-parser@1.20.4 want: ~3.1.2
261 silly placeDep ROOT destroy@1.2.0 OK for: body-parser@1.20.4 want: ~1.2.0
262 silly placeDep ROOT iconv-lite@0.4.24 OK for: body-parser@1.20.4 want: ~0.4.24
263 silly placeDep ROOT raw-body@2.5.3 OK for: body-parser@1.20.4 want: ~2.5.3
264 silly placeDep ROOT unpipe@1.0.0 OK for: body-parser@1.20.4 want: ~1.0.0
265 silly fetch manifest safer-buffer@>= 2.1.2 < 3
266 silly packumentCache full:https://registry.npmjs.org/safer-buffer cache-miss
267 http fetch GET 200 https://registry.npmjs.org/safer-buffer 130ms (cache revalidated)
268 silly packumentCache full:https://registry.npmjs.org/safer-buffer set size:18521 disposed:false
269 silly placeDep ROOT ms@2.0.0 OK for: debug@2.6.9 want: 2.0.0
270 silly placeDep ROOT inherits@2.0.4 OK for: http-errors@2.0.1 want: ~2.0.4
271 silly placeDep ROOT toidentifier@1.0.1 OK for: http-errors@2.0.1 want: ~1.0.1
272 silly placeDep ROOT safer-buffer@2.1.2 OK for: iconv-lite@0.4.24 want: >= 2.1.2 < 3
273 silly placeDep ROOT mime-db@1.52.0 OK for: mime-types@2.1.35 want: 1.52.0
274 silly placeDep ROOT ee-first@1.1.1 OK for: on-finished@2.4.1 want: 1.1.1
275 silly placeDep ROOT forwarded@0.2.0 OK for: proxy-addr@2.0.7 want: 0.2.0
276 silly placeDep ROOT ipaddr.js@1.9.1 OK for: proxy-addr@2.0.7 want: 1.9.1
277 silly placeDep ROOT side-channel@1.1.0 OK for: qs@6.14.2 want: ^1.1.0
278 silly fetch manifest es-errors@^1.3.0
279 silly packumentCache full:https://registry.npmjs.org/es-errors cache-miss
280 silly fetch manifest object-inspect@^1.13.3
281 silly packumentCache full:https://registry.npmjs.org/object-inspect cache-miss
282 silly fetch manifest side-channel-list@^1.0.0
283 silly packumentCache full:https://registry.npmjs.org/side-channel-list cache-miss
284 silly fetch manifest side-channel-map@^1.0.1
285 silly packumentCache full:https://registry.npmjs.org/side-channel-map cache-miss
286 silly fetch manifest side-channel-weakmap@^1.0.2
287 silly packumentCache full:https://registry.npmjs.org/side-channel-weakmap cache-miss
288 http fetch GET 200 https://registry.npmjs.org/side-channel-weakmap 133ms (cache revalidated)
289 silly packumentCache full:https://registry.npmjs.org/side-channel-weakmap set size:12620 disposed:false
290 http fetch GET 200 https://registry.npmjs.org/es-errors 139ms (cache revalidated)
291 silly packumentCache full:https://registry.npmjs.org/es-errors set size:16918 disposed:false
292 http fetch GET 200 https://registry.npmjs.org/side-channel-map 140ms (cache revalidated)
293 silly packumentCache full:https://registry.npmjs.org/side-channel-map set size:9126 disposed:false
294 http fetch GET 200 https://registry.npmjs.org/object-inspect 144ms (cache revalidated)
295 silly packumentCache full:https://registry.npmjs.org/object-inspect set size:101912 disposed:false
296 http fetch GET 200 https://registry.npmjs.org/side-channel-list 148ms (cache revalidated)
297 silly packumentCache full:https://registry.npmjs.org/side-channel-list set size:6005 disposed:false
298 silly placeDep ROOT mime@1.6.0 OK for: send@0.19.2 want: 1.6.0
299 silly placeDep node_modules/send ms@2.1.3 OK for: send@0.19.2 want: 2.1.3
300 silly placeDep ROOT es-errors@1.3.0 OK for: side-channel@1.1.0 want: ^1.3.0
301 silly placeDep ROOT object-inspect@1.13.4 OK for: side-channel@1.1.0 want: ^1.13.3
302 silly placeDep ROOT side-channel-list@1.0.0 OK for: side-channel@1.1.0 want: ^1.0.0
303 silly placeDep ROOT side-channel-map@1.0.1 OK for: side-channel@1.1.0 want: ^1.0.1
304 silly placeDep ROOT side-channel-weakmap@1.0.2 OK for: side-channel@1.1.0 want: ^1.0.2
305 silly fetch manifest call-bound@^1.0.2
306 silly packumentCache full:https://registry.npmjs.org/call-bound cache-miss
307 silly fetch manifest get-intrinsic@^1.2.5
308 silly packumentCache full:https://registry.npmjs.org/get-intrinsic cache-miss
309 silly fetch manifest call-bound@^1.0.2
310 silly packumentCache full:https://registry.npmjs.org/call-bound cache-miss
311 silly fetch manifest get-intrinsic@^1.2.5
312 silly packumentCache full:https://registry.npmjs.org/get-intrinsic cache-miss
313 http fetch GET 200 https://registry.npmjs.org/call-bound 126ms (cache revalidated)
314 silly packumentCache full:https://registry.npmjs.org/call-bound set size:15317 disposed:false
315 http fetch GET 200 https://registry.npmjs.org/call-bound 129ms (cache revalidated)
316 silly packumentCache full:https://registry.npmjs.org/call-bound set size:15317 disposed:false
317 silly packumentCache full:https://registry.npmjs.org/call-bound dispose
318 http fetch GET 200 https://registry.npmjs.org/get-intrinsic 131ms (cache revalidated)
319 silly packumentCache full:https://registry.npmjs.org/get-intrinsic set size:60985 disposed:false
320 http fetch GET 200 https://registry.npmjs.org/get-intrinsic 133ms (cache revalidated)
321 silly packumentCache full:https://registry.npmjs.org/get-intrinsic set size:60985 disposed:false
322 silly packumentCache full:https://registry.npmjs.org/get-intrinsic dispose
323 silly placeDep ROOT call-bound@1.0.4 OK for: side-channel-map@1.0.1 want: ^1.0.2
324 silly placeDep ROOT get-intrinsic@1.3.0 OK for: side-channel-map@1.0.1 want: ^1.2.5
325 silly fetch manifest call-bind-apply-helpers@^1.0.2
326 silly packumentCache full:https://registry.npmjs.org/call-bind-apply-helpers cache-miss
327 silly fetch manifest get-intrinsic@^1.3.0
328 silly packumentCache full:https://registry.npmjs.org/get-intrinsic cache-hit
329 silly fetch manifest gopd@^1.2.0
330 silly packumentCache full:https://registry.npmjs.org/gopd cache-miss
331 silly fetch manifest hasown@^2.0.2
332 silly packumentCache full:https://registry.npmjs.org/hasown cache-miss
333 silly fetch manifest get-proto@^1.0.1
334 silly packumentCache full:https://registry.npmjs.org/get-proto cache-miss
335 silly fetch manifest has-symbols@^1.1.0
336 silly packumentCache full:https://registry.npmjs.org/has-symbols cache-miss
337 http fetch GET 200 https://registry.npmjs.org/call-bind-apply-helpers 93ms (cache revalidated)
338 silly packumentCache full:https://registry.npmjs.org/call-bind-apply-helpers set size:12744 disposed:false
339 silly fetch manifest function-bind@^1.1.2
340 silly packumentCache full:https://registry.npmjs.org/function-bind cache-miss
341 http fetch GET 200 https://registry.npmjs.org/gopd 110ms (cache revalidated)
342 silly packumentCache full:https://registry.npmjs.org/gopd set size:11458 disposed:false
343 silly fetch manifest es-object-atoms@^1.1.1
344 silly packumentCache full:https://registry.npmjs.org/es-object-atoms cache-miss
345 http fetch GET 200 https://registry.npmjs.org/has-symbols 112ms (cache revalidated)
346 silly packumentCache full:https://registry.npmjs.org/has-symbols set size:21550 disposed:false
347 silly fetch manifest math-intrinsics@^1.1.0
348 silly packumentCache full:https://registry.npmjs.org/math-intrinsics cache-miss
349 http fetch GET 200 https://registry.npmjs.org/hasown 119ms (cache revalidated)
350 silly packumentCache full:https://registry.npmjs.org/hasown set size:12476 disposed:false
351 silly fetch manifest es-define-property@^1.0.1
352 silly packumentCache full:https://registry.npmjs.org/es-define-property cache-miss
353 http fetch GET 200 https://registry.npmjs.org/get-proto 121ms (cache revalidated)
354 silly packumentCache full:https://registry.npmjs.org/get-proto set size:8300 disposed:false
355 http fetch GET 200 https://registry.npmjs.org/function-bind 164ms (cache revalidated)
356 silly packumentCache full:https://registry.npmjs.org/function-bind set size:15733 disposed:false
357 http fetch GET 200 https://registry.npmjs.org/es-object-atoms 150ms (cache revalidated)
358 silly packumentCache full:https://registry.npmjs.org/es-object-atoms set size:15304 disposed:false
359 http fetch GET 200 https://registry.npmjs.org/es-define-property 144ms (cache revalidated)
360 silly packumentCache full:https://registry.npmjs.org/es-define-property set size:8542 disposed:false
361 http fetch GET 200 https://registry.npmjs.org/math-intrinsics 149ms (cache revalidated)
362 silly packumentCache full:https://registry.npmjs.org/math-intrinsics set size:9265 disposed:false
363 silly placeDep ROOT call-bind-apply-helpers@1.0.2 OK for: call-bound@1.0.4 want: ^1.0.2
364 silly placeDep ROOT function-bind@1.1.2 OK for: call-bind-apply-helpers@1.0.2 want: ^1.1.2
365 silly placeDep ROOT es-define-property@1.0.1 OK for: get-intrinsic@1.3.0 want: ^1.0.1
366 silly placeDep ROOT es-object-atoms@1.1.1 OK for: get-intrinsic@1.3.0 want: ^1.1.1
367 silly placeDep ROOT get-proto@1.0.1 OK for: get-intrinsic@1.3.0 want: ^1.0.1
368 silly placeDep ROOT gopd@1.2.0 OK for: get-intrinsic@1.3.0 want: ^1.2.0
369 silly placeDep ROOT has-symbols@1.1.0 OK for: get-intrinsic@1.3.0 want: ^1.1.0
370 silly placeDep ROOT hasown@2.0.2 OK for: get-intrinsic@1.3.0 want: ^2.0.2
371 silly placeDep ROOT math-intrinsics@1.1.0 OK for: get-intrinsic@1.3.0 want: ^1.1.0
372 silly fetch manifest dunder-proto@^1.0.1
373 silly packumentCache full:https://registry.npmjs.org/dunder-proto cache-miss
374 http fetch GET 200 https://registry.npmjs.org/dunder-proto 86ms (cache revalidated)
375 silly packumentCache full:https://registry.npmjs.org/dunder-proto set size:8256 disposed:false
376 silly placeDep ROOT dunder-proto@1.0.1 OK for: get-proto@1.0.1 want: ^1.0.1
377 silly placeDep ROOT media-typer@0.3.0 OK for: type-is@1.6.18 want: 0.3.0
378 silly reify moves {}
379 silly audit bulk request {
379 silly audit   express: [ '4.22.1' ],
379 silly audit   accepts: [ '1.3.8' ],
379 silly audit   'array-flatten': [ '1.1.1' ],
379 silly audit   'body-parser': [ '1.20.4' ],
379 silly audit   'content-disposition': [ '0.5.4' ],
379 silly audit   'content-type': [ '1.0.5' ],
379 silly audit   cookie: [ '0.7.2' ],
379 silly audit   'cookie-signature': [ '1.0.7' ],
379 silly audit   debug: [ '2.6.9' ],
379 silly audit   depd: [ '2.0.0' ],
379 silly audit   encodeurl: [ '2.0.0' ],
379 silly audit   'escape-html': [ '1.0.3' ],
379 silly audit   etag: [ '1.8.1' ],
379 silly audit   finalhandler: [ '1.3.2' ],
379 silly audit   fresh: [ '0.5.2' ],
379 silly audit   'http-errors': [ '2.0.1' ],
379 silly audit   'merge-descriptors': [ '1.0.3' ],
379 silly audit   methods: [ '1.1.2' ],
379 silly audit   'on-finished': [ '2.4.1' ],
379 silly audit   parseurl: [ '1.3.3' ],
379 silly audit   'path-to-regexp': [ '0.1.12' ],
379 silly audit   'proxy-addr': [ '2.0.7' ],
379 silly audit   qs: [ '6.14.2' ],
379 silly audit   'range-parser': [ '1.2.1' ],
379 silly audit   'safe-buffer': [ '5.2.1' ],
379 silly audit   send: [ '0.19.2' ],
379 silly audit   'serve-static': [ '1.16.3' ],
379 silly audit   setprototypeof: [ '1.2.0' ],
379 silly audit   statuses: [ '2.0.2' ],
379 silly audit   'type-is': [ '1.6.18' ],
379 silly audit   'utils-merge': [ '1.0.1' ],
379 silly audit   vary: [ '1.1.2' ],
379 silly audit   'mime-types': [ '2.1.35' ],
379 silly audit   negotiator: [ '0.6.3' ],
379 silly audit   bytes: [ '3.1.2' ],
379 silly audit   destroy: [ '1.2.0' ],
379 silly audit   'iconv-lite': [ '0.4.24' ],
379 silly audit   'raw-body': [ '2.5.3' ],
379 silly audit   unpipe: [ '1.0.0' ],
379 silly audit   ms: [ '2.0.0', '2.1.3' ],
379 silly audit   inherits: [ '2.0.4' ],
379 silly audit   toidentifier: [ '1.0.1' ],
379 silly audit   'safer-buffer': [ '2.1.2' ],
379 silly audit   'mime-db': [ '1.52.0' ],
379 silly audit   'ee-first': [ '1.1.1' ],
379 silly audit   forwarded: [ '0.2.0' ],
379 silly audit   'ipaddr.js': [ '1.9.1' ],
379 silly audit   'side-channel': [ '1.1.0' ],
379 silly audit   mime: [ '1.6.0' ],
379 silly audit   'es-errors': [ '1.3.0' ],
379 silly audit   'object-inspect': [ '1.13.4' ],
379 silly audit   'side-channel-list': [ '1.0.0' ],
379 silly audit   'side-channel-map': [ '1.0.1' ],
379 silly audit   'side-channel-weakmap': [ '1.0.2' ],
379 silly audit   'call-bound': [ '1.0.4' ],
379 silly audit   'get-intrinsic': [ '1.3.0' ],
379 silly audit   'call-bind-apply-helpers': [ '1.0.2' ],
379 silly audit   'function-bind': [ '1.1.2' ],
379 silly audit   'es-define-property': [ '1.0.1' ],
379 silly audit   'es-object-atoms': [ '1.1.1' ],
379 silly audit   'get-proto': [ '1.0.1' ],
379 silly audit   gopd: [ '1.2.0' ],
379 silly audit   'has-symbols': [ '1.1.0' ],
379 silly audit   hasown: [ '2.0.2' ],
379 silly audit   'math-intrinsics': [ '1.1.0' ],
379 silly audit   'dunder-proto': [ '1.0.1' ],
379 silly audit   'media-typer': [ '0.3.0' ]
379 silly audit }
380 http cache dunder-proto@https://registry.npmjs.org/dunder-proto/-/dunder-proto-1.0.1.tgz 0ms (cache hit)
381 http cache media-typer@https://registry.npmjs.org/media-typer/-/media-typer-0.3.0.tgz 0ms (cache hit)
382 http cache hasown@https://registry.npmjs.org/hasown/-/hasown-2.0.2.tgz 0ms (cache hit)
383 http cache has-symbols@https://registry.npmjs.org/has-symbols/-/has-symbols-1.1.0.tgz 0ms (cache hit)
384 http cache gopd@https://registry.npmjs.org/gopd/-/gopd-1.2.0.tgz 0ms (cache hit)
385 http cache get-proto@https://registry.npmjs.org/get-proto/-/get-proto-1.0.1.tgz 0ms (cache hit)
386 http cache es-object-atoms@https://registry.npmjs.org/es-object-atoms/-/es-object-atoms-1.1.1.tgz 0ms (cache hit)
387 http cache function-bind@https://registry.npmjs.org/function-bind/-/function-bind-1.1.2.tgz 0ms (cache hit)
388 http cache math-intrinsics@https://registry.npmjs.org/math-intrinsics/-/math-intrinsics-1.1.0.tgz 0ms (cache hit)
389 http cache get-intrinsic@https://registry.npmjs.org/get-intrinsic/-/get-intrinsic-1.3.0.tgz 0ms (cache hit)
390 http cache es-define-property@https://registry.npmjs.org/es-define-property/-/es-define-property-1.0.1.tgz 0ms (cache hit)
391 http cache call-bound@https://registry.npmjs.org/call-bound/-/call-bound-1.0.4.tgz 0ms (cache hit)
392 http cache side-channel-weakmap@https://registry.npmjs.org/side-channel-weakmap/-/side-channel-weakmap-1.0.2.tgz 0ms (cache hit)
393 http cache side-channel-map@https://registry.npmjs.org/side-channel-map/-/side-channel-map-1.0.1.tgz 0ms (cache hit)
394 http cache object-inspect@https://registry.npmjs.org/object-inspect/-/object-inspect-1.13.4.tgz 0ms (cache hit)
395 http cache side-channel-list@https://registry.npmjs.org/side-channel-list/-/side-channel-list-1.0.0.tgz 0ms (cache hit)
396 http cache es-errors@https://registry.npmjs.org/es-errors/-/es-errors-1.3.0.tgz 0ms (cache hit)
397 http cache mime@https://registry.npmjs.org/mime/-/mime-1.6.0.tgz 0ms (cache hit)
398 http cache side-channel@https://registry.npmjs.org/side-channel/-/side-channel-1.1.0.tgz 0ms (cache hit)
399 http cache ipaddr.js@https://registry.npmjs.org/ipaddr.js/-/ipaddr.js-1.9.1.tgz 0ms (cache hit)
400 http cache forwarded@https://registry.npmjs.org/forwarded/-/forwarded-0.2.0.tgz 0ms (cache hit)
401 http cache ee-first@https://registry.npmjs.org/ee-first/-/ee-first-1.1.1.tgz 0ms (cache hit)
402 http cache mime-db@https://registry.npmjs.org/mime-db/-/mime-db-1.52.0.tgz 0ms (cache hit)
403 http cache safer-buffer@https://registry.npmjs.org/safer-buffer/-/safer-buffer-2.1.2.tgz 0ms (cache hit)
404 http cache toidentifier@https://registry.npmjs.org/toidentifier/-/toidentifier-1.0.1.tgz 0ms (cache hit)
405 http cache inherits@https://registry.npmjs.org/inherits/-/inherits-2.0.4.tgz 0ms (cache hit)
406 http cache ms@https://registry.npmjs.org/ms/-/ms-2.0.0.tgz 0ms (cache hit)
407 http cache raw-body@https://registry.npmjs.org/raw-body/-/raw-body-2.5.3.tgz 0ms (cache hit)
408 http cache unpipe@https://registry.npmjs.org/unpipe/-/unpipe-1.0.0.tgz 0ms (cache hit)
409 http cache iconv-lite@https://registry.npmjs.org/iconv-lite/-/iconv-lite-0.4.24.tgz 0ms (cache hit)
410 http cache destroy@https://registry.npmjs.org/destroy/-/destroy-1.2.0.tgz 0ms (cache hit)
411 http cache bytes@https://registry.npmjs.org/bytes/-/bytes-3.1.2.tgz 0ms (cache hit)
412 http cache negotiator@https://registry.npmjs.org/negotiator/-/negotiator-0.6.3.tgz 0ms (cache hit)
413 http cache mime-types@https://registry.npmjs.org/mime-types/-/mime-types-2.1.35.tgz 0ms (cache hit)
414 http cache vary@https://registry.npmjs.org/vary/-/vary-1.1.2.tgz 0ms (cache hit)
415 http cache utils-merge@https://registry.npmjs.org/utils-merge/-/utils-merge-1.0.1.tgz 0ms (cache hit)
416 http cache type-is@https://registry.npmjs.org/type-is/-/type-is-1.6.18.tgz 0ms (cache hit)
417 http cache statuses@https://registry.npmjs.org/statuses/-/statuses-2.0.2.tgz 0ms (cache hit)
418 http cache setprototypeof@https://registry.npmjs.org/setprototypeof/-/setprototypeof-1.2.0.tgz 0ms (cache hit)
419 http cache serve-static@https://registry.npmjs.org/serve-static/-/serve-static-1.16.3.tgz 0ms (cache hit)
420 http cache send@https://registry.npmjs.org/send/-/send-0.19.2.tgz 0ms (cache hit)
421 http cache safe-buffer@https://registry.npmjs.org/safe-buffer/-/safe-buffer-5.2.1.tgz 0ms (cache hit)
422 http cache range-parser@https://registry.npmjs.org/range-parser/-/range-parser-1.2.1.tgz 0ms (cache hit)
423 http cache qs@https://registry.npmjs.org/qs/-/qs-6.14.2.tgz 0ms (cache hit)
424 http cache proxy-addr@https://registry.npmjs.org/proxy-addr/-/proxy-addr-2.0.7.tgz 0ms (cache hit)
425 http cache path-to-regexp@https://registry.npmjs.org/path-to-regexp/-/path-to-regexp-0.1.12.tgz 0ms (cache hit)
426 http cache on-finished@https://registry.npmjs.org/on-finished/-/on-finished-2.4.1.tgz 0ms (cache hit)
427 http cache parseurl@https://registry.npmjs.org/parseurl/-/parseurl-1.3.3.tgz 0ms (cache hit)
428 http cache methods@https://registry.npmjs.org/methods/-/methods-1.1.2.tgz 0ms (cache hit)
429 http cache merge-descriptors@https://registry.npmjs.org/merge-descriptors/-/merge-descriptors-1.0.3.tgz 0ms (cache hit)
430 http cache http-errors@https://registry.npmjs.org/http-errors/-/http-errors-2.0.1.tgz 0ms (cache hit)
431 http cache fresh@https://registry.npmjs.org/fresh/-/fresh-0.5.2.tgz 0ms (cache hit)
432 http cache finalhandler@https://registry.npmjs.org/finalhandler/-/finalhandler-1.3.2.tgz 0ms (cache hit)
433 http cache etag@https://registry.npmjs.org/etag/-/etag-1.8.1.tgz 1ms (cache hit)
434 http cache escape-html@https://registry.npmjs.org/escape-html/-/escape-html-1.0.3.tgz 0ms (cache hit)
435 http cache encodeurl@https://registry.npmjs.org/encodeurl/-/encodeurl-2.0.0.tgz 0ms (cache hit)
436 http cache depd@https://registry.npmjs.org/depd/-/depd-2.0.0.tgz 0ms (cache hit)
437 http cache cookie-signature@https://registry.npmjs.org/cookie-signature/-/cookie-signature-1.0.7.tgz 0ms (cache hit)
438 http cache debug@https://registry.npmjs.org/debug/-/debug-2.6.9.tgz 0ms (cache hit)
439 http cache cookie@https://registry.npmjs.org/cookie/-/cookie-0.7.2.tgz 0ms (cache hit)
440 http cache content-type@https://registry.npmjs.org/content-type/-/content-type-1.0.5.tgz 0ms (cache hit)
441 http cache content-disposition@https://registry.npmjs.org/content-disposition/-/content-disposition-0.5.4.tgz 0ms (cache hit)
442 http cache body-parser@https://registry.npmjs.org/body-parser/-/body-parser-1.20.4.tgz 0ms (cache hit)
443 http cache array-flatten@https://registry.npmjs.org/array-flatten/-/array-flatten-1.1.1.tgz 0ms (cache hit)
444 http cache accepts@https://registry.npmjs.org/accepts/-/accepts-1.3.8.tgz 0ms (cache hit)
445 http cache express@https://registry.npmjs.org/express/-/express-4.22.1.tgz 0ms (cache hit)
446 http cache ms@https://registry.npmjs.org/ms/-/ms-2.1.3.tgz 0ms (cache hit)
447 http cache call-bind-apply-helpers@https://registry.npmjs.org/call-bind-apply-helpers/-/call-bind-apply-helpers-1.0.2.tgz 0ms (cache hit)
448 silly tarball no local data for media-typer@https://registry.npmjs.org/media-typer/-/media-typer-0.3.0.tgz. Extracting by manifest.
449 silly tarball no local data for mime@https://registry.npmjs.org/mime/-/mime-1.6.0.tgz. Extracting by manifest.
450 silly tarball no local data for ms@https://registry.npmjs.org/ms/-/ms-2.0.0.tgz. Extracting by manifest.
451 silly tarball no local data for raw-body@https://registry.npmjs.org/raw-body/-/raw-body-2.5.3.tgz. Extracting by manifest.
452 silly tarball no local data for iconv-lite@https://registry.npmjs.org/iconv-lite/-/iconv-lite-0.4.24.tgz. Extracting by manifest.
453 silly tarball no local data for destroy@https://registry.npmjs.org/destroy/-/destroy-1.2.0.tgz. Extracting by manifest.
454 silly tarball no local data for negotiator@https://registry.npmjs.org/negotiator/-/negotiator-0.6.3.tgz. Extracting by manifest.
455 silly tarball no local data for utils-merge@https://registry.npmjs.org/utils-merge/-/utils-merge-1.0.1.tgz. Extracting by manifest.
456 silly tarball no local data for type-is@https://registry.npmjs.org/type-is/-/type-is-1.6.18.tgz. Extracting by manifest.
457 silly tarball no local data for serve-static@https://registry.npmjs.org/serve-static/-/serve-static-1.16.3.tgz. Extracting by manifest.
458 silly tarball no local data for send@https://registry.npmjs.org/send/-/send-0.19.2.tgz. Extracting by manifest.
459 silly tarball no local data for qs@https://registry.npmjs.org/qs/-/qs-6.14.2.tgz. Extracting by manifest.
460 silly tarball no local data for path-to-regexp@https://registry.npmjs.org/path-to-regexp/-/path-to-regexp-0.1.12.tgz. Extracting by manifest.
461 silly tarball no local data for methods@https://registry.npmjs.org/methods/-/methods-1.1.2.tgz. Extracting by manifest.
462 silly tarball no local data for merge-descriptors@https://registry.npmjs.org/merge-descriptors/-/merge-descriptors-1.0.3.tgz. Extracting by manifest.
463 silly tarball no local data for fresh@https://registry.npmjs.org/fresh/-/fresh-0.5.2.tgz. Extracting by manifest.
464 silly tarball no local data for finalhandler@https://registry.npmjs.org/finalhandler/-/finalhandler-1.3.2.tgz. Extracting by manifest.
465 silly tarball no local data for cookie-signature@https://registry.npmjs.org/cookie-signature/-/cookie-signature-1.0.7.tgz. Extracting by manifest.
466 silly tarball no local data for debug@https://registry.npmjs.org/debug/-/debug-2.6.9.tgz. Extracting by manifest.
467 silly tarball no local data for content-disposition@https://registry.npmjs.org/content-disposition/-/content-disposition-0.5.4.tgz. Extracting by manifest.
468 silly tarball no local data for body-parser@https://registry.npmjs.org/body-parser/-/body-parser-1.20.4.tgz. Extracting by manifest.
469 silly tarball no local data for array-flatten@https://registry.npmjs.org/array-flatten/-/array-flatten-1.1.1.tgz. Extracting by manifest.
470 silly tarball no local data for accepts@https://registry.npmjs.org/accepts/-/accepts-1.3.8.tgz. Extracting by manifest.
471 silly tarball no local data for express@https://registry.npmjs.org/express/-/express-4.22.1.tgz. Extracting by manifest.
472 http fetch GET 200 https://registry.npmjs.org/raw-body/-/raw-body-2.5.3.tgz 126ms (cache miss)
473 http fetch GET 200 https://registry.npmjs.org/ms/-/ms-2.0.0.tgz 130ms (cache miss)
474 http fetch GET 200 https://registry.npmjs.org/media-typer/-/media-typer-0.3.0.tgz 135ms (cache miss)
475 http fetch GET 200 https://registry.npmjs.org/mime/-/mime-1.6.0.tgz 137ms (cache miss)
476 http fetch GET 200 https://registry.npmjs.org/merge-descriptors/-/merge-descriptors-1.0.3.tgz 230ms (cache miss)
477 http fetch GET 200 https://registry.npmjs.org/fresh/-/fresh-0.5.2.tgz 232ms (cache miss)
478 http fetch GET 200 https://registry.npmjs.org/cookie-signature/-/cookie-signature-1.0.7.tgz 238ms (cache miss)
479 http fetch GET 200 https://registry.npmjs.org/finalhandler/-/finalhandler-1.3.2.tgz 249ms (cache miss)
480 http fetch GET 200 https://registry.npmjs.org/debug/-/debug-2.6.9.tgz 297ms (cache miss)
481 http fetch GET 200 https://registry.npmjs.org/array-flatten/-/array-flatten-1.1.1.tgz 332ms (cache miss)
482 http fetch GET 200 https://registry.npmjs.org/content-disposition/-/content-disposition-0.5.4.tgz 335ms (cache miss)
483 http fetch GET 200 https://registry.npmjs.org/body-parser/-/body-parser-1.20.4.tgz 341ms (cache miss)
484 http fetch POST 200 https://registry.npmjs.org/-/npm/v1/security/advisories/bulk 428ms
485 silly audit report {}
486 http fetch GET 200 https://registry.npmjs.org/utils-merge/-/utils-merge-1.0.1.tgz 386ms (cache miss)
487 http fetch GET 200 https://registry.npmjs.org/path-to-regexp/-/path-to-regexp-0.1.12.tgz 385ms (cache miss)
488 http fetch GET 200 https://registry.npmjs.org/destroy/-/destroy-1.2.0.tgz 389ms (cache miss)
489 http fetch GET 200 https://registry.npmjs.org/methods/-/methods-1.1.2.tgz 386ms (cache miss)
490 http fetch GET 200 https://registry.npmjs.org/serve-static/-/serve-static-1.16.3.tgz 394ms (cache miss)
491 http fetch GET 200 https://registry.npmjs.org/accepts/-/accepts-1.3.8.tgz 392ms (cache miss)
492 http fetch GET 200 https://registry.npmjs.org/negotiator/-/negotiator-0.6.3.tgz 399ms (cache miss)
493 http fetch GET 200 https://registry.npmjs.org/qs/-/qs-6.14.2.tgz 408ms (cache miss)
494 http fetch GET 200 https://registry.npmjs.org/type-is/-/type-is-1.6.18.tgz 414ms (cache miss)
495 http fetch GET 200 https://registry.npmjs.org/send/-/send-0.19.2.tgz 432ms (cache miss)
496 http fetch GET 200 https://registry.npmjs.org/express/-/express-4.22.1.tgz 446ms (cache miss)
497 http fetch GET 200 https://registry.npmjs.org/iconv-lite/-/iconv-lite-0.4.24.tgz 495ms (cache miss)
498 silly ADD node_modules/media-typer
499 silly ADD node_modules/dunder-proto
500 silly ADD node_modules/math-intrinsics
501 silly ADD node_modules/hasown
502 silly ADD node_modules/has-symbols
503 silly ADD node_modules/gopd
504 silly ADD node_modules/get-proto
505 silly ADD node_modules/es-object-atoms
506 silly ADD node_modules/es-define-property
507 silly ADD node_modules/function-bind
508 silly ADD node_modules/call-bind-apply-helpers
509 silly ADD node_modules/get-intrinsic
510 silly ADD node_modules/call-bound
511 silly ADD node_modules/side-channel-weakmap
512 silly ADD node_modules/side-channel-map
513 silly ADD node_modules/side-channel-list
514 silly ADD node_modules/object-inspect
515 silly ADD node_modules/es-errors
516 silly ADD node_modules/mime
517 silly ADD node_modules/side-channel
518 silly ADD node_modules/ipaddr.js
519 silly ADD node_modules/forwarded
520 silly ADD node_modules/ee-first
521 silly ADD node_modules/mime-db
522 silly ADD node_modules/safer-buffer
523 silly ADD node_modules/toidentifier
524 silly ADD node_modules/inherits
525 silly ADD node_modules/ms
526 silly ADD node_modules/unpipe
527 silly ADD node_modules/raw-body
528 silly ADD node_modules/iconv-lite
529 silly ADD node_modules/destroy
530 silly ADD node_modules/bytes
531 silly ADD node_modules/negotiator
532 silly ADD node_modules/mime-types
533 silly ADD node_modules/vary
534 silly ADD node_modules/utils-merge
535 silly ADD node_modules/type-is
536 silly ADD node_modules/statuses
537 silly ADD node_modules/setprototypeof
538 silly ADD node_modules/serve-static
539 silly ADD node_modules/send
540 silly ADD node_modules/send/node_modules/ms
541 silly ADD node_modules/safe-buffer
542 silly ADD node_modules/range-parser
543 silly ADD node_modules/qs
544 silly ADD node_modules/proxy-addr
545 silly ADD node_modules/path-to-regexp
546 silly ADD node_modules/parseurl
547 silly ADD node_modules/on-finished
548 silly ADD node_modules/methods
549 silly ADD node_modules/merge-descriptors
550 silly ADD node_modules/http-errors
551 silly ADD node_modules/fresh
552 silly ADD node_modules/finalhandler
553 silly ADD node_modules/etag
554 silly ADD node_modules/escape-html
555 silly ADD node_modules/encodeurl
556 silly ADD node_modules/depd
557 silly ADD node_modules/debug
558 silly ADD node_modules/cookie-signature
559 silly ADD node_modules/cookie
560 silly ADD node_modules/content-type
561 silly ADD node_modules/content-disposition
562 silly ADD node_modules/body-parser
563 silly ADD node_modules/array-flatten
564 silly ADD node_modules/accepts
565 silly ADD node_modules/express
566 verbose cwd /data/data/com.termux/files/home/color-app
567 verbose os Linux 5.15.178-android13-8-31998796-abF731BXXU5FYI9
568 verbose node v24.14.0
569 verbose npm  v11.12.0
570 verbose exit 0
571 info ok
