0 verbose cli /data/data/com.termux/files/usr/bin/node /data/data/com.termux/files/usr/bin/npm
1 info using npm@11.12.0
2 info using node@v24.14.0
3 silly config load:file:/data/data/com.termux/files/usr/lib/node_modules/npm/npmrc
4 silly config load:file:/data/data/com.termux/files/home/color-app/.npmrc
5 silly config load:file:/data/data/com.termux/files/home/.npmrc
6 silly config load:file:/data/data/com.termux/files/usr/etc/npmrc
7 verbose title npm install express cors
8 verbose argv "install" "express" "cors"
9 verbose logfile logs-max:10 dir:/data/data/com.termux/files/home/.npm/_logs/2026-03-23T20_04_20_197Z-
10 verbose logfile /data/data/com.termux/files/home/.npm/_logs/2026-03-23T20_04_20_197Z-debug-0.log
11 silly logfile done cleaning log files
12 silly packumentCache heap:1174405120 maxSize:293601280 maxEntrySize:146800640
13 silly idealTree buildDeps
14 silly fetch manifest express@*
15 silly packumentCache full:https://registry.npmjs.org/express cache-miss
16 http cache https://registry.npmjs.org/express 46ms (cache hit)
17 silly packumentCache full:https://registry.npmjs.org/express set size:801261 disposed:false
18 silly fetch manifest cors@*
19 silly packumentCache full:https://registry.npmjs.org/cors cache-miss
20 http cache https://registry.npmjs.org/cors 11ms (cache hit)
21 silly packumentCache full:https://registry.npmjs.org/cors set size:77956 disposed:false
22 silly placeDep ROOT cors@2.8.6 OK for:  want: *
23 silly placeDep ROOT express@5.2.1 OK for:  want: *
24 silly fetch manifest object-assign@^4
25 silly packumentCache full:https://registry.npmjs.org/object-assign cache-miss
26 silly fetch manifest vary@^1
27 silly packumentCache full:https://registry.npmjs.org/vary cache-miss
28 silly fetch manifest qs@^6.14.0
29 silly packumentCache full:https://registry.npmjs.org/qs cache-miss
30 silly fetch manifest depd@^2.0.0
31 silly packumentCache full:https://registry.npmjs.org/depd cache-miss
32 silly fetch manifest etag@^1.8.1
33 silly packumentCache full:https://registry.npmjs.org/etag cache-miss
34 silly fetch manifest once@^1.4.0
35 silly packumentCache full:https://registry.npmjs.org/once cache-miss
36 silly fetch manifest send@^1.1.0
37 silly packumentCache full:https://registry.npmjs.org/send cache-miss
38 http cache https://registry.npmjs.org/vary 25ms (cache hit)
39 silly packumentCache full:https://registry.npmjs.org/vary set size:16018 disposed:false
40 silly fetch manifest vary@^1.1.2
41 silly packumentCache full:https://registry.npmjs.org/vary cache-hit
42 silly fetch manifest debug@^4.4.0
43 silly packumentCache full:https://registry.npmjs.org/debug cache-miss
44 http cache https://registry.npmjs.org/once 26ms (cache hit)
45 silly packumentCache full:https://registry.npmjs.org/once set size:11752 disposed:false
46 silly fetch manifest fresh@^2.0.0
47 silly packumentCache full:https://registry.npmjs.org/fresh cache-miss
48 http cache https://registry.npmjs.org/object-assign 32ms (cache hit)
49 silly packumentCache full:https://registry.npmjs.org/object-assign set size:28988 disposed:false
50 silly fetch manifest cookie@^0.7.1
51 silly packumentCache full:https://registry.npmjs.org/cookie cache-miss
52 http cache https://registry.npmjs.org/depd 33ms (cache hit)
53 silly packumentCache full:https://registry.npmjs.org/depd set size:40182 disposed:false
54 silly fetch manifest router@^2.2.0
55 silly packumentCache full:https://registry.npmjs.org/router cache-miss
56 http cache https://registry.npmjs.org/etag 34ms (cache hit)
57 silly packumentCache full:https://registry.npmjs.org/etag set size:30032 disposed:false
58 silly fetch manifest accepts@^2.0.0
59 silly packumentCache full:https://registry.npmjs.org/accepts cache-miss
60 http cache https://registry.npmjs.org/send 36ms (cache hit)
61 silly packumentCache full:https://registry.npmjs.org/send set size:152810 disposed:false
62 silly fetch manifest type-is@^2.0.1
63 silly packumentCache full:https://registry.npmjs.org/type-is cache-miss
64 http cache https://registry.npmjs.org/qs 44ms (cache hit)
65 silly packumentCache full:https://registry.npmjs.org/qs set size:350258 disposed:false
66 silly fetch manifest parseurl@^1.3.3
67 silly packumentCache full:https://registry.npmjs.org/parseurl cache-miss
68 http cache https://registry.npmjs.org/fresh 32ms (cache hit)
69 silly packumentCache full:https://registry.npmjs.org/fresh set size:25427 disposed:false
70 silly fetch manifest statuses@^2.0.1
71 silly packumentCache full:https://registry.npmjs.org/statuses cache-miss
72 http cache https://registry.npmjs.org/debug 39ms (cache hit)
73 silly packumentCache full:https://registry.npmjs.org/debug set size:195840 disposed:false
74 silly fetch manifest encodeurl@^2.0.0
75 silly packumentCache full:https://registry.npmjs.org/encodeurl cache-miss
76 http cache https://registry.npmjs.org/cookie 45ms (cache hit)
77 silly packumentCache full:https://registry.npmjs.org/cookie set size:72891 disposed:false
78 silly fetch manifest mime-types@^3.0.0
79 silly packumentCache full:https://registry.npmjs.org/mime-types cache-miss
80 http cache https://registry.npmjs.org/router 47ms (cache hit)
81 silly packumentCache full:https://registry.npmjs.org/router set size:116499 disposed:false
82 silly fetch manifest proxy-addr@^2.0.7
83 silly packumentCache full:https://registry.npmjs.org/proxy-addr cache-miss
84 http cache https://registry.npmjs.org/type-is 44ms (cache hit)
85 silly packumentCache full:https://registry.npmjs.org/type-is set size:86196 disposed:false
86 silly fetch manifest body-parser@^2.2.1
87 silly packumentCache full:https://registry.npmjs.org/body-parser cache-miss
88 http cache https://registry.npmjs.org/parseurl 39ms (cache hit)
89 silly packumentCache full:https://registry.npmjs.org/parseurl set size:24148 disposed:false
90 silly fetch manifest escape-html@^1.0.3
91 silly packumentCache full:https://registry.npmjs.org/escape-html cache-miss
92 http cache https://registry.npmjs.org/accepts 54ms (cache hit)
93 silly packumentCache full:https://registry.npmjs.org/accepts set size:77054 disposed:false
94 silly fetch manifest http-errors@^2.0.0
95 silly packumentCache full:https://registry.npmjs.org/http-errors cache-miss
96 http cache https://registry.npmjs.org/escape-html 12ms (cache hit)
97 silly packumentCache full:https://registry.npmjs.org/escape-html set size:7345 disposed:false
98 silly fetch manifest on-finished@^2.4.1
99 silly packumentCache full:https://registry.npmjs.org/on-finished cache-miss
100 http cache https://registry.npmjs.org/statuses 41ms (cache hit)
101 silly packumentCache full:https://registry.npmjs.org/statuses set size:37117 disposed:false
102 silly fetch manifest content-type@^1.0.5
103 silly packumentCache full:https://registry.npmjs.org/content-type cache-miss
104 http cache https://registry.npmjs.org/encodeurl 38ms (cache hit)
105 silly packumentCache full:https://registry.npmjs.org/encodeurl set size:12296 disposed:false
106 silly fetch manifest finalhandler@^2.1.0
107 silly packumentCache full:https://registry.npmjs.org/finalhandler cache-miss
108 http cache https://registry.npmjs.org/proxy-addr 25ms (cache hit)
109 silly packumentCache full:https://registry.npmjs.org/proxy-addr set size:61619 disposed:false
110 silly fetch manifest range-parser@^1.2.1
111 silly packumentCache full:https://registry.npmjs.org/range-parser cache-miss
112 http cache https://registry.npmjs.org/mime-types 31ms (cache hit)
113 silly packumentCache full:https://registry.npmjs.org/mime-types set size:139110 disposed:false
114 silly fetch manifest serve-static@^2.2.0
115 silly packumentCache full:https://registry.npmjs.org/serve-static cache-miss
116 http cache https://registry.npmjs.org/body-parser 28ms (cache hit)
117 silly packumentCache full:https://registry.npmjs.org/body-parser set size:216830 disposed:false
118 silly fetch manifest cookie-signature@^1.2.1
119 silly packumentCache full:https://registry.npmjs.org/cookie-signature cache-miss
120 http cache https://registry.npmjs.org/http-errors 28ms (cache hit)
121 silly packumentCache full:https://registry.npmjs.org/http-errors set size:71987 disposed:false
122 silly fetch manifest merge-descriptors@^2.0.0
123 silly packumentCache full:https://registry.npmjs.org/merge-descriptors cache-miss
124 http cache https://registry.npmjs.org/finalhandler 25ms (cache hit)
125 silly packumentCache full:https://registry.npmjs.org/finalhandler set size:79291 disposed:false
126 silly fetch manifest content-disposition@^1.0.0
127 silly packumentCache full:https://registry.npmjs.org/content-disposition cache-miss
128 http cache https://registry.npmjs.org/content-type 30ms (cache hit)
129 silly packumentCache full:https://registry.npmjs.org/content-type set size:17311 disposed:false
130 http cache https://registry.npmjs.org/range-parser 27ms (cache hit)
131 silly packumentCache full:https://registry.npmjs.org/range-parser set size:22228 disposed:false
132 http cache https://registry.npmjs.org/serve-static 26ms (cache hit)
133 silly packumentCache full:https://registry.npmjs.org/serve-static set size:150391 disposed:false
134 http cache https://registry.npmjs.org/on-finished 40ms (cache hit)
135 silly packumentCache full:https://registry.npmjs.org/on-finished set size:23212 disposed:false
136 http cache https://registry.npmjs.org/cookie-signature 26ms (cache hit)
137 silly packumentCache full:https://registry.npmjs.org/cookie-signature set size:21777 disposed:false
138 http cache https://registry.npmjs.org/merge-descriptors 24ms (cache hit)
139 silly packumentCache full:https://registry.npmjs.org/merge-descriptors set size:16527 disposed:false
140 http cache https://registry.npmjs.org/content-disposition 16ms (cache hit)
141 silly packumentCache full:https://registry.npmjs.org/content-disposition set size:34469 disposed:false
142 silly placeDep ROOT object-assign@4.1.1 OK for: cors@2.8.6 want: ^4
143 silly placeDep ROOT vary@1.1.2 OK for: cors@2.8.6 want: ^1
144 silly placeDep ROOT accepts@2.0.0 OK for: express@5.2.1 want: ^2.0.0
145 silly placeDep ROOT body-parser@2.2.2 OK for: express@5.2.1 want: ^2.2.1
146 silly placeDep ROOT content-disposition@1.0.1 OK for: express@5.2.1 want: ^1.0.0
147 silly placeDep ROOT content-type@1.0.5 OK for: express@5.2.1 want: ^1.0.5
148 silly placeDep ROOT cookie@0.7.2 OK for: express@5.2.1 want: ^0.7.1
149 silly placeDep ROOT cookie-signature@1.2.2 OK for: express@5.2.1 want: ^1.2.1
150 silly placeDep ROOT debug@4.4.3 OK for: express@5.2.1 want: ^4.4.0
151 silly placeDep ROOT depd@2.0.0 OK for: express@5.2.1 want: ^2.0.0
152 silly placeDep ROOT encodeurl@2.0.0 OK for: express@5.2.1 want: ^2.0.0
153 silly placeDep ROOT escape-html@1.0.3 OK for: express@5.2.1 want: ^1.0.3
154 silly placeDep ROOT etag@1.8.1 OK for: express@5.2.1 want: ^1.8.1
155 silly placeDep ROOT finalhandler@2.1.1 OK for: express@5.2.1 want: ^2.1.0
156 silly placeDep ROOT fresh@2.0.0 OK for: express@5.2.1 want: ^2.0.0
157 silly placeDep ROOT http-errors@2.0.1 OK for: express@5.2.1 want: ^2.0.0
158 silly placeDep ROOT merge-descriptors@2.0.0 OK for: express@5.2.1 want: ^2.0.0
159 silly placeDep ROOT mime-types@3.0.2 OK for: express@5.2.1 want: ^3.0.0
160 silly placeDep ROOT on-finished@2.4.1 OK for: express@5.2.1 want: ^2.4.1
161 silly placeDep ROOT once@1.4.0 OK for: express@5.2.1 want: ^1.4.0
162 silly placeDep ROOT parseurl@1.3.3 OK for: express@5.2.1 want: ^1.3.3
163 silly placeDep ROOT proxy-addr@2.0.7 OK for: express@5.2.1 want: ^2.0.7
164 silly placeDep ROOT qs@6.15.0 OK for: express@5.2.1 want: ^6.14.0
165 silly placeDep ROOT range-parser@1.2.1 OK for: express@5.2.1 want: ^1.2.1
166 silly placeDep ROOT router@2.2.0 OK for: express@5.2.1 want: ^2.2.0
167 silly placeDep ROOT send@1.2.1 OK for: express@5.2.1 want: ^1.1.0
168 silly placeDep ROOT serve-static@2.2.1 OK for: express@5.2.1 want: ^2.2.0
169 silly placeDep ROOT statuses@2.0.2 OK for: express@5.2.1 want: ^2.0.1
170 silly placeDep ROOT type-is@2.0.1 OK for: express@5.2.1 want: ^2.0.1
171 silly fetch manifest negotiator@^1.0.0
172 silly packumentCache full:https://registry.npmjs.org/negotiator cache-miss
173 silly fetch manifest bytes@^3.1.2
174 silly packumentCache full:https://registry.npmjs.org/bytes cache-miss
175 silly fetch manifest debug@^4.4.3
176 silly packumentCache full:https://registry.npmjs.org/debug cache-hit
177 silly fetch manifest iconv-lite@^0.7.0
178 silly packumentCache full:https://registry.npmjs.org/iconv-lite cache-miss
179 silly fetch manifest qs@^6.14.1
180 silly packumentCache full:https://registry.npmjs.org/qs cache-hit
181 silly fetch manifest raw-body@^3.0.1
182 silly packumentCache full:https://registry.npmjs.org/raw-body cache-miss
183 silly fetch manifest ms@^2.1.3
184 silly packumentCache full:https://registry.npmjs.org/ms cache-miss
185 silly fetch manifest inherits@~2.0.4
186 silly packumentCache full:https://registry.npmjs.org/inherits cache-miss
187 silly fetch manifest setprototypeof@~1.2.0
188 silly packumentCache full:https://registry.npmjs.org/setprototypeof cache-miss
189 http cache https://registry.npmjs.org/negotiator 24ms (cache hit)
190 silly packumentCache full:https://registry.npmjs.org/negotiator set size:48046 disposed:false
191 silly fetch manifest statuses@~2.0.2
192 silly packumentCache full:https://registry.npmjs.org/statuses cache-hit
193 silly fetch manifest toidentifier@~1.0.1
194 silly packumentCache full:https://registry.npmjs.org/toidentifier cache-miss
195 http cache https://registry.npmjs.org/inherits 21ms (cache hit)
196 silly packumentCache full:https://registry.npmjs.org/inherits set size:12925 disposed:false
197 silly fetch manifest mime-db@^1.54.0
198 silly packumentCache full:https://registry.npmjs.org/mime-db cache-miss
199 http cache https://registry.npmjs.org/setprototypeof 22ms (cache hit)
200 silly packumentCache full:https://registry.npmjs.org/setprototypeof set size:14532 disposed:false
201 silly fetch manifest ee-first@1.1.1
202 silly packumentCache full:https://registry.npmjs.org/ee-first cache-miss
203 http cache https://registry.npmjs.org/iconv-lite 30ms (cache hit)
204 silly packumentCache full:https://registry.npmjs.org/iconv-lite set size:120557 disposed:false
205 silly fetch manifest wrappy@1
206 silly packumentCache full:https://registry.npmjs.org/wrappy cache-miss
207 http cache https://registry.npmjs.org/ms 30ms (cache hit)
208 silly packumentCache full:https://registry.npmjs.org/ms set size:92208 disposed:false
209 silly fetch manifest forwarded@0.2.0
210 silly packumentCache full:https://registry.npmjs.org/forwarded cache-miss
211 http cache https://registry.npmjs.org/raw-body 35ms (cache hit)
212 silly packumentCache full:https://registry.npmjs.org/raw-body set size:117822 disposed:false
213 silly fetch manifest ipaddr.js@1.9.1
214 silly packumentCache full:https://registry.npmjs.org/ipaddr.js cache-miss
215 http cache https://registry.npmjs.org/bytes 43ms (cache hit)
216 silly packumentCache full:https://registry.npmjs.org/bytes set size:37018 disposed:false
217 silly fetch manifest side-channel@^1.1.0
218 silly packumentCache full:https://registry.npmjs.org/side-channel cache-miss
219 http cache https://registry.npmjs.org/toidentifier 27ms (cache hit)
220 silly packumentCache full:https://registry.npmjs.org/toidentifier set size:12006 disposed:false
221 silly fetch manifest is-promise@^4.0.0
222 silly packumentCache full:https://registry.npmjs.org/is-promise cache-miss
223 http cache https://registry.npmjs.org/wrappy 24ms (cache hit)
224 silly packumentCache full:https://registry.npmjs.org/wrappy set size:7682 disposed:false
225 silly fetch manifest path-to-regexp@^8.0.0
226 silly packumentCache full:https://registry.npmjs.org/path-to-regexp cache-miss
227 http cache https://registry.npmjs.org/ee-first 30ms (cache hit)
228 silly packumentCache full:https://registry.npmjs.org/ee-first set size:15327 disposed:false
229 silly fetch manifest statuses@^2.0.2
230 silly packumentCache full:https://registry.npmjs.org/statuses cache-hit
231 silly fetch manifest media-typer@^1.1.0
232 silly packumentCache full:https://registry.npmjs.org/media-typer cache-miss
233 http cache https://registry.npmjs.org/forwarded 25ms (cache hit)
234 silly packumentCache full:https://registry.npmjs.org/forwarded set size:11229 disposed:false
235 http cache https://registry.npmjs.org/ipaddr.js 22ms (cache hit)
236 silly packumentCache full:https://registry.npmjs.org/ipaddr.js set size:67857 disposed:false
237 http cache https://registry.npmjs.org/mime-db 38ms (cache hit)
238 silly packumentCache full:https://registry.npmjs.org/mime-db set size:164953 disposed:false
239 http cache https://registry.npmjs.org/side-channel 25ms (cache hit)
240 silly packumentCache full:https://registry.npmjs.org/side-channel set size:24660 disposed:false
241 http cache https://registry.npmjs.org/is-promise 21ms (cache hit)
242 silly packumentCache full:https://registry.npmjs.org/is-promise set size:18599 disposed:false
243 http cache https://registry.npmjs.org/media-typer 17ms (cache hit)
244 silly packumentCache full:https://registry.npmjs.org/media-typer set size:20873 disposed:false
245 http cache https://registry.npmjs.org/path-to-regexp 23ms (cache hit)
246 silly packumentCache full:https://registry.npmjs.org/path-to-regexp set size:207142 disposed:false
247 silly placeDep ROOT negotiator@1.0.0 OK for: accepts@2.0.0 want: ^1.0.0
248 silly placeDep ROOT bytes@3.1.2 OK for: body-parser@2.2.2 want: ^3.1.2
249 silly placeDep ROOT iconv-lite@0.7.2 OK for: body-parser@2.2.2 want: ^0.7.0
250 silly placeDep ROOT raw-body@3.0.2 OK for: body-parser@2.2.2 want: ^3.0.1
251 silly fetch manifest safer-buffer@>= 2.1.2 < 3.0.0
252 silly packumentCache full:https://registry.npmjs.org/safer-buffer cache-miss
253 silly fetch manifest unpipe@~1.0.0
254 silly packumentCache full:https://registry.npmjs.org/unpipe cache-miss
255 http cache https://registry.npmjs.org/unpipe 6ms (cache hit)
256 silly packumentCache full:https://registry.npmjs.org/unpipe set size:3609 disposed:false
257 http cache https://registry.npmjs.org/safer-buffer 7ms (cache hit)
258 silly packumentCache full:https://registry.npmjs.org/safer-buffer set size:18521 disposed:false
259 silly placeDep ROOT ms@2.1.3 OK for: debug@4.4.3 want: ^2.1.3
260 silly placeDep ROOT inherits@2.0.4 OK for: http-errors@2.0.1 want: ~2.0.4
261 silly placeDep ROOT setprototypeof@1.2.0 OK for: http-errors@2.0.1 want: ~1.2.0
262 silly placeDep ROOT toidentifier@1.0.1 OK for: http-errors@2.0.1 want: ~1.0.1
263 silly placeDep ROOT safer-buffer@2.1.2 OK for: iconv-lite@0.7.2 want: >= 2.1.2 < 3.0.0
264 silly placeDep ROOT mime-db@1.54.0 OK for: mime-types@3.0.2 want: ^1.54.0
265 silly placeDep ROOT ee-first@1.1.1 OK for: on-finished@2.4.1 want: 1.1.1
266 silly placeDep ROOT wrappy@1.0.2 OK for: once@1.4.0 want: 1
267 silly placeDep ROOT forwarded@0.2.0 OK for: proxy-addr@2.0.7 want: 0.2.0
268 silly placeDep ROOT ipaddr.js@1.9.1 OK for: proxy-addr@2.0.7 want: 1.9.1
269 silly placeDep ROOT side-channel@1.1.0 OK for: qs@6.15.0 want: ^1.1.0
270 silly fetch manifest es-errors@^1.3.0
271 silly packumentCache full:https://registry.npmjs.org/es-errors cache-miss
272 silly fetch manifest object-inspect@^1.13.3
273 silly packumentCache full:https://registry.npmjs.org/object-inspect cache-miss
274 silly fetch manifest side-channel-list@^1.0.0
275 silly packumentCache full:https://registry.npmjs.org/side-channel-list cache-miss
276 silly fetch manifest side-channel-map@^1.0.1
277 silly packumentCache full:https://registry.npmjs.org/side-channel-map cache-miss
278 silly fetch manifest side-channel-weakmap@^1.0.2
279 silly packumentCache full:https://registry.npmjs.org/side-channel-weakmap cache-miss
280 http cache https://registry.npmjs.org/side-channel-map 18ms (cache hit)
281 silly packumentCache full:https://registry.npmjs.org/side-channel-map set size:9126 disposed:false
282 http cache https://registry.npmjs.org/object-inspect 20ms (cache hit)
283 silly packumentCache full:https://registry.npmjs.org/object-inspect set size:101912 disposed:false
284 http cache https://registry.npmjs.org/side-channel-weakmap 21ms (cache hit)
285 silly packumentCache full:https://registry.npmjs.org/side-channel-weakmap set size:12620 disposed:false
286 http cache https://registry.npmjs.org/es-errors 24ms (cache hit)
287 silly packumentCache full:https://registry.npmjs.org/es-errors set size:16918 disposed:false
288 http cache https://registry.npmjs.org/side-channel-list 24ms (cache hit)
289 silly packumentCache full:https://registry.npmjs.org/side-channel-list set size:6005 disposed:false
290 silly placeDep ROOT unpipe@1.0.0 OK for: raw-body@3.0.2 want: ~1.0.0
291 silly placeDep ROOT is-promise@4.0.0 OK for: router@2.2.0 want: ^4.0.0
292 silly placeDep ROOT path-to-regexp@8.3.0 OK for: router@2.2.0 want: ^8.0.0
293 silly placeDep ROOT es-errors@1.3.0 OK for: side-channel@1.1.0 want: ^1.3.0
294 silly placeDep ROOT object-inspect@1.13.4 OK for: side-channel@1.1.0 want: ^1.13.3
295 silly placeDep ROOT side-channel-list@1.0.0 OK for: side-channel@1.1.0 want: ^1.0.0
296 silly placeDep ROOT side-channel-map@1.0.1 OK for: side-channel@1.1.0 want: ^1.0.1
297 silly placeDep ROOT side-channel-weakmap@1.0.2 OK for: side-channel@1.1.0 want: ^1.0.2
298 silly fetch manifest call-bound@^1.0.2
299 silly packumentCache full:https://registry.npmjs.org/call-bound cache-miss
300 silly fetch manifest get-intrinsic@^1.2.5
301 silly packumentCache full:https://registry.npmjs.org/get-intrinsic cache-miss
302 silly fetch manifest call-bound@^1.0.2
303 silly packumentCache full:https://registry.npmjs.org/call-bound cache-miss
304 silly fetch manifest get-intrinsic@^1.2.5
305 silly packumentCache full:https://registry.npmjs.org/get-intrinsic cache-miss
306 http cache https://registry.npmjs.org/call-bound 8ms (cache hit)
307 silly packumentCache full:https://registry.npmjs.org/call-bound set size:15317 disposed:false
308 http cache https://registry.npmjs.org/call-bound 10ms (cache hit)
309 silly packumentCache full:https://registry.npmjs.org/call-bound set size:15317 disposed:false
310 silly packumentCache full:https://registry.npmjs.org/call-bound dispose
311 http cache https://registry.npmjs.org/get-intrinsic 12ms (cache hit)
312 silly packumentCache full:https://registry.npmjs.org/get-intrinsic set size:60985 disposed:false
313 http cache https://registry.npmjs.org/get-intrinsic 13ms (cache hit)
314 silly packumentCache full:https://registry.npmjs.org/get-intrinsic set size:60985 disposed:false
315 silly packumentCache full:https://registry.npmjs.org/get-intrinsic dispose
316 silly placeDep ROOT call-bound@1.0.4 OK for: side-channel-map@1.0.1 want: ^1.0.2
317 silly placeDep ROOT get-intrinsic@1.3.0 OK for: side-channel-map@1.0.1 want: ^1.2.5
318 silly fetch manifest call-bind-apply-helpers@^1.0.2
319 silly packumentCache full:https://registry.npmjs.org/call-bind-apply-helpers cache-miss
320 silly fetch manifest get-intrinsic@^1.3.0
321 silly packumentCache full:https://registry.npmjs.org/get-intrinsic cache-hit
322 silly fetch manifest gopd@^1.2.0
323 silly packumentCache full:https://registry.npmjs.org/gopd cache-miss
324 silly fetch manifest hasown@^2.0.2
325 silly packumentCache full:https://registry.npmjs.org/hasown cache-miss
326 silly fetch manifest get-proto@^1.0.1
327 silly packumentCache full:https://registry.npmjs.org/get-proto cache-miss
328 silly fetch manifest has-symbols@^1.1.0
329 silly packumentCache full:https://registry.npmjs.org/has-symbols cache-miss
330 silly fetch manifest function-bind@^1.1.2
331 silly packumentCache full:https://registry.npmjs.org/function-bind cache-miss
332 silly fetch manifest es-object-atoms@^1.1.1
333 silly packumentCache full:https://registry.npmjs.org/es-object-atoms cache-miss
334 http cache https://registry.npmjs.org/get-proto 12ms (cache hit)
335 silly packumentCache full:https://registry.npmjs.org/get-proto set size:8300 disposed:false
336 silly fetch manifest math-intrinsics@^1.1.0
337 silly packumentCache full:https://registry.npmjs.org/math-intrinsics cache-miss
338 http cache https://registry.npmjs.org/hasown 14ms (cache hit)
339 silly packumentCache full:https://registry.npmjs.org/hasown set size:12476 disposed:false
340 silly fetch manifest es-define-property@^1.0.1
341 silly packumentCache full:https://registry.npmjs.org/es-define-property cache-miss
342 http cache https://registry.npmjs.org/has-symbols 16ms (cache hit)
343 silly packumentCache full:https://registry.npmjs.org/has-symbols set size:21550 disposed:false
344 silly fetch manifest call-bind-apply-helpers@^1.0.2
345 silly packumentCache full:https://registry.npmjs.org/call-bind-apply-helpers cache-miss
346 http cache https://registry.npmjs.org/es-object-atoms 16ms (cache hit)
347 silly packumentCache full:https://registry.npmjs.org/es-object-atoms set size:15304 disposed:false
348 http cache https://registry.npmjs.org/gopd 22ms (cache hit)
349 silly packumentCache full:https://registry.npmjs.org/gopd set size:11458 disposed:false
350 http cache https://registry.npmjs.org/function-bind 23ms (cache hit)
351 silly packumentCache full:https://registry.npmjs.org/function-bind set size:15733 disposed:false
352 http cache https://registry.npmjs.org/call-bind-apply-helpers 26ms (cache hit)
353 silly packumentCache full:https://registry.npmjs.org/call-bind-apply-helpers set size:12744 disposed:false
354 http cache https://registry.npmjs.org/math-intrinsics 15ms (cache hit)
355 silly packumentCache full:https://registry.npmjs.org/math-intrinsics set size:9265 disposed:false
356 http cache https://registry.npmjs.org/call-bind-apply-helpers 12ms (cache hit)
357 silly packumentCache full:https://registry.npmjs.org/call-bind-apply-helpers set size:12744 disposed:false
358 silly packumentCache full:https://registry.npmjs.org/call-bind-apply-helpers dispose
359 http cache https://registry.npmjs.org/es-define-property 15ms (cache hit)
360 silly packumentCache full:https://registry.npmjs.org/es-define-property set size:8542 disposed:false
361 silly placeDep ROOT call-bind-apply-helpers@1.0.2 OK for: call-bound@1.0.4 want: ^1.0.2
362 silly placeDep ROOT function-bind@1.1.2 OK for: call-bind-apply-helpers@1.0.2 want: ^1.1.2
363 silly placeDep ROOT es-define-property@1.0.1 OK for: get-intrinsic@1.3.0 want: ^1.0.1
364 silly placeDep ROOT es-object-atoms@1.1.1 OK for: get-intrinsic@1.3.0 want: ^1.1.1
365 silly placeDep ROOT get-proto@1.0.1 OK for: get-intrinsic@1.3.0 want: ^1.0.1
366 silly placeDep ROOT gopd@1.2.0 OK for: get-intrinsic@1.3.0 want: ^1.2.0
367 silly placeDep ROOT has-symbols@1.1.0 OK for: get-intrinsic@1.3.0 want: ^1.1.0
368 silly placeDep ROOT hasown@2.0.2 OK for: get-intrinsic@1.3.0 want: ^2.0.2
369 silly placeDep ROOT math-intrinsics@1.1.0 OK for: get-intrinsic@1.3.0 want: ^1.1.0
370 silly fetch manifest dunder-proto@^1.0.1
371 silly packumentCache full:https://registry.npmjs.org/dunder-proto cache-miss
372 http cache https://registry.npmjs.org/dunder-proto 10ms (cache hit)
373 silly packumentCache full:https://registry.npmjs.org/dunder-proto set size:8256 disposed:false
374 silly placeDep ROOT dunder-proto@1.0.1 OK for: get-proto@1.0.1 want: ^1.0.1
375 silly placeDep ROOT media-typer@1.1.0 OK for: type-is@2.0.1 want: ^1.1.0
376 silly reify moves {}
377 silly audit bulk request {
377 silly audit   cors: [ '2.8.6' ],
377 silly audit   express: [ '5.2.1' ],
377 silly audit   'object-assign': [ '4.1.1' ],
377 silly audit   vary: [ '1.1.2' ],
377 silly audit   accepts: [ '2.0.0' ],
377 silly audit   'body-parser': [ '2.2.2' ],
377 silly audit   'content-disposition': [ '1.0.1' ],
377 silly audit   'content-type': [ '1.0.5' ],
377 silly audit   cookie: [ '0.7.2' ],
377 silly audit   'cookie-signature': [ '1.2.2' ],
377 silly audit   debug: [ '4.4.3' ],
377 silly audit   depd: [ '2.0.0' ],
377 silly audit   encodeurl: [ '2.0.0' ],
377 silly audit   'escape-html': [ '1.0.3' ],
377 silly audit   etag: [ '1.8.1' ],
377 silly audit   finalhandler: [ '2.1.1' ],
377 silly audit   fresh: [ '2.0.0' ],
377 silly audit   'http-errors': [ '2.0.1' ],
377 silly audit   'merge-descriptors': [ '2.0.0' ],
377 silly audit   'mime-types': [ '3.0.2' ],
377 silly audit   'on-finished': [ '2.4.1' ],
377 silly audit   once: [ '1.4.0' ],
377 silly audit   parseurl: [ '1.3.3' ],
377 silly audit   'proxy-addr': [ '2.0.7' ],
377 silly audit   qs: [ '6.15.0' ],
377 silly audit   'range-parser': [ '1.2.1' ],
377 silly audit   router: [ '2.2.0' ],
377 silly audit   send: [ '1.2.1' ],
377 silly audit   'serve-static': [ '2.2.1' ],
377 silly audit   statuses: [ '2.0.2' ],
377 silly audit   'type-is': [ '2.0.1' ],
377 silly audit   negotiator: [ '1.0.0' ],
377 silly audit   bytes: [ '3.1.2' ],
377 silly audit   'iconv-lite': [ '0.7.2' ],
377 silly audit   'raw-body': [ '3.0.2' ],
377 silly audit   ms: [ '2.1.3' ],
377 silly audit   inherits: [ '2.0.4' ],
377 silly audit   setprototypeof: [ '1.2.0' ],
377 silly audit   toidentifier: [ '1.0.1' ],
377 silly audit   'safer-buffer': [ '2.1.2' ],
377 silly audit   'mime-db': [ '1.54.0' ],
377 silly audit   'ee-first': [ '1.1.1' ],
377 silly audit   wrappy: [ '1.0.2' ],
377 silly audit   forwarded: [ '0.2.0' ],
377 silly audit   'ipaddr.js': [ '1.9.1' ],
377 silly audit   'side-channel': [ '1.1.0' ],
377 silly audit   unpipe: [ '1.0.0' ],
377 silly audit   'is-promise': [ '4.0.0' ],
377 silly audit   'path-to-regexp': [ '8.3.0' ],
377 silly audit   'es-errors': [ '1.3.0' ],
377 silly audit   'object-inspect': [ '1.13.4' ],
377 silly audit   'side-channel-list': [ '1.0.0' ],
377 silly audit   'side-channel-map': [ '1.0.1' ],
377 silly audit   'side-channel-weakmap': [ '1.0.2' ],
377 silly audit   'call-bound': [ '1.0.4' ],
377 silly audit   'get-intrinsic': [ '1.3.0' ],
377 silly audit   'call-bind-apply-helpers': [ '1.0.2' ],
377 silly audit   'function-bind': [ '1.1.2' ],
377 silly audit   'es-define-property': [ '1.0.1' ],
377 silly audit   'es-object-atoms': [ '1.1.1' ],
377 silly audit   'get-proto': [ '1.0.1' ],
377 silly audit   gopd: [ '1.2.0' ],
377 silly audit   'has-symbols': [ '1.1.0' ],
377 silly audit   hasown: [ '2.0.2' ],
377 silly audit   'math-intrinsics': [ '1.1.0' ],
377 silly audit   'dunder-proto': [ '1.0.1' ],
377 silly audit   'media-typer': [ '1.1.0' ]
377 silly audit }
378 http cache media-typer@https://registry.npmjs.org/media-typer/-/media-typer-1.1.0.tgz 0ms (cache hit)
379 http cache math-intrinsics@https://registry.npmjs.org/math-intrinsics/-/math-intrinsics-1.1.0.tgz 0ms (cache hit)
380 http cache dunder-proto@https://registry.npmjs.org/dunder-proto/-/dunder-proto-1.0.1.tgz 0ms (cache hit)
381 http cache hasown@https://registry.npmjs.org/hasown/-/hasown-2.0.2.tgz 0ms (cache hit)
382 http cache has-symbols@https://registry.npmjs.org/has-symbols/-/has-symbols-1.1.0.tgz 0ms (cache hit)
383 http cache gopd@https://registry.npmjs.org/gopd/-/gopd-1.2.0.tgz 0ms (cache hit)
384 http cache get-proto@https://registry.npmjs.org/get-proto/-/get-proto-1.0.1.tgz 0ms (cache hit)
385 http cache es-object-atoms@https://registry.npmjs.org/es-object-atoms/-/es-object-atoms-1.1.1.tgz 0ms (cache hit)
386 http cache function-bind@https://registry.npmjs.org/function-bind/-/function-bind-1.1.2.tgz 0ms (cache hit)
387 http cache call-bind-apply-helpers@https://registry.npmjs.org/call-bind-apply-helpers/-/call-bind-apply-helpers-1.0.2.tgz 0ms (cache hit)
388 http cache get-intrinsic@https://registry.npmjs.org/get-intrinsic/-/get-intrinsic-1.3.0.tgz 0ms (cache hit)
389 http cache side-channel-weakmap@https://registry.npmjs.org/side-channel-weakmap/-/side-channel-weakmap-1.0.2.tgz 0ms (cache hit)
390 http cache call-bound@https://registry.npmjs.org/call-bound/-/call-bound-1.0.4.tgz 0ms (cache hit)
391 http cache side-channel-list@https://registry.npmjs.org/side-channel-list/-/side-channel-list-1.0.0.tgz 0ms (cache hit)
392 http cache side-channel-map@https://registry.npmjs.org/side-channel-map/-/side-channel-map-1.0.1.tgz 0ms (cache hit)
393 http cache es-define-property@https://registry.npmjs.org/es-define-property/-/es-define-property-1.0.1.tgz 0ms (cache hit)
394 http cache object-inspect@https://registry.npmjs.org/object-inspect/-/object-inspect-1.13.4.tgz 0ms (cache hit)
395 http cache es-errors@https://registry.npmjs.org/es-errors/-/es-errors-1.3.0.tgz 0ms (cache hit)
396 http cache path-to-regexp@https://registry.npmjs.org/path-to-regexp/-/path-to-regexp-8.3.0.tgz 1ms (cache hit)
397 http cache unpipe@https://registry.npmjs.org/unpipe/-/unpipe-1.0.0.tgz 0ms (cache hit)
398 http cache is-promise@https://registry.npmjs.org/is-promise/-/is-promise-4.0.0.tgz 0ms (cache hit)
399 http cache side-channel@https://registry.npmjs.org/side-channel/-/side-channel-1.1.0.tgz 0ms (cache hit)
400 http cache ipaddr.js@https://registry.npmjs.org/ipaddr.js/-/ipaddr.js-1.9.1.tgz 0ms (cache hit)
401 http cache forwarded@https://registry.npmjs.org/forwarded/-/forwarded-0.2.0.tgz 0ms (cache hit)
402 http cache wrappy@https://registry.npmjs.org/wrappy/-/wrappy-1.0.2.tgz 0ms (cache hit)
403 http cache ee-first@https://registry.npmjs.org/ee-first/-/ee-first-1.1.1.tgz 0ms (cache hit)
404 http cache mime-db@https://registry.npmjs.org/mime-db/-/mime-db-1.54.0.tgz 0ms (cache hit)
405 http cache safer-buffer@https://registry.npmjs.org/safer-buffer/-/safer-buffer-2.1.2.tgz 0ms (cache hit)
406 http cache toidentifier@https://registry.npmjs.org/toidentifier/-/toidentifier-1.0.1.tgz 0ms (cache hit)
407 http cache setprototypeof@https://registry.npmjs.org/setprototypeof/-/setprototypeof-1.2.0.tgz 0ms (cache hit)
408 http cache inherits@https://registry.npmjs.org/inherits/-/inherits-2.0.4.tgz 0ms (cache hit)
409 http cache ms@https://registry.npmjs.org/ms/-/ms-2.1.3.tgz 0ms (cache hit)
410 http cache iconv-lite@https://registry.npmjs.org/iconv-lite/-/iconv-lite-0.7.2.tgz 0ms (cache hit)
411 http cache raw-body@https://registry.npmjs.org/raw-body/-/raw-body-3.0.2.tgz 0ms (cache hit)
412 http cache bytes@https://registry.npmjs.org/bytes/-/bytes-3.1.2.tgz 0ms (cache hit)
413 http cache negotiator@https://registry.npmjs.org/negotiator/-/negotiator-1.0.0.tgz 0ms (cache hit)
414 http cache type-is@https://registry.npmjs.org/type-is/-/type-is-2.0.1.tgz 0ms (cache hit)
415 http cache statuses@https://registry.npmjs.org/statuses/-/statuses-2.0.2.tgz 0ms (cache hit)
416 http cache serve-static@https://registry.npmjs.org/serve-static/-/serve-static-2.2.1.tgz 0ms (cache hit)
417 http cache send@https://registry.npmjs.org/send/-/send-1.2.1.tgz 0ms (cache hit)
418 http cache router@https://registry.npmjs.org/router/-/router-2.2.0.tgz 0ms (cache hit)
419 http cache range-parser@https://registry.npmjs.org/range-parser/-/range-parser-1.2.1.tgz 0ms (cache hit)
420 http cache qs@https://registry.npmjs.org/qs/-/qs-6.15.0.tgz 0ms (cache hit)
421 http cache proxy-addr@https://registry.npmjs.org/proxy-addr/-/proxy-addr-2.0.7.tgz 0ms (cache hit)
422 http cache parseurl@https://registry.npmjs.org/parseurl/-/parseurl-1.3.3.tgz 0ms (cache hit)
423 http cache once@https://registry.npmjs.org/once/-/once-1.4.0.tgz 0ms (cache hit)
424 http cache on-finished@https://registry.npmjs.org/on-finished/-/on-finished-2.4.1.tgz 0ms (cache hit)
425 http cache mime-types@https://registry.npmjs.org/mime-types/-/mime-types-3.0.2.tgz 0ms (cache hit)
426 http cache merge-descriptors@https://registry.npmjs.org/merge-descriptors/-/merge-descriptors-2.0.0.tgz 0ms (cache hit)
427 http cache http-errors@https://registry.npmjs.org/http-errors/-/http-errors-2.0.1.tgz 0ms (cache hit)
428 http cache finalhandler@https://registry.npmjs.org/finalhandler/-/finalhandler-2.1.1.tgz 0ms (cache hit)
429 http cache fresh@https://registry.npmjs.org/fresh/-/fresh-2.0.0.tgz 0ms (cache hit)
430 http cache etag@https://registry.npmjs.org/etag/-/etag-1.8.1.tgz 0ms (cache hit)
431 http cache escape-html@https://registry.npmjs.org/escape-html/-/escape-html-1.0.3.tgz 0ms (cache hit)
432 http cache encodeurl@https://registry.npmjs.org/encodeurl/-/encodeurl-2.0.0.tgz 0ms (cache hit)
433 http cache depd@https://registry.npmjs.org/depd/-/depd-2.0.0.tgz 0ms (cache hit)
434 http cache debug@https://registry.npmjs.org/debug/-/debug-4.4.3.tgz 0ms (cache hit)
435 http cache cookie-signature@https://registry.npmjs.org/cookie-signature/-/cookie-signature-1.2.2.tgz 0ms (cache hit)
436 http cache cookie@https://registry.npmjs.org/cookie/-/cookie-0.7.2.tgz 0ms (cache hit)
437 http cache content-type@https://registry.npmjs.org/content-type/-/content-type-1.0.5.tgz 0ms (cache hit)
438 http cache content-disposition@https://registry.npmjs.org/content-disposition/-/content-disposition-1.0.1.tgz 0ms (cache hit)
439 http cache body-parser@https://registry.npmjs.org/body-parser/-/body-parser-2.2.2.tgz 1ms (cache hit)
440 http cache accepts@https://registry.npmjs.org/accepts/-/accepts-2.0.0.tgz 0ms (cache hit)
441 http cache vary@https://registry.npmjs.org/vary/-/vary-1.1.2.tgz 0ms (cache hit)
442 http cache object-assign@https://registry.npmjs.org/object-assign/-/object-assign-4.1.1.tgz 0ms (cache hit)
443 http cache express@https://registry.npmjs.org/express/-/express-5.2.1.tgz 0ms (cache hit)
444 http cache cors@https://registry.npmjs.org/cors/-/cors-2.8.6.tgz 0ms (cache hit)
445 http fetch POST 200 https://registry.npmjs.org/-/npm/v1/security/advisories/bulk 783ms
446 silly audit report {}
447 silly ADD node_modules/media-typer
448 silly ADD node_modules/dunder-proto
449 silly ADD node_modules/math-intrinsics
450 silly ADD node_modules/hasown
451 silly ADD node_modules/has-symbols
452 silly ADD node_modules/gopd
453 silly ADD node_modules/get-proto
454 silly ADD node_modules/es-object-atoms
455 silly ADD node_modules/es-define-property
456 silly ADD node_modules/function-bind
457 silly ADD node_modules/call-bind-apply-helpers
458 silly ADD node_modules/get-intrinsic
459 silly ADD node_modules/call-bound
460 silly ADD node_modules/side-channel-weakmap
461 silly ADD node_modules/side-channel-map
462 silly ADD node_modules/side-channel-list
463 silly ADD node_modules/object-inspect
464 silly ADD node_modules/es-errors
465 silly ADD node_modules/path-to-regexp
466 silly ADD node_modules/is-promise
467 silly ADD node_modules/unpipe
468 silly ADD node_modules/side-channel
469 silly ADD node_modules/ipaddr.js
470 silly ADD node_modules/forwarded
471 silly ADD node_modules/wrappy
472 silly ADD node_modules/ee-first
473 silly ADD node_modules/mime-db
474 silly ADD node_modules/safer-buffer
475 silly ADD node_modules/toidentifier
476 silly ADD node_modules/setprototypeof
477 silly ADD node_modules/inherits
478 silly ADD node_modules/ms
479 silly ADD node_modules/raw-body
480 silly ADD node_modules/iconv-lite
481 silly ADD node_modules/bytes
482 silly ADD node_modules/negotiator
483 silly ADD node_modules/type-is
484 silly ADD node_modules/statuses
485 silly ADD node_modules/serve-static
486 silly ADD node_modules/send
487 silly ADD node_modules/router
488 silly ADD node_modules/range-parser
489 silly ADD node_modules/qs
490 silly ADD node_modules/proxy-addr
491 silly ADD node_modules/parseurl
492 silly ADD node_modules/once
493 silly ADD node_modules/on-finished
494 silly ADD node_modules/mime-types
495 silly ADD node_modules/merge-descriptors
496 silly ADD node_modules/http-errors
497 silly ADD node_modules/fresh
498 silly ADD node_modules/finalhandler
499 silly ADD node_modules/etag
500 silly ADD node_modules/escape-html
501 silly ADD node_modules/encodeurl
502 silly ADD node_modules/depd
503 silly ADD node_modules/debug
504 silly ADD node_modules/cookie-signature
505 silly ADD node_modules/cookie
506 silly ADD node_modules/content-type
507 silly ADD node_modules/content-disposition
508 silly ADD node_modules/body-parser
509 silly ADD node_modules/accepts
510 silly ADD node_modules/vary
511 silly ADD node_modules/object-assign
512 silly ADD node_modules/express
513 silly ADD node_modules/cors
514 verbose cwd /data/data/com.termux/files/home/color-app
515 verbose os Linux 5.15.178-android13-8-31998796-abF731BXXU5FYI9
516 verbose node v24.14.0
517 verbose npm  v11.12.0
518 verbose exit 0
519 info ok
