0 verbose cli /data/data/com.termux/files/usr/bin/node /data/data/com.termux/files/usr/bin/npm
1 info using npm@11.12.0
2 info using node@v25.8.1
3 silly config load:file:/data/data/com.termux/files/usr/lib/node_modules/npm/npmrc
4 silly config load:file:/data/data/com.termux/files/home/.npmrc
5 silly config load:file:/data/data/com.termux/files/usr/etc/npmrc
6 verbose title npm install
7 verbose argv "install"
8 verbose logfile logs-max:10 dir:/data/data/com.termux/files/home/.npm/_logs/2026-03-25T17_41_02_372Z-
9 verbose logfile /data/data/com.termux/files/home/.npm/_logs/2026-03-25T17_41_02_372Z-debug-0.log
10 silly logfile done cleaning log files
11 silly packumentCache heap:1174405120 maxSize:293601280 maxEntrySize:146800640
12 silly idealTree buildDeps
13 silly fetch manifest express@^4.18.2
14 silly packumentCache full:https://registry.npmjs.org/express cache-miss
15 http fetch GET 200 https://registry.npmjs.org/express 554ms (cache revalidated)
16 silly packumentCache full:https://registry.npmjs.org/express set size:801261 disposed:false
17 silly fetch manifest mongoose@^7.0.0
18 silly packumentCache full:https://registry.npmjs.org/mongoose cache-miss
19 http fetch GET 200 https://registry.npmjs.org/mongoose 171ms (cache revalidated)
20 silly packumentCache full:https://registry.npmjs.org/mongoose set size:4098723 disposed:false
21 silly fetch manifest cors@^2.8.5
22 silly packumentCache full:https://registry.npmjs.org/cors cache-miss
23 http fetch GET 200 https://registry.npmjs.org/cors 137ms (cache revalidated)
24 silly packumentCache full:https://registry.npmjs.org/cors set size:77956 disposed:false
25 silly placeDep ROOT cors@2.8.6 OK for: m55club@1.0.0 want: ^2.8.5
26 silly placeDep ROOT express@4.22.1 OK for: m55club@1.0.0 want: ^4.18.2
27 silly placeDep ROOT mongoose@7.8.9 OK for: m55club@1.0.0 want: ^7.0.0
28 silly fetch manifest object-assign@^4
29 silly packumentCache full:https://registry.npmjs.org/object-assign cache-miss
30 silly fetch manifest vary@^1
31 silly packumentCache full:https://registry.npmjs.org/vary cache-miss
32 silly fetch manifest qs@~6.14.0
33 silly packumentCache full:https://registry.npmjs.org/qs cache-miss
34 silly fetch manifest depd@2.0.0
35 silly packumentCache full:https://registry.npmjs.org/depd cache-miss
36 silly fetch manifest etag@~1.8.1
37 silly packumentCache full:https://registry.npmjs.org/etag cache-miss
38 silly fetch manifest send@~0.19.0
39 silly packumentCache full:https://registry.npmjs.org/send cache-miss
40 http fetch GET 200 https://registry.npmjs.org/object-assign 141ms (cache revalidated)
41 silly packumentCache full:https://registry.npmjs.org/object-assign set size:28988 disposed:false
42 silly fetch manifest vary@~1.1.2
43 silly packumentCache full:https://registry.npmjs.org/vary cache-miss
44 http fetch GET 200 https://registry.npmjs.org/vary 134ms (cache revalidated)
45 silly packumentCache full:https://registry.npmjs.org/vary set size:16018 disposed:false
46 silly fetch manifest debug@2.6.9
47 silly packumentCache full:https://registry.npmjs.org/debug cache-miss
48 http fetch GET 200 https://registry.npmjs.org/send 363ms (cache revalidated)
49 silly packumentCache full:https://registry.npmjs.org/send set size:152810 disposed:false
50 silly fetch manifest fresh@~0.5.2
51 silly packumentCache full:https://registry.npmjs.org/fresh cache-miss
52 http fetch GET 200 https://registry.npmjs.org/vary 392ms (cache revalidated)
53 silly packumentCache full:https://registry.npmjs.org/vary set size:16018 disposed:false
54 silly packumentCache full:https://registry.npmjs.org/vary dispose
55 silly fetch manifest cookie@~0.7.1
56 silly packumentCache full:https://registry.npmjs.org/cookie cache-miss
57 http fetch GET 200 https://registry.npmjs.org/debug 119ms (cache revalidated)
58 silly packumentCache full:https://registry.npmjs.org/debug set size:195840 disposed:false
59 silly fetch manifest accepts@~1.3.8
60 silly packumentCache full:https://registry.npmjs.org/accepts cache-miss
61 http fetch GET 200 https://registry.npmjs.org/etag 413ms (cache revalidated)
62 silly packumentCache full:https://registry.npmjs.org/etag set size:30032 disposed:false
63 silly fetch manifest methods@~1.1.2
64 silly packumentCache full:https://registry.npmjs.org/methods cache-miss
65 http fetch GET 200 https://registry.npmjs.org/depd 425ms (cache revalidated)
66 silly packumentCache full:https://registry.npmjs.org/depd set size:40182 disposed:false
67 silly fetch manifest type-is@~1.6.18
68 silly packumentCache full:https://registry.npmjs.org/type-is cache-miss
69 http fetch GET 200 https://registry.npmjs.org/qs 448ms (cache revalidated)
70 silly packumentCache full:https://registry.npmjs.org/qs set size:350258 disposed:false
71 silly fetch manifest parseurl@~1.3.3
72 silly packumentCache full:https://registry.npmjs.org/parseurl cache-miss
73 http fetch GET 200 https://registry.npmjs.org/fresh 127ms (cache revalidated)
74 silly packumentCache full:https://registry.npmjs.org/fresh set size:25427 disposed:false
75 silly fetch manifest statuses@~2.0.1
76 silly packumentCache full:https://registry.npmjs.org/statuses cache-miss
77 http fetch GET 200 https://registry.npmjs.org/cookie 134ms (cache revalidated)
78 silly packumentCache full:https://registry.npmjs.org/cookie set size:72891 disposed:false
79 silly fetch manifest encodeurl@~2.0.0
80 silly packumentCache full:https://registry.npmjs.org/encodeurl cache-miss
81 http fetch GET 200 https://registry.npmjs.org/methods 130ms (cache revalidated)
82 silly packumentCache full:https://registry.npmjs.org/methods set size:12600 disposed:false
83 silly fetch manifest proxy-addr@~2.0.7
84 silly packumentCache full:https://registry.npmjs.org/proxy-addr cache-miss
85 http fetch GET 200 https://registry.npmjs.org/type-is 123ms (cache revalidated)
86 silly packumentCache full:https://registry.npmjs.org/type-is set size:86196 disposed:false
87 silly fetch manifest body-parser@~1.20.3
88 silly packumentCache full:https://registry.npmjs.org/body-parser cache-miss
89 http fetch GET 200 https://registry.npmjs.org/accepts 157ms (cache revalidated)
90 silly packumentCache full:https://registry.npmjs.org/accepts set size:77054 disposed:false
91 silly fetch manifest escape-html@~1.0.3
92 silly packumentCache full:https://registry.npmjs.org/escape-html cache-miss
93 http fetch GET 200 https://registry.npmjs.org/parseurl 143ms (cache revalidated)
94 silly packumentCache full:https://registry.npmjs.org/parseurl set size:24148 disposed:false
95 silly fetch manifest http-errors@~2.0.0
96 silly packumentCache full:https://registry.npmjs.org/http-errors cache-miss
97 http fetch GET 200 https://registry.npmjs.org/statuses 119ms (cache revalidated)
98 silly packumentCache full:https://registry.npmjs.org/statuses set size:37117 disposed:false
99 silly fetch manifest on-finished@~2.4.1
100 silly packumentCache full:https://registry.npmjs.org/on-finished cache-miss
101 http fetch GET 200 https://registry.npmjs.org/encodeurl 121ms (cache revalidated)
102 silly packumentCache full:https://registry.npmjs.org/encodeurl set size:12296 disposed:false
103 silly fetch manifest safe-buffer@5.2.1
104 silly packumentCache full:https://registry.npmjs.org/safe-buffer cache-miss
105 http fetch GET 200 https://registry.npmjs.org/body-parser 120ms (cache revalidated)
106 silly packumentCache full:https://registry.npmjs.org/body-parser set size:216830 disposed:false
107 silly fetch manifest utils-merge@1.0.1
108 silly packumentCache full:https://registry.npmjs.org/utils-merge cache-miss
109 http fetch GET 200 https://registry.npmjs.org/escape-html 114ms (cache revalidated)
110 silly packumentCache full:https://registry.npmjs.org/escape-html set size:7345 disposed:false
111 silly fetch manifest content-type@~1.0.4
112 silly packumentCache full:https://registry.npmjs.org/content-type cache-miss
113 http fetch GET 200 https://registry.npmjs.org/proxy-addr 139ms (cache revalidated)
114 silly packumentCache full:https://registry.npmjs.org/proxy-addr set size:61619 disposed:false
115 silly fetch manifest finalhandler@~1.3.1
116 silly packumentCache full:https://registry.npmjs.org/finalhandler cache-miss
117 http fetch GET 200 https://registry.npmjs.org/http-errors 107ms (cache revalidated)
118 silly packumentCache full:https://registry.npmjs.org/http-errors set size:71987 disposed:false
119 silly fetch manifest range-parser@~1.2.1
120 silly packumentCache full:https://registry.npmjs.org/range-parser cache-miss
121 http fetch GET 200 https://registry.npmjs.org/safe-buffer 134ms (cache revalidated)
122 silly packumentCache full:https://registry.npmjs.org/safe-buffer set size:41183 disposed:false
123 silly fetch manifest serve-static@~1.16.2
124 silly packumentCache full:https://registry.npmjs.org/serve-static cache-miss
125 http fetch GET 200 https://registry.npmjs.org/on-finished 157ms (cache revalidated)
126 silly packumentCache full:https://registry.npmjs.org/on-finished set size:23212 disposed:false
127 silly fetch manifest array-flatten@1.1.1
128 silly packumentCache full:https://registry.npmjs.org/array-flatten cache-miss
129 http fetch GET 200 https://registry.npmjs.org/content-type 113ms (cache revalidated)
130 silly packumentCache full:https://registry.npmjs.org/content-type set size:17311 disposed:false
131 silly fetch manifest path-to-regexp@~0.1.12
132 silly packumentCache full:https://registry.npmjs.org/path-to-regexp cache-miss
133 http fetch GET 200 https://registry.npmjs.org/utils-merge 124ms (cache revalidated)
134 silly packumentCache full:https://registry.npmjs.org/utils-merge set size:5237 disposed:false
135 silly fetch manifest setprototypeof@1.2.0
136 silly packumentCache full:https://registry.npmjs.org/setprototypeof cache-miss
137 http fetch GET 200 https://registry.npmjs.org/finalhandler 119ms (cache revalidated)
138 silly packumentCache full:https://registry.npmjs.org/finalhandler set size:79291 disposed:false
139 silly fetch manifest cookie-signature@~1.0.6
140 silly packumentCache full:https://registry.npmjs.org/cookie-signature cache-miss
141 http fetch GET 200 https://registry.npmjs.org/range-parser 115ms (cache revalidated)
142 silly packumentCache full:https://registry.npmjs.org/range-parser set size:22228 disposed:false
143 silly fetch manifest merge-descriptors@1.0.3
144 silly packumentCache full:https://registry.npmjs.org/merge-descriptors cache-miss
145 http fetch GET 200 https://registry.npmjs.org/path-to-regexp 125ms (cache revalidated)
146 silly packumentCache full:https://registry.npmjs.org/path-to-regexp set size:207142 disposed:false
147 silly fetch manifest content-disposition@~0.5.4
148 silly packumentCache full:https://registry.npmjs.org/content-disposition cache-miss
149 http fetch GET 200 https://registry.npmjs.org/setprototypeof 135ms (cache revalidated)
150 silly packumentCache full:https://registry.npmjs.org/setprototypeof set size:14532 disposed:false
151 silly fetch manifest ms@2.1.3
152 silly packumentCache full:https://registry.npmjs.org/ms cache-miss
153 http fetch GET 200 https://registry.npmjs.org/array-flatten 151ms (cache revalidated)
154 silly packumentCache full:https://registry.npmjs.org/array-flatten set size:24005 disposed:false
155 silly fetch manifest bson@^5.5.0
156 silly packumentCache full:https://registry.npmjs.org/bson cache-miss
157 http fetch GET 200 https://registry.npmjs.org/serve-static 159ms (cache revalidated)
158 silly packumentCache full:https://registry.npmjs.org/serve-static set size:150391 disposed:false
159 silly fetch manifest sift@16.0.1
160 silly packumentCache full:https://registry.npmjs.org/sift cache-miss
161 http fetch GET 200 https://registry.npmjs.org/merge-descriptors 135ms (cache revalidated)
162 silly packumentCache full:https://registry.npmjs.org/merge-descriptors set size:16527 disposed:false
163 silly fetch manifest mpath@0.9.0
164 silly packumentCache full:https://registry.npmjs.org/mpath cache-miss
165 http fetch GET 200 https://registry.npmjs.org/cookie-signature 156ms (cache revalidated)
166 silly packumentCache full:https://registry.npmjs.org/cookie-signature set size:21777 disposed:false
167 silly fetch manifest kareem@2.5.1
168 silly packumentCache full:https://registry.npmjs.org/kareem cache-miss
169 http fetch GET 200 https://registry.npmjs.org/mpath 120ms (cache revalidated)
170 silly packumentCache full:https://registry.npmjs.org/mpath set size:50832 disposed:false
171 silly fetch manifest mquery@5.0.0
172 silly packumentCache full:https://registry.npmjs.org/mquery cache-miss
173 http fetch GET 200 https://registry.npmjs.org/content-disposition 153ms (cache revalidated)
174 silly packumentCache full:https://registry.npmjs.org/content-disposition set size:34469 disposed:false
175 silly fetch manifest mongodb@5.9.2
176 silly packumentCache full:https://registry.npmjs.org/mongodb cache-miss
177 http fetch GET 200 https://registry.npmjs.org/bson 150ms (cache revalidated)
178 silly packumentCache full:https://registry.npmjs.org/bson set size:580424 disposed:false
179 http fetch GET 200 https://registry.npmjs.org/sift 164ms (cache revalidated)
180 silly packumentCache full:https://registry.npmjs.org/sift set size:398463 disposed:false
181 http fetch GET 200 https://registry.npmjs.org/ms 187ms (cache revalidated)
182 silly packumentCache full:https://registry.npmjs.org/ms set size:92208 disposed:false
183 http fetch GET 200 https://registry.npmjs.org/mquery 149ms (cache revalidated)
184 silly packumentCache full:https://registry.npmjs.org/mquery set size:172977 disposed:false
185 http fetch GET 200 https://registry.npmjs.org/mongodb 174ms (cache revalidated)
186 silly packumentCache full:https://registry.npmjs.org/mongodb set size:4179590 disposed:false
187 http fetch GET 200 https://registry.npmjs.org/kareem 401ms (cache revalidated)
188 silly packumentCache full:https://registry.npmjs.org/kareem set size:116338 disposed:false
189 silly placeDep ROOT object-assign@4.1.1 OK for: cors@2.8.6 want: ^4
190 silly placeDep ROOT vary@1.1.2 OK for: cors@2.8.6 want: ^1
191 silly placeDep ROOT accepts@1.3.8 OK for: express@4.22.1 want: ~1.3.8
192 silly placeDep ROOT array-flatten@1.1.1 OK for: express@4.22.1 want: 1.1.1
193 silly placeDep ROOT body-parser@1.20.4 OK for: express@4.22.1 want: ~1.20.3
194 silly placeDep ROOT content-disposition@0.5.4 OK for: express@4.22.1 want: ~0.5.4
195 silly placeDep ROOT content-type@1.0.5 OK for: express@4.22.1 want: ~1.0.4
196 silly placeDep ROOT cookie@0.7.2 OK for: express@4.22.1 want: ~0.7.1
197 silly placeDep ROOT cookie-signature@1.0.7 OK for: express@4.22.1 want: ~1.0.6
198 silly placeDep ROOT debug@2.6.9 OK for: express@4.22.1 want: 2.6.9
199 silly placeDep ROOT depd@2.0.0 OK for: express@4.22.1 want: 2.0.0
200 silly placeDep ROOT encodeurl@2.0.0 OK for: express@4.22.1 want: ~2.0.0
201 silly placeDep ROOT escape-html@1.0.3 OK for: express@4.22.1 want: ~1.0.3
202 silly placeDep ROOT etag@1.8.1 OK for: express@4.22.1 want: ~1.8.1
203 silly placeDep ROOT finalhandler@1.3.2 OK for: express@4.22.1 want: ~1.3.1
204 silly placeDep ROOT fresh@0.5.2 OK for: express@4.22.1 want: ~0.5.2
205 silly placeDep ROOT http-errors@2.0.1 OK for: express@4.22.1 want: ~2.0.0
206 silly placeDep ROOT merge-descriptors@1.0.3 OK for: express@4.22.1 want: 1.0.3
207 silly placeDep ROOT methods@1.1.2 OK for: express@4.22.1 want: ~1.1.2
208 silly placeDep ROOT on-finished@2.4.1 OK for: express@4.22.1 want: ~2.4.1
209 silly placeDep ROOT parseurl@1.3.3 OK for: express@4.22.1 want: ~1.3.3
210 silly placeDep ROOT path-to-regexp@0.1.12 OK for: express@4.22.1 want: ~0.1.12
211 silly placeDep ROOT proxy-addr@2.0.7 OK for: express@4.22.1 want: ~2.0.7
212 silly placeDep ROOT qs@6.14.2 OK for: express@4.22.1 want: ~6.14.0
213 silly placeDep ROOT range-parser@1.2.1 OK for: express@4.22.1 want: ~1.2.1
214 silly placeDep ROOT safe-buffer@5.2.1 OK for: express@4.22.1 want: 5.2.1
215 silly placeDep ROOT send@0.19.2 OK for: express@4.22.1 want: ~0.19.0
216 silly placeDep ROOT serve-static@1.16.3 OK for: express@4.22.1 want: ~1.16.2
217 silly placeDep ROOT setprototypeof@1.2.0 OK for: express@4.22.1 want: 1.2.0
218 silly placeDep ROOT statuses@2.0.2 OK for: express@4.22.1 want: ~2.0.1
219 silly placeDep ROOT type-is@1.6.18 OK for: express@4.22.1 want: ~1.6.18
220 silly placeDep ROOT utils-merge@1.0.1 OK for: express@4.22.1 want: 1.0.1
221 silly fetch manifest mime-types@~2.1.34
222 silly packumentCache full:https://registry.npmjs.org/mime-types cache-miss
223 silly fetch manifest negotiator@0.6.3
224 silly packumentCache full:https://registry.npmjs.org/negotiator cache-miss
225 silly fetch manifest bytes@~3.1.2
226 silly packumentCache full:https://registry.npmjs.org/bytes cache-miss
227 silly fetch manifest unpipe@~1.0.0
228 silly packumentCache full:https://registry.npmjs.org/unpipe cache-miss
229 silly fetch manifest destroy@~1.2.0
230 silly packumentCache full:https://registry.npmjs.org/destroy cache-miss
231 silly fetch manifest raw-body@~2.5.3
232 silly packumentCache full:https://registry.npmjs.org/raw-body cache-miss
233 http fetch GET 200 https://registry.npmjs.org/bytes 122ms (cache revalidated)
234 silly packumentCache full:https://registry.npmjs.org/bytes set size:37018 disposed:false
235 silly fetch manifest iconv-lite@~0.4.24
236 silly packumentCache full:https://registry.npmjs.org/iconv-lite cache-miss
237 http fetch GET 200 https://registry.npmjs.org/unpipe 135ms (cache revalidated)
238 silly packumentCache full:https://registry.npmjs.org/unpipe set size:3609 disposed:false
239 silly fetch manifest http-errors@~2.0.1
240 silly packumentCache full:https://registry.npmjs.org/http-errors cache-hit
241 silly fetch manifest content-type@~1.0.5
242 silly packumentCache full:https://registry.npmjs.org/content-type cache-hit
243 silly fetch manifest ms@2.0.0
244 silly packumentCache full:https://registry.npmjs.org/ms cache-hit
245 silly fetch manifest statuses@~2.0.2
246 silly packumentCache full:https://registry.npmjs.org/statuses cache-hit
247 silly fetch manifest inherits@~2.0.4
248 silly packumentCache full:https://registry.npmjs.org/inherits cache-miss
249 http fetch GET 200 https://registry.npmjs.org/destroy 144ms (cache revalidated)
250 silly packumentCache full:https://registry.npmjs.org/destroy set size:15738 disposed:false
251 silly fetch manifest setprototypeof@~1.2.0
252 silly packumentCache full:https://registry.npmjs.org/setprototypeof cache-hit
253 silly fetch manifest toidentifier@~1.0.1
254 silly packumentCache full:https://registry.npmjs.org/toidentifier cache-miss
255 http fetch GET 200 https://registry.npmjs.org/raw-body 146ms (cache revalidated)
256 silly packumentCache full:https://registry.npmjs.org/raw-body set size:117822 disposed:false
257 silly fetch manifest ee-first@1.1.1
258 silly packumentCache full:https://registry.npmjs.org/ee-first cache-miss
259 http fetch GET 200 https://registry.npmjs.org/negotiator 153ms (cache revalidated)
260 silly packumentCache full:https://registry.npmjs.org/negotiator set size:48046 disposed:false
261 silly fetch manifest forwarded@0.2.0
262 silly packumentCache full:https://registry.npmjs.org/forwarded cache-miss
263 http fetch GET 200 https://registry.npmjs.org/mime-types 156ms (cache revalidated)
264 silly packumentCache full:https://registry.npmjs.org/mime-types set size:139110 disposed:false
265 silly fetch manifest ipaddr.js@1.9.1
266 silly packumentCache full:https://registry.npmjs.org/ipaddr.js cache-miss
267 http fetch GET 200 https://registry.npmjs.org/iconv-lite 165ms (cache revalidated)
268 silly packumentCache full:https://registry.npmjs.org/iconv-lite set size:120557 disposed:false
269 silly fetch manifest side-channel@^1.1.0
270 silly packumentCache full:https://registry.npmjs.org/side-channel cache-miss
271 http fetch GET 200 https://registry.npmjs.org/ee-first 150ms (cache revalidated)
272 silly packumentCache full:https://registry.npmjs.org/ee-first set size:15327 disposed:false
273 silly fetch manifest mime@1.6.0
274 silly packumentCache full:https://registry.npmjs.org/mime cache-miss
275 http fetch GET 200 https://registry.npmjs.org/forwarded 151ms (cache revalidated)
276 silly packumentCache full:https://registry.npmjs.org/forwarded set size:11229 disposed:false
277 silly fetch manifest destroy@1.2.0
278 silly packumentCache full:https://registry.npmjs.org/destroy cache-hit
279 silly fetch manifest mime-types@~2.1.24
280 silly packumentCache full:https://registry.npmjs.org/mime-types cache-hit
281 silly fetch manifest media-typer@0.3.0
282 silly packumentCache full:https://registry.npmjs.org/media-typer cache-miss
283 http fetch GET 200 https://registry.npmjs.org/toidentifier 165ms (cache revalidated)
284 silly packumentCache full:https://registry.npmjs.org/toidentifier set size:12006 disposed:false
285 http fetch GET 200 https://registry.npmjs.org/inherits 171ms (cache revalidated)
286 silly packumentCache full:https://registry.npmjs.org/inherits set size:12925 disposed:false
287 http fetch GET 200 https://registry.npmjs.org/ipaddr.js 160ms (cache revalidated)
288 silly packumentCache full:https://registry.npmjs.org/ipaddr.js set size:67857 disposed:false
289 http fetch GET 200 https://registry.npmjs.org/side-channel 153ms (cache revalidated)
290 silly packumentCache full:https://registry.npmjs.org/side-channel set size:24660 disposed:false
291 http fetch GET 200 https://registry.npmjs.org/media-typer 144ms (cache revalidated)
292 silly packumentCache full:https://registry.npmjs.org/media-typer set size:20873 disposed:false
293 http fetch GET 200 https://registry.npmjs.org/mime 155ms (cache revalidated)
294 silly packumentCache full:https://registry.npmjs.org/mime set size:119236 disposed:false
295 silly placeDep ROOT mime-types@2.1.35 OK for: accepts@1.3.8 want: ~2.1.34
296 silly placeDep ROOT negotiator@0.6.3 OK for: accepts@1.3.8 want: 0.6.3
297 silly fetch manifest mime-db@1.52.0
298 silly packumentCache full:https://registry.npmjs.org/mime-db cache-miss
299 http fetch GET 200 https://registry.npmjs.org/mime-db 132ms (cache revalidated)
300 silly packumentCache full:https://registry.npmjs.org/mime-db set size:164953 disposed:false
301 silly placeDep ROOT bytes@3.1.2 OK for: body-parser@1.20.4 want: ~3.1.2
302 silly placeDep ROOT destroy@1.2.0 OK for: body-parser@1.20.4 want: ~1.2.0
303 silly placeDep ROOT iconv-lite@0.4.24 OK for: body-parser@1.20.4 want: ~0.4.24
304 silly placeDep ROOT raw-body@2.5.3 OK for: body-parser@1.20.4 want: ~2.5.3
305 silly placeDep ROOT unpipe@1.0.0 OK for: body-parser@1.20.4 want: ~1.0.0
306 silly fetch manifest safer-buffer@>= 2.1.2 < 3
307 silly packumentCache full:https://registry.npmjs.org/safer-buffer cache-miss
308 http fetch GET 200 https://registry.npmjs.org/safer-buffer 126ms (cache revalidated)
309 silly packumentCache full:https://registry.npmjs.org/safer-buffer set size:18521 disposed:false
310 silly placeDep ROOT ms@2.0.0 OK for: debug@2.6.9 want: 2.0.0
311 silly placeDep ROOT inherits@2.0.4 OK for: http-errors@2.0.1 want: ~2.0.4
312 silly placeDep ROOT toidentifier@1.0.1 OK for: http-errors@2.0.1 want: ~1.0.1
313 silly placeDep ROOT safer-buffer@2.1.2 OK for: iconv-lite@0.4.24 want: >= 2.1.2 < 3
314 silly placeDep ROOT mime-db@1.52.0 OK for: mime-types@2.1.35 want: 1.52.0
315 silly fetch manifest @aws-sdk/credential-providers@^3.188.0
316 silly packumentCache full:https://registry.npmjs.org/@aws-sdk%2fcredential-providers cache-miss
317 http fetch GET 200 https://registry.npmjs.org/@aws-sdk%2fcredential-providers 327ms (cache updated)
318 silly packumentCache full:https://registry.npmjs.org/@aws-sdk%2fcredential-providers set size:undefined disposed:false
319 silly fetch manifest @mongodb-js/zstd@^1.0.0
320 silly packumentCache full:https://registry.npmjs.org/@mongodb-js%2fzstd cache-miss
321 http fetch GET 200 https://registry.npmjs.org/@mongodb-js%2fzstd 118ms (cache revalidated)
322 silly packumentCache full:https://registry.npmjs.org/@mongodb-js%2fzstd set size:99219 disposed:false
323 silly fetch manifest kerberos@^1.0.0 || ^2.0.0
324 silly packumentCache full:https://registry.npmjs.org/kerberos cache-miss
325 http fetch GET 200 https://registry.npmjs.org/kerberos 147ms (cache revalidated)
326 silly packumentCache full:https://registry.npmjs.org/kerberos set size:117537 disposed:false
327 silly fetch manifest mongodb-client-encryption@>=2.3.0 <3
328 silly packumentCache full:https://registry.npmjs.org/mongodb-client-encryption cache-miss
329 http fetch GET 200 https://registry.npmjs.org/mongodb-client-encryption 112ms (cache revalidated)
330 silly packumentCache full:https://registry.npmjs.org/mongodb-client-encryption set size:262386 disposed:false
331 silly fetch manifest gcp-metadata@^5.2.0
332 silly packumentCache full:https://registry.npmjs.org/gcp-metadata cache-miss
333 http fetch GET 200 https://registry.npmjs.org/gcp-metadata 137ms (cache revalidated)
334 silly packumentCache full:https://registry.npmjs.org/gcp-metadata set size:191448 disposed:false
335 silly fetch manifest snappy@^7.2.2
336 silly packumentCache full:https://registry.npmjs.org/snappy cache-miss
337 http fetch GET 200 https://registry.npmjs.org/snappy 133ms (cache revalidated)
338 silly packumentCache full:https://registry.npmjs.org/snappy set size:185121 disposed:false
339 silly placeDep ROOT bson@5.5.1 OK for: mongoose@7.8.9 want: ^5.5.0
340 silly placeDep ROOT kareem@2.5.1 OK for: mongoose@7.8.9 want: 2.5.1
341 silly placeDep ROOT mongodb@5.9.2 OK for: mongoose@7.8.9 want: 5.9.2
342 silly placeDep ROOT mpath@0.9.0 OK for: mongoose@7.8.9 want: 0.9.0
343 silly placeDep ROOT mquery@5.0.0 OK for: mongoose@7.8.9 want: 5.0.0
344 silly placeDep node_modules/mongoose ms@2.1.3 OK for: mongoose@7.8.9 want: 2.1.3
345 silly placeDep ROOT sift@16.0.1 OK for: mongoose@7.8.9 want: 16.0.1
346 silly fetch manifest socks@^2.7.1
347 silly packumentCache full:https://registry.npmjs.org/socks cache-miss
348 silly fetch manifest mongodb-connection-string-url@^2.6.0
349 silly packumentCache full:https://registry.npmjs.org/mongodb-connection-string-url cache-miss
350 silly fetch manifest @mongodb-js/saslprep@^1.1.0
351 silly packumentCache full:https://registry.npmjs.org/@mongodb-js%2fsaslprep cache-miss
352 silly fetch manifest debug@4.x
353 silly packumentCache full:https://registry.npmjs.org/debug cache-hit
354 http fetch GET 200 https://registry.npmjs.org/socks 125ms (cache revalidated)
355 silly packumentCache full:https://registry.npmjs.org/socks set size:168523 disposed:false
356 http fetch GET 200 https://registry.npmjs.org/mongodb-connection-string-url 136ms (cache revalidated)
357 silly packumentCache full:https://registry.npmjs.org/mongodb-connection-string-url set size:127890 disposed:false
358 http fetch GET 200 https://registry.npmjs.org/@mongodb-js%2fsaslprep 150ms (cache revalidated)
359 silly packumentCache full:https://registry.npmjs.org/@mongodb-js%2fsaslprep set size:96350 disposed:false
360 silly placeDep ROOT @mongodb-js/saslprep@1.4.6 OK for: mongodb@5.9.2 want: ^1.1.0
361 silly placeDep ROOT mongodb-connection-string-url@2.6.0 OK for: mongodb@5.9.2 want: ^2.6.0
362 silly placeDep ROOT socks@2.8.7 OK for: mongodb@5.9.2 want: ^2.7.1
363 silly fetch manifest sparse-bitfield@^3.0.3
364 silly packumentCache full:https://registry.npmjs.org/sparse-bitfield cache-miss
365 silly fetch manifest whatwg-url@^11.0.0
366 silly packumentCache full:https://registry.npmjs.org/whatwg-url cache-miss
367 silly fetch manifest @types/whatwg-url@^8.2.1
368 silly packumentCache full:https://registry.npmjs.org/@types%2fwhatwg-url cache-miss
369 silly fetch manifest ip-address@^10.0.1
370 silly packumentCache full:https://registry.npmjs.org/ip-address cache-miss
371 silly fetch manifest smart-buffer@^4.2.0
372 silly packumentCache full:https://registry.npmjs.org/smart-buffer cache-miss
373 http fetch GET 200 https://registry.npmjs.org/ip-address 150ms (cache revalidated)
374 silly packumentCache full:https://registry.npmjs.org/ip-address set size:135050 disposed:false
375 http fetch GET 200 https://registry.npmjs.org/@types%2fwhatwg-url 158ms (cache revalidated)
376 silly packumentCache full:https://registry.npmjs.org/@types%2fwhatwg-url set size:25750 disposed:false
377 http fetch GET 200 https://registry.npmjs.org/smart-buffer 159ms (cache revalidated)
378 silly packumentCache full:https://registry.npmjs.org/smart-buffer set size:87065 disposed:false
379 http fetch GET 200 https://registry.npmjs.org/sparse-bitfield 168ms (cache revalidated)
380 silly packumentCache full:https://registry.npmjs.org/sparse-bitfield set size:18366 disposed:false
381 http fetch GET 200 https://registry.npmjs.org/whatwg-url 169ms (cache revalidated)
382 silly packumentCache full:https://registry.npmjs.org/whatwg-url set size:170765 disposed:false
383 silly placeDep ROOT sparse-bitfield@3.0.3 OK for: @mongodb-js/saslprep@1.4.6 want: ^3.0.3
384 silly fetch manifest memory-pager@^1.0.2
385 silly packumentCache full:https://registry.npmjs.org/memory-pager cache-miss
386 http fetch GET 200 https://registry.npmjs.org/memory-pager 129ms (cache revalidated)
387 silly packumentCache full:https://registry.npmjs.org/memory-pager set size:21090 disposed:false
388 silly placeDep ROOT @types/whatwg-url@8.2.2 OK for: mongodb-connection-string-url@2.6.0 want: ^8.2.1
389 silly placeDep ROOT whatwg-url@11.0.0 OK for: mongodb-connection-string-url@2.6.0 want: ^11.0.0
390 silly fetch manifest @types/node@*
391 silly packumentCache full:https://registry.npmjs.org/@types%2fnode cache-miss
392 silly fetch manifest @types/webidl-conversions@*
393 silly packumentCache full:https://registry.npmjs.org/@types%2fwebidl-conversions cache-miss
394 silly fetch manifest tr46@^3.0.0
395 silly packumentCache full:https://registry.npmjs.org/tr46 cache-miss
396 silly fetch manifest webidl-conversions@^7.0.0
397 silly packumentCache full:https://registry.npmjs.org/webidl-conversions cache-miss
398 http fetch GET 200 https://registry.npmjs.org/webidl-conversions 143ms (cache revalidated)
399 silly packumentCache full:https://registry.npmjs.org/webidl-conversions set size:46073 disposed:false
400 http fetch GET 200 https://registry.npmjs.org/@types%2fwebidl-conversions 151ms (cache revalidated)
401 silly packumentCache full:https://registry.npmjs.org/@types%2fwebidl-conversions set size:22935 disposed:false
402 http fetch GET 200 https://registry.npmjs.org/tr46 152ms (cache revalidated)
403 silly packumentCache full:https://registry.npmjs.org/tr46 set size:47377 disposed:false
404 http fetch GET 200 https://registry.npmjs.org/@types%2fnode 235ms (cache revalidated)
405 silly packumentCache full:https://registry.npmjs.org/@types%2fnode set size:10939971 disposed:false
406 silly placeDep ROOT @types/node@25.5.0 OK for: @types/whatwg-url@8.2.2 want: *
407 silly placeDep ROOT @types/webidl-conversions@7.0.3 OK for: @types/whatwg-url@8.2.2 want: *
408 silly fetch manifest undici-types@~7.18.0
409 silly packumentCache full:https://registry.npmjs.org/undici-types cache-miss
410 http fetch GET 200 https://registry.npmjs.org/undici-types 166ms (cache updated)
411 silly packumentCache full:https://registry.npmjs.org/undici-types set size:undefined disposed:false
412 silly placeDep ROOT undici-types@7.18.2 OK for: @types/node@25.5.0 want: ~7.18.0
413 silly placeDep node_modules/mquery debug@4.4.3 OK for: mquery@5.0.0 want: 4.x
414 silly fetch manifest ms@^2.1.3
415 silly packumentCache full:https://registry.npmjs.org/ms cache-hit
416 silly placeDep ROOT ee-first@1.1.1 OK for: on-finished@2.4.1 want: 1.1.1
417 silly placeDep ROOT forwarded@0.2.0 OK for: proxy-addr@2.0.7 want: 0.2.0
418 silly placeDep ROOT ipaddr.js@1.9.1 OK for: proxy-addr@2.0.7 want: 1.9.1
419 silly placeDep ROOT side-channel@1.1.0 OK for: qs@6.14.2 want: ^1.1.0
420 silly fetch manifest es-errors@^1.3.0
421 silly packumentCache full:https://registry.npmjs.org/es-errors cache-miss
422 silly fetch manifest object-inspect@^1.13.3
423 silly packumentCache full:https://registry.npmjs.org/object-inspect cache-miss
424 silly fetch manifest side-channel-list@^1.0.0
425 silly packumentCache full:https://registry.npmjs.org/side-channel-list cache-miss
426 silly fetch manifest side-channel-map@^1.0.1
427 silly packumentCache full:https://registry.npmjs.org/side-channel-map cache-miss
428 silly fetch manifest side-channel-weakmap@^1.0.2
429 silly packumentCache full:https://registry.npmjs.org/side-channel-weakmap cache-miss
430 http fetch GET 200 https://registry.npmjs.org/side-channel-map 105ms (cache revalidated)
431 silly packumentCache full:https://registry.npmjs.org/side-channel-map set size:9126 disposed:false
432 http fetch GET 200 https://registry.npmjs.org/object-inspect 112ms (cache revalidated)
433 silly packumentCache full:https://registry.npmjs.org/object-inspect set size:101912 disposed:false
434 http fetch GET 200 https://registry.npmjs.org/es-errors 123ms (cache revalidated)
435 silly packumentCache full:https://registry.npmjs.org/es-errors set size:16918 disposed:false
436 http fetch GET 200 https://registry.npmjs.org/side-channel-weakmap 127ms (cache revalidated)
437 silly packumentCache full:https://registry.npmjs.org/side-channel-weakmap set size:12620 disposed:false
438 http fetch GET 200 https://registry.npmjs.org/side-channel-list 142ms (cache revalidated)
439 silly packumentCache full:https://registry.npmjs.org/side-channel-list set size:6005 disposed:false
440 silly placeDep ROOT mime@1.6.0 OK for: send@0.19.2 want: 1.6.0
441 silly placeDep node_modules/send ms@2.1.3 OK for: send@0.19.2 want: 2.1.3
442 silly placeDep ROOT es-errors@1.3.0 OK for: side-channel@1.1.0 want: ^1.3.0
443 silly placeDep ROOT object-inspect@1.13.4 OK for: side-channel@1.1.0 want: ^1.13.3
444 silly placeDep ROOT side-channel-list@1.0.0 OK for: side-channel@1.1.0 want: ^1.0.0
445 silly placeDep ROOT side-channel-map@1.0.1 OK for: side-channel@1.1.0 want: ^1.0.1
446 silly placeDep ROOT side-channel-weakmap@1.0.2 OK for: side-channel@1.1.0 want: ^1.0.2
447 silly fetch manifest call-bound@^1.0.2
448 silly packumentCache full:https://registry.npmjs.org/call-bound cache-miss
449 silly fetch manifest get-intrinsic@^1.2.5
450 silly packumentCache full:https://registry.npmjs.org/get-intrinsic cache-miss
451 silly fetch manifest call-bound@^1.0.2
452 silly packumentCache full:https://registry.npmjs.org/call-bound cache-miss
453 silly fetch manifest get-intrinsic@^1.2.5
454 silly packumentCache full:https://registry.npmjs.org/get-intrinsic cache-miss
455 http fetch GET 200 https://registry.npmjs.org/get-intrinsic 136ms (cache revalidated)
456 silly packumentCache full:https://registry.npmjs.org/get-intrinsic set size:60985 disposed:false
457 http fetch GET 200 https://registry.npmjs.org/get-intrinsic 139ms (cache revalidated)
458 silly packumentCache full:https://registry.npmjs.org/get-intrinsic set size:60985 disposed:false
459 silly packumentCache full:https://registry.npmjs.org/get-intrinsic dispose
460 http fetch GET 200 https://registry.npmjs.org/call-bound 148ms (cache revalidated)
461 silly packumentCache full:https://registry.npmjs.org/call-bound set size:15317 disposed:false
462 http fetch GET 200 https://registry.npmjs.org/call-bound 149ms (cache revalidated)
463 silly packumentCache full:https://registry.npmjs.org/call-bound set size:15317 disposed:false
464 silly packumentCache full:https://registry.npmjs.org/call-bound dispose
465 silly placeDep ROOT call-bound@1.0.4 OK for: side-channel-map@1.0.1 want: ^1.0.2
466 silly placeDep ROOT get-intrinsic@1.3.0 OK for: side-channel-map@1.0.1 want: ^1.2.5
467 silly fetch manifest call-bind-apply-helpers@^1.0.2
468 silly packumentCache full:https://registry.npmjs.org/call-bind-apply-helpers cache-miss
469 silly fetch manifest get-intrinsic@^1.3.0
470 silly packumentCache full:https://registry.npmjs.org/get-intrinsic cache-hit
471 silly fetch manifest gopd@^1.2.0
472 silly packumentCache full:https://registry.npmjs.org/gopd cache-miss
473 silly fetch manifest hasown@^2.0.2
474 silly packumentCache full:https://registry.npmjs.org/hasown cache-miss
475 silly fetch manifest get-proto@^1.0.1
476 silly packumentCache full:https://registry.npmjs.org/get-proto cache-miss
477 silly fetch manifest has-symbols@^1.1.0
478 silly packumentCache full:https://registry.npmjs.org/has-symbols cache-miss
479 silly fetch manifest function-bind@^1.1.2
480 silly packumentCache full:https://registry.npmjs.org/function-bind cache-miss
481 http fetch GET 200 https://registry.npmjs.org/call-bind-apply-helpers 137ms (cache revalidated)
482 silly packumentCache full:https://registry.npmjs.org/call-bind-apply-helpers set size:12744 disposed:false
483 silly fetch manifest es-object-atoms@^1.1.1
484 silly packumentCache full:https://registry.npmjs.org/es-object-atoms cache-miss
485 http fetch GET 200 https://registry.npmjs.org/has-symbols 138ms (cache revalidated)
486 silly packumentCache full:https://registry.npmjs.org/has-symbols set size:21550 disposed:false
487 silly fetch manifest math-intrinsics@^1.1.0
488 silly packumentCache full:https://registry.npmjs.org/math-intrinsics cache-miss
489 http fetch GET 200 https://registry.npmjs.org/get-proto 143ms (cache revalidated)
490 silly packumentCache full:https://registry.npmjs.org/get-proto set size:8300 disposed:false
491 silly fetch manifest es-define-property@^1.0.1
492 silly packumentCache full:https://registry.npmjs.org/es-define-property cache-miss
493 http fetch GET 200 https://registry.npmjs.org/gopd 149ms (cache revalidated)
494 silly packumentCache full:https://registry.npmjs.org/gopd set size:11458 disposed:false
495 http fetch GET 200 https://registry.npmjs.org/hasown 151ms (cache revalidated)
496 silly packumentCache full:https://registry.npmjs.org/hasown set size:12476 disposed:false
497 http fetch GET 200 https://registry.npmjs.org/function-bind 147ms (cache revalidated)
498 silly packumentCache full:https://registry.npmjs.org/function-bind set size:15733 disposed:false
499 http fetch GET 200 https://registry.npmjs.org/es-object-atoms 156ms (cache revalidated)
500 silly packumentCache full:https://registry.npmjs.org/es-object-atoms set size:15304 disposed:false
501 http fetch GET 200 https://registry.npmjs.org/math-intrinsics 154ms (cache revalidated)
502 silly packumentCache full:https://registry.npmjs.org/math-intrinsics set size:9265 disposed:false
503 http fetch GET 200 https://registry.npmjs.org/es-define-property 153ms (cache revalidated)
504 silly packumentCache full:https://registry.npmjs.org/es-define-property set size:8542 disposed:false
505 silly placeDep ROOT call-bind-apply-helpers@1.0.2 OK for: call-bound@1.0.4 want: ^1.0.2
506 silly placeDep ROOT function-bind@1.1.2 OK for: call-bind-apply-helpers@1.0.2 want: ^1.1.2
507 silly placeDep ROOT es-define-property@1.0.1 OK for: get-intrinsic@1.3.0 want: ^1.0.1
508 silly placeDep ROOT es-object-atoms@1.1.1 OK for: get-intrinsic@1.3.0 want: ^1.1.1
509 silly placeDep ROOT get-proto@1.0.1 OK for: get-intrinsic@1.3.0 want: ^1.0.1
510 silly placeDep ROOT gopd@1.2.0 OK for: get-intrinsic@1.3.0 want: ^1.2.0
511 silly placeDep ROOT has-symbols@1.1.0 OK for: get-intrinsic@1.3.0 want: ^1.1.0
512 silly placeDep ROOT hasown@2.0.2 OK for: get-intrinsic@1.3.0 want: ^2.0.2
513 silly placeDep ROOT math-intrinsics@1.1.0 OK for: get-intrinsic@1.3.0 want: ^1.1.0
514 silly fetch manifest dunder-proto@^1.0.1
515 silly packumentCache full:https://registry.npmjs.org/dunder-proto cache-miss
516 http fetch GET 200 https://registry.npmjs.org/dunder-proto 113ms (cache revalidated)
517 silly packumentCache full:https://registry.npmjs.org/dunder-proto set size:8256 disposed:false
518 silly placeDep ROOT dunder-proto@1.0.1 OK for: get-proto@1.0.1 want: ^1.0.1
519 silly placeDep ROOT ip-address@10.1.0 OK for: socks@2.8.7 want: ^10.0.1
520 silly placeDep ROOT smart-buffer@4.2.0 OK for: socks@2.8.7 want: ^4.2.0
521 silly placeDep ROOT memory-pager@1.5.0 OK for: sparse-bitfield@3.0.3 want: ^1.0.2
522 silly placeDep ROOT media-typer@0.3.0 OK for: type-is@1.6.18 want: 0.3.0
523 silly placeDep ROOT tr46@3.0.0 OK for: whatwg-url@11.0.0 want: ^3.0.0
524 silly placeDep ROOT webidl-conversions@7.0.0 OK for: whatwg-url@11.0.0 want: ^7.0.0
525 silly fetch manifest punycode@^2.1.1
526 silly packumentCache full:https://registry.npmjs.org/punycode cache-miss
527 http fetch GET 200 https://registry.npmjs.org/punycode 125ms (cache revalidated)
528 silly packumentCache full:https://registry.npmjs.org/punycode set size:61302 disposed:false
529 silly placeDep ROOT punycode@2.3.1 OK for: tr46@3.0.0 want: ^2.1.1
530 silly placeDep node_modules/mquery ms@2.1.3 OK for: debug@4.4.3 want: ^2.1.3
531 silly reify moves {}
532 silly audit bulk request {
532 silly audit   cors: [ '2.8.6' ],
532 silly audit   express: [ '4.22.1' ],
532 silly audit   mongoose: [ '7.8.9' ],
532 silly audit   'object-assign': [ '4.1.1' ],
532 silly audit   vary: [ '1.1.2' ],
532 silly audit   accepts: [ '1.3.8' ],
532 silly audit   'array-flatten': [ '1.1.1' ],
532 silly audit   'body-parser': [ '1.20.4' ],
532 silly audit   'content-disposition': [ '0.5.4' ],
532 silly audit   'content-type': [ '1.0.5' ],
532 silly audit   cookie: [ '0.7.2' ],
532 silly audit   'cookie-signature': [ '1.0.7' ],
532 silly audit   debug: [ '2.6.9', '4.4.3' ],
532 silly audit   depd: [ '2.0.0' ],
532 silly audit   encodeurl: [ '2.0.0' ],
532 silly audit   'escape-html': [ '1.0.3' ],
532 silly audit   etag: [ '1.8.1' ],
532 silly audit   finalhandler: [ '1.3.2' ],
532 silly audit   fresh: [ '0.5.2' ],
532 silly audit   'http-errors': [ '2.0.1' ],
532 silly audit   'merge-descriptors': [ '1.0.3' ],
532 silly audit   methods: [ '1.1.2' ],
532 silly audit   'on-finished': [ '2.4.1' ],
532 silly audit   parseurl: [ '1.3.3' ],
532 silly audit   'path-to-regexp': [ '0.1.12' ],
532 silly audit   'proxy-addr': [ '2.0.7' ],
532 silly audit   qs: [ '6.14.2' ],
532 silly audit   'range-parser': [ '1.2.1' ],
532 silly audit   'safe-buffer': [ '5.2.1' ],
532 silly audit   send: [ '0.19.2' ],
532 silly audit   'serve-static': [ '1.16.3' ],
532 silly audit   setprototypeof: [ '1.2.0' ],
532 silly audit   statuses: [ '2.0.2' ],
532 silly audit   'type-is': [ '1.6.18' ],
532 silly audit   'utils-merge': [ '1.0.1' ],
532 silly audit   'mime-types': [ '2.1.35' ],
532 silly audit   negotiator: [ '0.6.3' ],
532 silly audit   bytes: [ '3.1.2' ],
532 silly audit   destroy: [ '1.2.0' ],
532 silly audit   'iconv-lite': [ '0.4.24' ],
532 silly audit   'raw-body': [ '2.5.3' ],
532 silly audit   unpipe: [ '1.0.0' ],
532 silly audit   ms: [ '2.0.0', '2.1.3' ],
532 silly audit   inherits: [ '2.0.4' ],
532 silly audit   toidentifier: [ '1.0.1' ],
532 silly audit   'safer-buffer': [ '2.1.2' ],
532 silly audit   'mime-db': [ '1.52.0' ],
532 silly audit   bson: [ '5.5.1' ],
532 silly audit   kareem: [ '2.5.1' ],
532 silly audit   mongodb: [ '5.9.2' ],
532 silly audit   mpath: [ '0.9.0' ],
532 silly audit   mquery: [ '5.0.0' ],
532 silly audit   sift: [ '16.0.1' ],
532 silly audit   '@mongodb-js/saslprep': [ '1.4.6' ],
532 silly audit   'mongodb-connection-string-url': [ '2.6.0' ],
532 silly audit   socks: [ '2.8.7' ],
532 silly audit   'sparse-bitfield': [ '3.0.3' ],
532 silly audit   '@types/whatwg-url': [ '8.2.2' ],
532 silly audit   'whatwg-url': [ '11.0.0' ],
532 silly audit   '@types/node': [ '25.5.0' ],
532 silly audit   '@types/webidl-conversions': [ '7.0.3' ],
532 silly audit   'undici-types': [ '7.18.2' ],
532 silly audit   'ee-first': [ '1.1.1' ],
532 silly audit   forwarded: [ '0.2.0' ],
532 silly audit   'ipaddr.js': [ '1.9.1' ],
532 silly audit   'side-channel': [ '1.1.0' ],
532 silly audit   mime: [ '1.6.0' ],
532 silly audit   'es-errors': [ '1.3.0' ],
532 silly audit   'object-inspect': [ '1.13.4' ],
532 silly audit   'side-channel-list': [ '1.0.0' ],
532 silly audit   'side-channel-map': [ '1.0.1' ],
532 silly audit   'side-channel-weakmap': [ '1.0.2' ],
532 silly audit   'call-bound': [ '1.0.4' ],
532 silly audit   'get-intrinsic': [ '1.3.0' ],
532 silly audit   'call-bind-apply-helpers': [ '1.0.2' ],
532 silly audit   'function-bind': [ '1.1.2' ],
532 silly audit   'es-define-property': [ '1.0.1' ],
532 silly audit   'es-object-atoms': [ '1.1.1' ],
532 silly audit   'get-proto': [ '1.0.1' ],
532 silly audit   gopd: [ '1.2.0' ],
532 silly audit   'has-symbols': [ '1.1.0' ],
532 silly audit   hasown: [ '2.0.2' ],
532 silly audit   'math-intrinsics': [ '1.1.0' ],
532 silly audit   'dunder-proto': [ '1.0.1' ],
532 silly audit   'ip-address': [ '10.1.0' ],
532 silly audit   'smart-buffer': [ '4.2.0' ],
532 silly audit   'memory-pager': [ '1.5.0' ],
532 silly audit   'media-typer': [ '0.3.0' ],
532 silly audit   tr46: [ '3.0.0' ],
532 silly audit   'webidl-conversions': [ '7.0.0' ],
532 silly audit   punycode: [ '2.3.1' ]
532 silly audit }
533 http cache punycode@https://registry.npmjs.org/punycode/-/punycode-2.3.1.tgz 0ms (cache hit)
534 http cache webidl-conversions@https://registry.npmjs.org/webidl-conversions/-/webidl-conversions-7.0.0.tgz 0ms (cache hit)
535 http cache media-typer@https://registry.npmjs.org/media-typer/-/media-typer-0.3.0.tgz 0ms (cache hit)
536 http cache tr46@https://registry.npmjs.org/tr46/-/tr46-3.0.0.tgz 0ms (cache hit)
537 http cache memory-pager@https://registry.npmjs.org/memory-pager/-/memory-pager-1.5.0.tgz 0ms (cache hit)
538 http cache smart-buffer@https://registry.npmjs.org/smart-buffer/-/smart-buffer-4.2.0.tgz 0ms (cache hit)
539 http cache ip-address@https://registry.npmjs.org/ip-address/-/ip-address-10.1.0.tgz 0ms (cache hit)
540 http cache math-intrinsics@https://registry.npmjs.org/math-intrinsics/-/math-intrinsics-1.1.0.tgz 0ms (cache hit)
541 http cache dunder-proto@https://registry.npmjs.org/dunder-proto/-/dunder-proto-1.0.1.tgz 0ms (cache hit)
542 http cache hasown@https://registry.npmjs.org/hasown/-/hasown-2.0.2.tgz 0ms (cache hit)
543 http cache has-symbols@https://registry.npmjs.org/has-symbols/-/has-symbols-1.1.0.tgz 0ms (cache hit)
544 http cache gopd@https://registry.npmjs.org/gopd/-/gopd-1.2.0.tgz 0ms (cache hit)
545 http cache get-proto@https://registry.npmjs.org/get-proto/-/get-proto-1.0.1.tgz 0ms (cache hit)
546 http cache es-object-atoms@https://registry.npmjs.org/es-object-atoms/-/es-object-atoms-1.1.1.tgz 0ms (cache hit)
547 http cache es-define-property@https://registry.npmjs.org/es-define-property/-/es-define-property-1.0.1.tgz 0ms (cache hit)
548 http cache function-bind@https://registry.npmjs.org/function-bind/-/function-bind-1.1.2.tgz 0ms (cache hit)
549 http cache call-bind-apply-helpers@https://registry.npmjs.org/call-bind-apply-helpers/-/call-bind-apply-helpers-1.0.2.tgz 0ms (cache hit)
550 http cache call-bound@https://registry.npmjs.org/call-bound/-/call-bound-1.0.4.tgz 0ms (cache hit)
551 http cache side-channel-map@https://registry.npmjs.org/side-channel-map/-/side-channel-map-1.0.1.tgz 0ms (cache hit)
552 http cache side-channel-list@https://registry.npmjs.org/side-channel-list/-/side-channel-list-1.0.0.tgz 0ms (cache hit)
553 http cache get-intrinsic@https://registry.npmjs.org/get-intrinsic/-/get-intrinsic-1.3.0.tgz 0ms (cache hit)
554 http cache object-inspect@https://registry.npmjs.org/object-inspect/-/object-inspect-1.13.4.tgz 0ms (cache hit)
555 http cache es-errors@https://registry.npmjs.org/es-errors/-/es-errors-1.3.0.tgz 0ms (cache hit)
556 http cache mime@https://registry.npmjs.org/mime/-/mime-1.6.0.tgz 0ms (cache hit)
557 http cache side-channel@https://registry.npmjs.org/side-channel/-/side-channel-1.1.0.tgz 0ms (cache hit)
558 http cache ipaddr.js@https://registry.npmjs.org/ipaddr.js/-/ipaddr.js-1.9.1.tgz 0ms (cache hit)
559 http cache forwarded@https://registry.npmjs.org/forwarded/-/forwarded-0.2.0.tgz 0ms (cache hit)
560 http cache ee-first@https://registry.npmjs.org/ee-first/-/ee-first-1.1.1.tgz 0ms (cache hit)
561 http cache undici-types@https://registry.npmjs.org/undici-types/-/undici-types-7.18.2.tgz 0ms (cache hit)
562 http cache @types/node@https://registry.npmjs.org/@types/node/-/node-25.5.0.tgz 0ms (cache hit)
563 http cache whatwg-url@https://registry.npmjs.org/whatwg-url/-/whatwg-url-11.0.0.tgz 0ms (cache hit)
564 http cache @types/whatwg-url@https://registry.npmjs.org/@types/whatwg-url/-/whatwg-url-8.2.2.tgz 0ms (cache hit)
565 http cache side-channel-weakmap@https://registry.npmjs.org/side-channel-weakmap/-/side-channel-weakmap-1.0.2.tgz 0ms (cache hit)
566 http cache sparse-bitfield@https://registry.npmjs.org/sparse-bitfield/-/sparse-bitfield-3.0.3.tgz 0ms (cache hit)
567 http cache socks@https://registry.npmjs.org/socks/-/socks-2.8.7.tgz 0ms (cache hit)
568 http cache mongodb-connection-string-url@https://registry.npmjs.org/mongodb-connection-string-url/-/mongodb-connection-string-url-2.6.0.tgz 0ms (cache hit)
569 http cache @mongodb-js/saslprep@https://registry.npmjs.org/@mongodb-js/saslprep/-/saslprep-1.4.6.tgz 0ms (cache hit)
570 http cache sift@https://registry.npmjs.org/sift/-/sift-16.0.1.tgz 1ms (cache hit)
571 http cache mquery@https://registry.npmjs.org/mquery/-/mquery-5.0.0.tgz 0ms (cache hit)
572 http cache mpath@https://registry.npmjs.org/mpath/-/mpath-0.9.0.tgz 0ms (cache hit)
573 http cache mongodb@https://registry.npmjs.org/mongodb/-/mongodb-5.9.2.tgz 0ms (cache hit)
574 http cache kareem@https://registry.npmjs.org/kareem/-/kareem-2.5.1.tgz 0ms (cache hit)
575 http cache bson@https://registry.npmjs.org/bson/-/bson-5.5.1.tgz 0ms (cache hit)
576 http cache mime-db@https://registry.npmjs.org/mime-db/-/mime-db-1.52.0.tgz 0ms (cache hit)
577 http cache safer-buffer@https://registry.npmjs.org/safer-buffer/-/safer-buffer-2.1.2.tgz 0ms (cache hit)
578 http cache toidentifier@https://registry.npmjs.org/toidentifier/-/toidentifier-1.0.1.tgz 0ms (cache hit)
579 http cache inherits@https://registry.npmjs.org/inherits/-/inherits-2.0.4.tgz 0ms (cache hit)
580 http cache ms@https://registry.npmjs.org/ms/-/ms-2.0.0.tgz 0ms (cache hit)
581 http cache unpipe@https://registry.npmjs.org/unpipe/-/unpipe-1.0.0.tgz 0ms (cache hit)
582 http cache raw-body@https://registry.npmjs.org/raw-body/-/raw-body-2.5.3.tgz 0ms (cache hit)
583 http cache iconv-lite@https://registry.npmjs.org/iconv-lite/-/iconv-lite-0.4.24.tgz 0ms (cache hit)
584 http cache destroy@https://registry.npmjs.org/destroy/-/destroy-1.2.0.tgz 0ms (cache hit)
585 http cache bytes@https://registry.npmjs.org/bytes/-/bytes-3.1.2.tgz 0ms (cache hit)
586 http cache mime-types@https://registry.npmjs.org/mime-types/-/mime-types-2.1.35.tgz 0ms (cache hit)
587 http cache negotiator@https://registry.npmjs.org/negotiator/-/negotiator-0.6.3.tgz 0ms (cache hit)
588 http cache utils-merge@https://registry.npmjs.org/utils-merge/-/utils-merge-1.0.1.tgz 0ms (cache hit)
589 http cache type-is@https://registry.npmjs.org/type-is/-/type-is-1.6.18.tgz 0ms (cache hit)
590 http cache statuses@https://registry.npmjs.org/statuses/-/statuses-2.0.2.tgz 0ms (cache hit)
591 http cache setprototypeof@https://registry.npmjs.org/setprototypeof/-/setprototypeof-1.2.0.tgz 0ms (cache hit)
592 http cache serve-static@https://registry.npmjs.org/serve-static/-/serve-static-1.16.3.tgz 0ms (cache hit)
593 http cache send@https://registry.npmjs.org/send/-/send-0.19.2.tgz 0ms (cache hit)
594 http cache safe-buffer@https://registry.npmjs.org/safe-buffer/-/safe-buffer-5.2.1.tgz 0ms (cache hit)
595 http cache range-parser@https://registry.npmjs.org/range-parser/-/range-parser-1.2.1.tgz 0ms (cache hit)
596 http cache qs@https://registry.npmjs.org/qs/-/qs-6.14.2.tgz 0ms (cache hit)
597 http cache proxy-addr@https://registry.npmjs.org/proxy-addr/-/proxy-addr-2.0.7.tgz 0ms (cache hit)
598 http cache path-to-regexp@https://registry.npmjs.org/path-to-regexp/-/path-to-regexp-0.1.12.tgz 0ms (cache hit)
599 http cache parseurl@https://registry.npmjs.org/parseurl/-/parseurl-1.3.3.tgz 0ms (cache hit)
600 http cache methods@https://registry.npmjs.org/methods/-/methods-1.1.2.tgz 0ms (cache hit)
601 http cache on-finished@https://registry.npmjs.org/on-finished/-/on-finished-2.4.1.tgz 0ms (cache hit)
602 http cache merge-descriptors@https://registry.npmjs.org/merge-descriptors/-/merge-descriptors-1.0.3.tgz 1ms (cache hit)
603 http cache http-errors@https://registry.npmjs.org/http-errors/-/http-errors-2.0.1.tgz 0ms (cache hit)
604 http cache fresh@https://registry.npmjs.org/fresh/-/fresh-0.5.2.tgz 0ms (cache hit)
605 http cache finalhandler@https://registry.npmjs.org/finalhandler/-/finalhandler-1.3.2.tgz 0ms (cache hit)
606 http cache etag@https://registry.npmjs.org/etag/-/etag-1.8.1.tgz 0ms (cache hit)
607 http cache escape-html@https://registry.npmjs.org/escape-html/-/escape-html-1.0.3.tgz 0ms (cache hit)
608 http cache encodeurl@https://registry.npmjs.org/encodeurl/-/encodeurl-2.0.0.tgz 0ms (cache hit)
609 http cache depd@https://registry.npmjs.org/depd/-/depd-2.0.0.tgz 0ms (cache hit)
610 http cache debug@https://registry.npmjs.org/debug/-/debug-2.6.9.tgz 0ms (cache hit)
611 http cache cookie-signature@https://registry.npmjs.org/cookie-signature/-/cookie-signature-1.0.7.tgz 0ms (cache hit)
612 http cache cookie@https://registry.npmjs.org/cookie/-/cookie-0.7.2.tgz 0ms (cache hit)
613 http cache content-type@https://registry.npmjs.org/content-type/-/content-type-1.0.5.tgz 0ms (cache hit)
614 http cache content-disposition@https://registry.npmjs.org/content-disposition/-/content-disposition-0.5.4.tgz 0ms (cache hit)
615 http cache body-parser@https://registry.npmjs.org/body-parser/-/body-parser-1.20.4.tgz 0ms (cache hit)
616 http cache array-flatten@https://registry.npmjs.org/array-flatten/-/array-flatten-1.1.1.tgz 0ms (cache hit)
617 http cache accepts@https://registry.npmjs.org/accepts/-/accepts-1.3.8.tgz 0ms (cache hit)
618 http cache vary@https://registry.npmjs.org/vary/-/vary-1.1.2.tgz 0ms (cache hit)
619 http cache object-assign@https://registry.npmjs.org/object-assign/-/object-assign-4.1.1.tgz 0ms (cache hit)
620 http cache mongoose@https://registry.npmjs.org/mongoose/-/mongoose-7.8.9.tgz 0ms (cache hit)
621 http cache express@https://registry.npmjs.org/express/-/express-4.22.1.tgz 0ms (cache hit)
622 http cache cors@https://registry.npmjs.org/cors/-/cors-2.8.6.tgz 0ms (cache hit)
623 http cache ms@https://registry.npmjs.org/ms/-/ms-2.1.3.tgz 0ms (cache hit)
624 http cache debug@https://registry.npmjs.org/debug/-/debug-4.4.3.tgz 0ms (cache hit)
625 http cache ms@https://registry.npmjs.org/ms/-/ms-2.1.3.tgz 0ms (cache hit)
626 http cache @types/webidl-conversions@https://registry.npmjs.org/@types/webidl-conversions/-/webidl-conversions-7.0.3.tgz 0ms (cache hit)
627 silly tarball no local data for tr46@https://registry.npmjs.org/tr46/-/tr46-3.0.0.tgz. Extracting by manifest.
628 http cache ms@https://registry.npmjs.org/ms/-/ms-2.1.3.tgz 0ms (cache hit)
629 silly tarball no local data for whatwg-url@https://registry.npmjs.org/whatwg-url/-/whatwg-url-11.0.0.tgz. Extracting by manifest.
630 silly tarball no local data for @types/whatwg-url@https://registry.npmjs.org/@types/whatwg-url/-/whatwg-url-8.2.2.tgz. Extracting by manifest.
631 silly tarball no local data for mongodb-connection-string-url@https://registry.npmjs.org/mongodb-connection-string-url/-/mongodb-connection-string-url-2.6.0.tgz. Extracting by manifest.
632 silly tarball no local data for sift@https://registry.npmjs.org/sift/-/sift-16.0.1.tgz. Extracting by manifest.
633 silly tarball no local data for mquery@https://registry.npmjs.org/mquery/-/mquery-5.0.0.tgz. Extracting by manifest.
634 silly tarball no local data for mongodb@https://registry.npmjs.org/mongodb/-/mongodb-5.9.2.tgz. Extracting by manifest.
635 silly tarball no local data for kareem@https://registry.npmjs.org/kareem/-/kareem-2.5.1.tgz. Extracting by manifest.
636 silly tarball no local data for bson@https://registry.npmjs.org/bson/-/bson-5.5.1.tgz. Extracting by manifest.
637 silly tarball no local data for mongoose@https://registry.npmjs.org/mongoose/-/mongoose-7.8.9.tgz. Extracting by manifest.
638 http fetch GET 200 https://registry.npmjs.org/@types/whatwg-url/-/whatwg-url-8.2.2.tgz 328ms (cache miss)
639 http fetch GET 200 https://registry.npmjs.org/mongodb-connection-string-url/-/mongodb-connection-string-url-2.6.0.tgz 340ms (cache miss)
640 http fetch GET 200 https://registry.npmjs.org/tr46/-/tr46-3.0.0.tgz 379ms (cache miss)
641 http fetch GET 200 https://registry.npmjs.org/whatwg-url/-/whatwg-url-11.0.0.tgz 384ms (cache miss)
642 http fetch GET 200 https://registry.npmjs.org/sift/-/sift-16.0.1.tgz 411ms (cache miss)
643 http fetch POST 200 https://registry.npmjs.org/-/npm/v1/security/advisories/bulk 506ms
644 silly audit report {}
645 http fetch GET 200 https://registry.npmjs.org/kareem/-/kareem-2.5.1.tgz 507ms (cache miss)
646 http fetch GET 200 https://registry.npmjs.org/mquery/-/mquery-5.0.0.tgz 526ms (cache miss)
647 http fetch GET 200 https://registry.npmjs.org/bson/-/bson-5.5.1.tgz 800ms (cache miss)
648 http fetch GET 200 https://registry.npmjs.org/mongoose/-/mongoose-7.8.9.tgz 884ms (cache miss)
649 http fetch GET 200 https://registry.npmjs.org/mongodb/-/mongodb-5.9.2.tgz 937ms (cache miss)
650 silly ADD node_modules/punycode
651 silly ADD node_modules/webidl-conversions
652 silly ADD node_modules/tr46
653 silly ADD node_modules/media-typer
654 silly ADD node_modules/memory-pager
655 silly ADD node_modules/smart-buffer
656 silly ADD node_modules/ip-address
657 silly ADD node_modules/dunder-proto
658 silly ADD node_modules/math-intrinsics
659 silly ADD node_modules/hasown
660 silly ADD node_modules/has-symbols
661 silly ADD node_modules/gopd
662 silly ADD node_modules/get-proto
663 silly ADD node_modules/es-object-atoms
664 silly ADD node_modules/es-define-property
665 silly ADD node_modules/function-bind
666 silly ADD node_modules/call-bind-apply-helpers
667 silly ADD node_modules/get-intrinsic
668 silly ADD node_modules/call-bound
669 silly ADD node_modules/side-channel-weakmap
670 silly ADD node_modules/side-channel-map
671 silly ADD node_modules/side-channel-list
672 silly ADD node_modules/object-inspect
673 silly ADD node_modules/es-errors
674 silly ADD node_modules/mime
675 silly ADD node_modules/side-channel
676 silly ADD node_modules/ipaddr.js
677 silly ADD node_modules/forwarded
678 silly ADD node_modules/ee-first
679 silly ADD node_modules/undici-types
680 silly ADD node_modules/@types/webidl-conversions
681 silly ADD node_modules/@types/node
682 silly ADD node_modules/whatwg-url
683 silly ADD node_modules/@types/whatwg-url
684 silly ADD node_modules/sparse-bitfield
685 silly ADD node_modules/socks
686 silly ADD node_modules/mongodb-connection-string-url
687 silly ADD node_modules/@mongodb-js/saslprep
688 silly ADD node_modules/sift
689 silly ADD node_modules/mquery
690 silly ADD node_modules/mquery/node_modules/ms
691 silly ADD node_modules/mquery/node_modules/debug
692 silly ADD node_modules/mpath
693 silly ADD node_modules/mongodb
694 silly ADD node_modules/kareem
695 silly ADD node_modules/bson
696 silly ADD node_modules/mime-db
697 silly ADD node_modules/safer-buffer
698 silly ADD node_modules/toidentifier
699 silly ADD node_modules/inherits
700 silly ADD node_modules/ms
701 silly ADD node_modules/unpipe
702 silly ADD node_modules/raw-body
703 silly ADD node_modules/iconv-lite
704 silly ADD node_modules/destroy
705 silly ADD node_modules/bytes
706 silly ADD node_modules/negotiator
707 silly ADD node_modules/mime-types
708 silly ADD node_modules/utils-merge
709 silly ADD node_modules/type-is
710 silly ADD node_modules/statuses
711 silly ADD node_modules/setprototypeof
712 silly ADD node_modules/serve-static
713 silly ADD node_modules/send
714 silly ADD node_modules/send/node_modules/ms
715 silly ADD node_modules/safe-buffer
716 silly ADD node_modules/range-parser
717 silly ADD node_modules/qs
718 silly ADD node_modules/proxy-addr
719 silly ADD node_modules/path-to-regexp
720 silly ADD node_modules/parseurl
721 silly ADD node_modules/on-finished
722 silly ADD node_modules/methods
723 silly ADD node_modules/merge-descriptors
724 silly ADD node_modules/http-errors
725 silly ADD node_modules/fresh
726 silly ADD node_modules/finalhandler
727 silly ADD node_modules/etag
728 silly ADD node_modules/escape-html
729 silly ADD node_modules/encodeurl
730 silly ADD node_modules/depd
731 silly ADD node_modules/debug
732 silly ADD node_modules/cookie-signature
733 silly ADD node_modules/cookie
734 silly ADD node_modules/content-type
735 silly ADD node_modules/content-disposition
736 silly ADD node_modules/body-parser
737 silly ADD node_modules/array-flatten
738 silly ADD node_modules/accepts
739 silly ADD node_modules/vary
740 silly ADD node_modules/object-assign
741 silly ADD node_modules/mongoose
742 silly ADD node_modules/mongoose/node_modules/ms
743 silly ADD node_modules/express
744 silly ADD node_modules/cors
745 verbose cwd /data/data/com.termux/files/home
746 verbose os Linux 5.15.178-android13-8-31998796-abF731BXXU5FYI9
747 verbose node v25.8.1
748 verbose npm  v11.12.0
749 verbose exit 0
750 info ok
