0 verbose cli /data/data/com.termux/files/usr/bin/node /data/data/com.termux/files/usr/bin/npm
1 info using npm@11.12.0
2 info using node@v25.8.1
3 silly config load:file:/data/data/com.termux/files/usr/lib/node_modules/npm/npmrc
4 silly config load:file:/data/data/com.termux/files/home/.npmrc
5 silly config load:file:/data/data/com.termux/files/usr/etc/npmrc
6 verbose title npm install express mongoose cors
7 verbose argv "install" "express" "mongoose" "cors"
8 verbose logfile logs-max:10 dir:/data/data/com.termux/files/home/.npm/_logs/2026-03-25T17_51_38_984Z-
9 verbose logfile /data/data/com.termux/files/home/.npm/_logs/2026-03-25T17_51_38_984Z-debug-0.log
10 silly logfile done cleaning log files
11 silly packumentCache heap:1174405120 maxSize:293601280 maxEntrySize:146800640
12 silly idealTree buildDeps
13 silly fetch manifest express@^4.18.2
14 silly packumentCache full:https://registry.npmjs.org/express cache-miss
15 http fetch GET 200 https://registry.npmjs.org/express 612ms (cache revalidated)
16 silly packumentCache full:https://registry.npmjs.org/express set size:801261 disposed:false
17 silly fetch manifest mongoose@^7.0.0
18 silly packumentCache full:https://registry.npmjs.org/mongoose cache-miss
19 http fetch GET 200 https://registry.npmjs.org/mongoose 787ms (cache updated)
20 silly packumentCache full:https://registry.npmjs.org/mongoose set size:undefined disposed:false
21 silly fetch manifest cors@^2.8.5
22 silly packumentCache full:https://registry.npmjs.org/cors cache-miss
23 http fetch GET 200 https://registry.npmjs.org/cors 127ms (cache revalidated)
24 silly packumentCache full:https://registry.npmjs.org/cors set size:77956 disposed:false
25 silly placeDep ROOT cors@2.8.6 REPLACE for: m55club@1.0.0 want: ^2.8.5
26 silly placeDep ROOT express@4.22.1 REPLACE for: m55club@1.0.0 want: ^4.18.2
27 silly placeDep ROOT mongoose@7.8.9 REPLACE for: m55club@1.0.0 want: ^7.0.0
28 silly reify moves {}
29 silly audit bulk request {
29 silly audit   '@mongodb-js/saslprep': [ '1.4.6' ],
29 silly audit   '@types/node': [ '25.5.0' ],
29 silly audit   '@types/webidl-conversions': [ '7.0.3' ],
29 silly audit   '@types/whatwg-url': [ '8.2.2' ],
29 silly audit   accepts: [ '1.3.8' ],
29 silly audit   'array-flatten': [ '1.1.1' ],
29 silly audit   'body-parser': [ '1.20.4' ],
29 silly audit   bson: [ '5.5.1' ],
29 silly audit   bytes: [ '3.1.2' ],
29 silly audit   'call-bind-apply-helpers': [ '1.0.2' ],
29 silly audit   'call-bound': [ '1.0.4' ],
29 silly audit   'content-disposition': [ '0.5.4' ],
29 silly audit   'content-type': [ '1.0.5' ],
29 silly audit   cookie: [ '0.7.2' ],
29 silly audit   'cookie-signature': [ '1.0.7' ],
29 silly audit   debug: [ '2.6.9', '4.4.3' ],
29 silly audit   depd: [ '2.0.0' ],
29 silly audit   destroy: [ '1.2.0' ],
29 silly audit   'dunder-proto': [ '1.0.1' ],
29 silly audit   'ee-first': [ '1.1.1' ],
29 silly audit   encodeurl: [ '2.0.0' ],
29 silly audit   'es-define-property': [ '1.0.1' ],
29 silly audit   'es-errors': [ '1.3.0' ],
29 silly audit   'es-object-atoms': [ '1.1.1' ],
29 silly audit   'escape-html': [ '1.0.3' ],
29 silly audit   etag: [ '1.8.1' ],
29 silly audit   finalhandler: [ '1.3.2' ],
29 silly audit   forwarded: [ '0.2.0' ],
29 silly audit   fresh: [ '0.5.2' ],
29 silly audit   'function-bind': [ '1.1.2' ],
29 silly audit   'get-intrinsic': [ '1.3.0' ],
29 silly audit   'get-proto': [ '1.0.1' ],
29 silly audit   gopd: [ '1.2.0' ],
29 silly audit   'has-symbols': [ '1.1.0' ],
29 silly audit   hasown: [ '2.0.2' ],
29 silly audit   'http-errors': [ '2.0.1' ],
29 silly audit   'iconv-lite': [ '0.4.24' ],
29 silly audit   inherits: [ '2.0.4' ],
29 silly audit   'ip-address': [ '10.1.0' ],
29 silly audit   'ipaddr.js': [ '1.9.1' ],
29 silly audit   kareem: [ '2.5.1' ],
29 silly audit   'math-intrinsics': [ '1.1.0' ],
29 silly audit   'media-typer': [ '0.3.0' ],
29 silly audit   'memory-pager': [ '1.5.0' ],
29 silly audit   'merge-descriptors': [ '1.0.3' ],
29 silly audit   methods: [ '1.1.2' ],
29 silly audit   mime: [ '1.6.0' ],
29 silly audit   'mime-db': [ '1.52.0' ],
29 silly audit   'mime-types': [ '2.1.35' ],
29 silly audit   mongodb: [ '5.9.2' ],
29 silly audit   'mongodb-connection-string-url': [ '2.6.0' ],
29 silly audit   ms: [ '2.1.3', '2.0.0' ],
29 silly audit   mpath: [ '0.9.0' ],
29 silly audit   mquery: [ '5.0.0' ],
29 silly audit   negotiator: [ '0.6.3' ],
29 silly audit   'object-assign': [ '4.1.1' ],
29 silly audit   'object-inspect': [ '1.13.4' ],
29 silly audit   'on-finished': [ '2.4.1' ],
29 silly audit   parseurl: [ '1.3.3' ],
29 silly audit   'path-to-regexp': [ '0.1.12' ],
29 silly audit   'proxy-addr': [ '2.0.7' ],
29 silly audit   punycode: [ '2.3.1' ],
29 silly audit   qs: [ '6.14.2' ],
29 silly audit   'range-parser': [ '1.2.1' ],
29 silly audit   'raw-body': [ '2.5.3' ],
29 silly audit   'safe-buffer': [ '5.2.1' ],
29 silly audit   'safer-buffer': [ '2.1.2' ],
29 silly audit   send: [ '0.19.2' ],
29 silly audit   'serve-static': [ '1.16.3' ],
29 silly audit   setprototypeof: [ '1.2.0' ],
29 silly audit   'side-channel': [ '1.1.0' ],
29 silly audit   'side-channel-list': [ '1.0.0' ],
29 silly audit   'side-channel-map': [ '1.0.1' ],
29 silly audit   'side-channel-weakmap': [ '1.0.2' ],
29 silly audit   sift: [ '16.0.1' ],
29 silly audit   'smart-buffer': [ '4.2.0' ],
29 silly audit   socks: [ '2.8.7' ],
29 silly audit   'sparse-bitfield': [ '3.0.3' ],
29 silly audit   statuses: [ '2.0.2' ],
29 silly audit   toidentifier: [ '1.0.1' ],
29 silly audit   tr46: [ '3.0.0' ],
29 silly audit   'type-is': [ '1.6.18' ],
29 silly audit   'undici-types': [ '7.18.2' ],
29 silly audit   unpipe: [ '1.0.0' ],
29 silly audit   'utils-merge': [ '1.0.1' ],
29 silly audit   vary: [ '1.1.2' ],
29 silly audit   'webidl-conversions': [ '7.0.0' ],
29 silly audit   'whatwg-url': [ '11.0.0' ],
29 silly audit   cors: [ '2.8.6' ],
29 silly audit   express: [ '4.22.1' ],
29 silly audit   mongoose: [ '7.8.9' ]
29 silly audit }
30 http fetch POST 200 https://registry.npmjs.org/-/npm/v1/security/advisories/bulk 391ms
31 silly audit report {}
32 verbose cwd /data/data/com.termux/files/home
33 verbose os Linux 5.15.178-android13-8-31998796-abF731BXXU5FYI9
34 verbose node v25.8.1
35 verbose npm  v11.12.0
36 verbose exit 0
37 info ok
